train.csv
id,week,center_id,meal_id,checkout_price,base_price,emailer_for_promotion,homepage_featured,num_orders
1258778,5,13,2306,339.53,339.53,0,0,135
1124474,18,13,2306,243.5,338.53,0,0,270
1364107,20,13,2306,242.5,339.53,0,1,148
1175131,35,13,2306,244.5,338.53,0,0,229
1156098,38,13,2306,340.53,340.53,0,0,271
1395643,42,13,2306,243.5,339.53,0,1,204
1078235,51,13,2306,339.53,340.53,0,0,55
1206654,68,13,2306,243.5,339.53,0,0,135
1180911,70,13,2306,243.5,340.53,1,1,285
1060854,80,13,2306,349.26,349.26,0,0,95
1338906,87,13,2306,244.5,347.26,0,0,312
1361390,103,13,2306,244.5,349.26,0,0,243
1183046,110,13,2306,359.93,357.93,0,0,82
1449115,120,13,2306,335.62,337.62,0,0,95
1389597,121,13,2306,337.62,336.62,0,1,176
1427192,122,13,2306,235.71,336.62,1,0,243
1146981,126,13,2306,323.98,325.98,0,0,27
1430358,130,13,2306,336.62,337.62,0,0,108
1056355,139,13,2306,185.3,335.62,0,0,135
1484821,142,13,2306,336.62,337.62,0,0,123
1173316,143,13,2306,291.03,335.62,0,0,54
1031615,5,13,1216,455.93,454.93,0,0,123
1493517,18,13,1216,407.43,406.43,0,0,14
1330298,20,13,1216,407.43,406.43,0,0,42
1217341,35,13,1216,342.44,397.73,1,0,204
1080415,38,13,1216,338.59,397.73,0,0,175
1103417,42,13,1216,372.51,371.51,0,0,121
1309831,51,13,1216,407.43,407.43,0,0,80
1335556,68,13,1216,408.43,407.43,0,0,149
1485187,70,13,1216,408.43,408.43,0,0,176
1289431,74,13,1216,382.24,382.24,0,0,53
1293784,80,13,1216,406.43,406.43,0,0,67
1001867,87,13,1216,408.43,407.43,0,0,188
1035428,103,13,1216,387.03,388.03,0,0,42
1467409,110,13,1216,346.29,389.03,0,0,163
1452078,120,13,1216,418.13,417.13,0,0,109
1068565,121,13,1216,418.13,418.13,0,0,176
1069832,122,13,1216,416.13,416.13,0,0,162
1392660,126,13,1216,338.53,416.13,0,0,175
1373339,130,13,1216,417.13,417.13,0,0,177
1258561,139,13,1216,311.37,417.13,0,0,243
1417333,142,13,1216,417.13,418.13,0,0,161
1351030,143,13,1216,294.88,417.13,1,0,324
1124530,5,13,2826,328.83,328.83,0,0,838
1340441,18,13,2826,194.97,321.13,1,1,4362
1285218,20,13,2826,320.16,319.16,0,0,1026
1292765,35,13,2826,320.16,318.16,0,0,365
1173314,38,13,2826,319.13,321.13,0,0,1527
1452042,42,13,2826,321.13,321.13,0,0,1498
1015727,51,13,2826,321.13,319.13,0,0,837
1212956,68,13,2826,319.16,319.16,0,0,1160
1040035,70,13,2826,319.13,320.13,0,0,850
1201793,71,13,2826,321.13,319.13,0,0,878
1475963,74,13,2826,319.19,319.19,0,0,1120
1422983,80,13,2826,311.4,310.4,0,0,730
1451959,87,13,2826,321.13,319.13,0,0,1066
1026209,103,13,2826,329.86,328.86,0,0,809
1151591,110,13,2826,242.5,305.61,1,1,2053
1018387,120,13,2826,348.29,347.29,0,0,906
1235056,121,13,2826,346.29,346.29,0,0,879
1419817,122,13,2826,347.29,348.29,0,0,890
1255161,126,13,2826,348.29,348.29,0,0,1161
1383878,130,13,2826,343.41,344.41,0,0,1133
1096452,139,13,2826,377.33,378.33,0,0,1215
1410130,142,13,2826,377.33,379.33,0,0,986
1217990,143,13,2826,379.33,377.33,0,0,998
1294000,5,13,1754,197.91,290.03,0,0,419
1278545,18,13,1754,192.12,291.03,1,1,3739
1110379,20,13,1754,256.14,292.03,0,0,1040
1006685,35,13,1754,286.18,287.18,0,0,296
1166211,38,13,1754,285.21,286.21,0,0,809
1445568,42,13,1754,309.43,309.43,0,0,647
1298844,51,13,1754,311.43,310.43,0,0,485
1205530,68,13,1754,194.06,272.6,1,1,4672
1468054,70,13,1754,188.24,271.6,1,0,2309
1303975,71,13,1754,191.09,272.6,0,1,1930
1391319,74,13,1754,279.36,280.36,0,0,1121
1450050,80,13,1754,274.51,276.51,0,0,1187
1169450,87,13,1754,309.46,308.46,0,0,540
1392698,103,13,1754,314.28,314.28,0,0,609
1303168,110,13,1754,241.59,291,1,1,2012
1222421,120,13,1754,320.16,319.16,0,0,649
1145000,121,13,1754,320.16,318.16,0,0,838
1175079,122,13,1754,303.64,304.64,0,0,811
1203456,126,13,1754,314.31,314.31,0,0,919
1353481,130,13,1754,297.82,296.82,0,0,945
1225095,139,13,1754,318.16,318.16,0,0,917
1217776,142,13,1754,319.16,319.16,0,0,1027
1280599,143,13,1754,318.16,320.16,0,0,1133
1040384,5,13,1971,329.83,328.83,0,0,351
1366612,18,13,1971,312.4,312.4,0,0,269
1094211,20,13,1971,310.4,310.4,0,0,244
1407610,35,13,1971,311.4,311.4,0,0,458
1116392,38,13,1971,312.4,311.4,0,0,352
1025787,42,13,1971,242.53,312.4,0,0,568
1060204,51,13,1971,310.4,310.4,0,0,312
1417864,68,13,1971,191.09,291.03,1,1,3713
1052536,70,13,1971,193.09,292.03,1,0,1782
1043260,71,13,1971,191.09,292.03,0,1,2295
1235679,74,13,1971,291.03,292.03,0,0,811
1347696,80,13,1971,291.03,291.03,0,0,647
1391082,103,13,1971,323.04,322.04,0,0,391
1498274,110,13,1971,322.1,322.1,0,0,581
1038470,120,13,1971,323.04,324.04,0,0,271
1131962,121,13,1971,191.09,324.04,1,1,2445
1150257,122,13,1971,194.06,322.04,1,0,1756
1353650,126,13,1971,323.04,323.04,0,0,379
1010568,130,13,1971,324.04,324.04,0,0,365
1055180,139,13,1971,329.86,329.86,0,0,325
1156518,142,13,1971,329.86,327.86,0,0,337
1489809,143,13,1971,345.35,345.35,0,0,379
1025689,5,13,1902,445.23,445.23,0,0,69
1034421,18,13,1902,398.7,398.7,0,0,107
1141434,20,13,1902,445.23,446.23,0,0,13
1469525,35,13,1902,446.23,446.23,0,0,14
1456092,38,13,1902,447.23,447.23,0,0,80
1141755,42,13,1902,447.23,447.23,0,0,68
1298304,51,13,1902,446.23,447.23,0,0,54
1156751,68,13,1902,418.13,418.13,0,0,121
1255572,70,13,1902,416.13,418.13,0,0,67
1384674,71,13,1902,418.13,417.13,0,0,42
1170251,74,13,1902,445.23,446.23,0,0,41
1387080,80,13,1902,447.23,446.23,0,0,82
1376350,103,13,1902,446.23,447.23,0,0,41
1164630,110,13,1902,445.23,447.23,0,0,40
1052965,120,13,1902,387.03,446.23,0,0,80
1096135,121,13,1902,387.03,446.23,0,0,123
1284423,122,13,1902,387.03,447.23,0,0,69
1367022,126,13,1902,447.23,447.23,0,0,135
1194313,130,13,1902,447.23,445.23,0,0,40
1487085,139,13,1902,389.03,447.23,0,0,135
1430736,142,13,1902,446.23,447.23,0,0,67
1009712,143,13,1902,445.23,446.23,0,0,107
1010112,5,13,1247,445.23,445.23,0,0,69
1377044,18,13,1247,422.01,422.01,0,0,96
1312558,20,13,1247,446.23,445.23,0,0,53
1449213,35,13,1247,446.23,446.23,0,0,13
1305264,38,13,1247,445.23,445.23,0,0,177
1134639,42,13,1247,447.23,447.23,0,0,81
1223608,68,13,1247,418.13,417.13,0,0,95
1301540,71,13,1247,417.13,418.13,0,0,150
1464468,74,13,1247,446.23,446.23,0,0,41
1212712,80,13,1247,445.23,446.23,0,0,42
1336636,103,13,1247,445.23,446.23,0,0,41
1337087,110,13,1247,445.23,447.23,0,0,109
1466610,120,13,1247,389.03,446.23,0,0,82
1494552,122,13,1247,388.03,445.23,0,0,82
1247958,126,13,1247,445.23,445.23,0,0,27
1113285,130,13,1247,447.23,445.23,0,0,69
1106614,139,13,1247,389.03,446.23,0,0,80
1237090,142,13,1247,445.23,446.23,0,0,40
1149075,143,13,1247,445.23,445.23,0,0,188
1219903,5,13,1770,486.03,485.03,0,0,134
1026508,18,13,1770,436.53,484.03,0,0,15
1268823,19,13,1770,437.53,484.03,0,0,26
1451945,20,13,1770,435.53,486.03,0,0,55
1000737,35,13,1770,486.03,485.03,0,0,69
1036279,38,13,1770,485.03,486.03,0,0,55
1245993,42,13,1770,484.03,486.03,0,0,40
1161762,68,13,1770,464.63,465.63,0,0,82
1444666,71,13,1770,465.63,464.63,0,0,14
1177018,74,13,1770,453.02,454.02,0,0,42
1494343,80,13,1770,486.03,486.03,0,0,67
1456305,103,13,1770,484.03,485.03,0,0,81
1001025,110,13,1770,485.03,486.03,0,0,123
1476772,120,13,1770,412.28,486.03,0,0,69
1098101,122,13,1770,412.28,485.03,0,0,54
1178986,126,13,1770,485.03,486.03,0,0,67
1167683,130,13,1770,451.08,450.08,0,0,95
1356872,139,13,1770,485.03,485.03,0,0,67
1264477,142,13,1770,484.03,486.03,0,0,94
1176472,143,13,1770,485.03,485.03,0,0,26
1105201,5,13,1198,186.27,185.27,0,0,580
1033306,18,13,1198,200.79,202.79,0,0,838
1461611,19,13,1198,172.69,202.79,0,0,877
1291571,20,13,1198,156.17,201.79,0,0,715
1008172,35,13,1198,189.15,191.15,0,0,798
1095676,38,13,1198,166.9,166.9,0,0,784
1479194,42,13,1198,160.05,182.42,0,0,648
1030061,68,13,1198,178.51,178.51,0,0,486
1384208,71,13,1198,148.41,170.75,0,0,931
1198949,74,13,1198,144.56,174.66,0,0,541
1278931,80,13,1198,148.41,187.27,0,0,378
1434387,103,13,1198,164.96,163.96,0,0,607
1388584,110,13,1198,161.05,162.05,0,0,323
1192176,120,13,1198,163.02,198.88,0,0,568
1470176,122,13,1198,185.33,184.33,0,0,473
1191600,126,13,1198,171.75,171.75,0,0,594
1481272,130,13,1198,199.82,201.82,0,0,501
1137138,139,13,1198,179.48,179.48,0,0,513
1193969,142,13,1198,177.57,177.57,0,0,703
1043181,143,13,1198,186.3,186.3,0,0,298
1194874,5,13,1311,157.17,175.6,0,0,1133
1191849,18,13,1311,163.96,164.96,0,0,1295
1265620,19,13,1311,161.05,160.05,0,0,1160
1028727,20,13,1311,160.08,159.08,0,0,1295
1390067,35,13,1311,161.05,187.24,0,0,648
1384311,38,13,1311,170.78,196.97,0,0,690
1405767,42,13,1311,146.5,194.97,0,0,890
1219479,68,13,1311,159.08,159.08,0,0,1108
1027468,71,13,1311,172.66,172.66,0,0,850
1072070,74,13,1311,183.33,183.33,0,0,958
1345337,80,13,1311,161.05,162.05,0,0,662
1214476,103,13,1311,153.26,170.72,0,0,674
1247708,110,13,1311,161.05,160.05,0,0,323
1030832,120,13,1311,146.47,179.51,0,0,405
1009714,122,13,1311,196.91,196.91,0,0,419
1124998,126,13,1311,156.23,196.91,0,0,622
1170194,130,13,1311,170.75,190.18,0,0,337
1397937,139,13,1311,177.54,177.54,0,0,622
1345971,142,13,1311,182.42,201.79,0,0,811
1207135,143,13,1311,155.23,201.79,0,0,445
1122215,5,13,1803,161.05,186.3,0,0,676
1272858,18,13,1803,147.47,184.36,0,0,946
1449127,19,13,1803,161.99,184.36,0,0,850
1070095,20,13,1803,162.99,184.36,0,0,933
1085791,35,13,1803,171.69,172.69,0,0,553
1153647,38,13,1803,156.2,176.57,0,0,891
1168073,42,13,1803,190.15,189.15,0,0,865
1119052,68,13,1803,179.45,179.45,0,0,1108
1025129,71,13,1803,183.39,182.39,0,0,1066
1239855,74,13,1803,152.29,181.42,0,0,931
1011792,80,13,1803,182.36,183.36,0,0,648
1156517,103,13,1803,192.12,191.12,0,0,636
1471778,110,13,1803,149.44,202.73,0,0,526
1109997,120,13,1803,179.48,178.48,0,0,485
1384533,122,13,1803,163.99,162.99,0,0,622
1142267,126,13,1803,192.12,192.12,0,0,647
1402956,130,13,1803,152.35,201.76,0,0,366
1097052,139,13,1803,169.75,198.85,0,0,728
1138491,142,13,1803,162.02,200.85,0,0,567
1447334,143,13,1803,204.73,203.73,0,0,473
1269002,5,13,1438,242.5,243.5,0,0,54
1036540,18,13,1438,243.5,270.63,0,0,80
1498830,19,13,1438,246.41,246.41,0,0,123
1213694,20,13,1438,244.5,242.5,0,0,215
1373332,35,13,1438,256.08,257.08,0,0,55
1334118,38,13,1438,194,256.08,0,0,190
1068977,50,13,1438,240.56,258.08,0,1,404
1257196,68,13,1438,243.53,245.47,0,1,175
1081362,71,13,1438,231.83,231.83,0,0,351
1444563,74,13,1438,233.83,232.83,0,0,258
1287874,80,13,1438,233.83,232.83,0,0,215
1096533,103,13,1438,195,195,0,0,581
1372295,110,13,1438,242.5,243.5,0,0,121
1115450,120,13,1438,195,242.5,0,0,297
1327437,122,13,1438,194,243.5,0,0,269
1422269,126,13,1438,194,196,0,0,243
1210824,130,13,1438,196,194,0,0,176
1228966,139,13,1438,194,195,0,0,243
1181964,142,13,1438,196,194,0,0,203
1148447,143,13,1438,194,196,0,0,202
1216615,5,13,2494,244.5,270.63,0,0,107
1010135,18,13,2494,243.5,270.63,0,0,67
1204265,19,13,2494,244.5,243.5,0,0,107
1102539,20,13,2494,244.5,242.5,0,0,108
1081062,35,13,2494,257.08,256.08,0,0,69
1277401,38,13,2494,194,258.08,0,0,67
1421193,50,13,2494,241.56,257.08,0,1,204
1139877,68,13,2494,243.53,241.53,0,1,298
1263319,71,13,2494,231.83,232.83,0,0,269
1409391,74,13,2494,232.83,233.83,0,0,325
1197263,80,13,2494,232.83,232.83,0,0,108
1074982,103,13,2494,194,194,0,0,123
1298449,110,13,2494,243.5,242.5,0,0,95
1049001,120,13,2494,196,244.5,0,0,123
1476411,122,13,2494,194,242.5,0,0,121
1036585,126,13,2494,194,196,0,0,177
1295730,130,13,2494,194,194,0,0,217
1285064,139,13,2494,196,195,0,0,257
1081199,142,13,2494,195,194,0,0,217
1171916,143,13,2494,194,196,0,0,216
1182404,5,13,1847,242.5,270.63,0,0,40
1220251,18,13,1847,243.5,271.63,0,0,80
1244360,19,13,1847,244.5,242.5,0,0,150
1424903,20,13,1847,244.5,244.5,0,0,96
1166305,35,13,1847,258.08,256.08,0,0,95
1184076,38,13,1847,195,256.08,0,0,163
1207771,50,13,1847,241.56,258.08,0,1,419
1081072,71,13,1847,233.83,232.83,0,0,283
1272474,74,13,1847,231.83,231.83,0,0,204
1053787,80,13,1847,231.83,233.83,0,0,107
1160280,103,13,1847,194,195,0,0,258
1097783,110,13,1847,243.5,242.5,0,0,53
1025423,120,13,1847,195,242.5,0,0,175
1170548,122,13,1847,194,244.5,0,0,204
1033003,126,13,1847,196,196,0,0,148
1231847,130,13,1847,194,194,0,0,136
1340616,139,13,1847,194,195,0,0,204
1025419,142,13,1847,196,194,0,0,175
1081936,143,13,1847,196,194,0,0,190
1289375,5,13,1558,612.13,611.13,0,0,53
1411475,18,13,1558,610.13,612.13,0,0,95
1254340,19,13,1558,610.13,611.13,0,0,94
1387759,20,13,1558,514.13,612.13,1,0,96
1465962,38,13,1558,434.59,678.03,1,0,554
1343683,50,13,1558,680.03,680.03,0,0,149
1076084,71,13,1558,680.03,678.03,0,0,68
1160075,74,13,1558,680.03,678.03,0,0,135
1281310,80,13,1558,680.03,680.03,0,0,108
1248429,103,13,1558,679.03,678.03,0,0,13
1474511,110,13,1558,680.03,679.03,0,0,136
1001384,120,13,1558,697.43,698.43,0,0,41
1301953,122,13,1558,647.05,645.05,0,0,108
1164719,126,13,1558,571.33,641.23,1,1,188
1277676,130,13,1558,485.03,641.23,1,1,460
1183587,139,13,1558,547.08,641.23,0,0,136
1338335,142,13,1558,456.9,641.23,1,0,554
1056164,143,13,1558,547.08,549.08,0,0,271
1063072,5,13,2581,611.13,610.13,0,0,365
1167268,18,13,2581,611.13,611.13,0,0,216
1471722,19,13,2581,611.13,611.13,0,0,256
1146446,20,13,2581,515.13,610.13,1,0,404
1488175,25,13,2581,616.95,615.95,0,0,284
1143603,38,13,2581,434.59,680.03,1,1,1403
1367600,50,13,2581,680.03,679.03,0,0,271
1149465,71,13,2581,680.03,679.03,0,0,176
1461696,74,13,2581,678.03,679.03,0,0,136
1067316,103,13,2581,675.12,676.12,0,0,350
1461646,110,13,2581,680.03,678.03,0,0,54
1319981,120,13,2581,697.43,697.43,0,0,242
1395038,122,13,2581,670.33,669.33,0,0,108
1497108,126,13,2581,568.42,639.23,1,1,351
1206271,130,13,2581,484.03,640.23,1,1,728
1297420,134,13,2581,549.08,641.23,0,0,149
1333817,139,13,2581,547.08,639.23,0,0,176
1169711,142,13,2581,460.78,640.23,1,0,636
1271648,143,13,2581,549.08,547.08,0,0,285
1377476,5,13,1962,615.98,615.98,0,0,337
1207296,18,13,1962,618.89,619.89,0,0,391
1361904,19,13,1962,612.13,611.13,0,0,418
1095670,20,13,1962,517.07,610.13,1,1,608
1453547,25,13,1962,617.95,615.95,0,0,555
1315917,38,13,1962,435.56,679.03,1,1,2429
1222619,50,13,1962,679.03,679.03,0,1,485
1380457,71,13,1962,679.03,680.03,0,0,217
1397455,74,13,1962,680.03,678.03,0,0,472
1207776,103,13,1962,680.03,679.03,0,0,472
1471767,110,13,1962,680.03,679.03,0,0,297
1050078,120,13,1962,697.43,699.43,0,0,338
1359647,122,13,1962,670.33,669.33,0,0,404
1068720,126,13,1962,567.45,639.23,1,1,890
1326208,130,13,1962,490.88,639.23,1,1,1336
1084361,134,13,1962,547.08,641.23,0,0,512
1312438,139,13,1962,549.08,640.23,0,0,366
1310753,142,13,1962,469.54,641.23,1,1,1648
1293513,143,13,1962,546.11,547.11,0,0,594
1323707,5,13,1445,490.85,627.62,1,1,811
1019821,18,13,1445,619.86,620.86,0,0,217
1150385,19,13,1445,622.77,623.77,0,0,231
1372348,20,13,1445,618.86,619.86,0,0,202
1177014,25,13,1445,533.53,620.86,0,0,366
1104850,38,13,1445,670.33,670.33,0,0,134
1297335,50,13,1445,620.86,619.86,0,0,134
1290433,71,13,1445,602.43,601.43,0,0,176
1190313,74,13,1445,611.13,611.13,0,0,216
1379279,103,13,1445,668.33,670.33,0,0,94
1104879,110,13,1445,669.33,669.33,0,0,94
1129569,120,13,1445,689.73,688.73,0,0,136
1170323,122,13,1445,458.81,688.73,1,0,1269
1448863,126,13,1445,687.73,687.73,0,0,94
1314024,130,13,1445,727.53,728.53,0,0,135
1189206,134,13,1445,485.03,726.53,1,1,473
1355101,139,13,1445,728.53,727.53,0,0,27
1304673,142,13,1445,728.53,726.53,0,0,81
1315934,143,13,1445,491.79,726.53,0,1,420
1324121,5,13,2444,495.67,628.62,1,1,662
1115287,18,13,2444,618.86,619.86,0,0,122
1339715,19,13,2444,620.86,620.86,0,0,107
1164605,25,13,2444,541.26,619.86,0,0,203
1272240,33,13,2444,486.03,623.74,1,0,377
1144556,38,13,2444,669.33,669.33,0,0,136
1243487,50,13,2444,620.86,619.86,0,0,270
1177290,71,13,2444,611.13,611.13,0,0,229
1254759,74,13,2444,612.13,612.13,0,0,271
1085582,103,13,2444,669.33,669.33,0,0,176
1089451,110,13,2444,668.33,670.33,0,0,122
1405815,120,13,2444,689.73,687.73,0,0,136
1418590,122,13,2444,461.72,687.73,1,0,1093
1383640,126,13,2444,689.73,687.73,0,0,95
1482646,130,13,2444,725.56,727.56,0,0,122
1183598,134,13,2444,486.03,727.53,1,1,582
1195372,139,13,2444,726.53,728.53,0,0,81
1312393,142,13,2444,726.53,726.53,0,0,108
1169810,143,13,2444,484.03,726.53,0,1,593
1407918,5,13,2867,486.03,620.83,1,1,378
1058615,18,13,2867,618.86,620.86,0,0,149
1005625,19,13,2867,624.68,626.68,0,0,107
1218865,25,13,2867,532.53,620.86,0,0,163
1425553,33,13,2867,486.03,619.86,1,0,298
1410323,38,13,2867,669.33,668.33,0,0,134
1102662,50,13,2867,618.86,620.86,0,0,271
1261502,71,13,2867,610.13,612.13,0,0,242
1161494,74,13,2867,610.13,610.13,0,0,215
1154059,103,13,2867,668.33,670.33,0,0,190
1265327,110,13,2867,668.33,668.33,0,0,177
1190865,120,13,2867,687.73,688.73,0,0,135
1299005,122,13,2867,461.78,687.73,1,0,811
1060081,126,13,2867,689.73,687.73,0,0,55
1323514,130,13,2867,727.53,728.53,0,0,68
1102647,134,13,2867,484.03,727.53,1,1,474
1167981,139,13,2867,726.53,728.53,0,0,41
1043709,142,13,2867,726.53,728.53,0,0,96
1102151,143,13,2867,484.03,726.53,0,1,445
1382631,5,13,2760,242.53,243.53,0,0,378
1175850,18,13,2760,243.53,242.53,0,0,364
1188386,19,13,2760,241.53,242.53,0,0,512
1403465,25,13,2760,176.6,241.53,0,1,973
1107258,33,13,2760,242.53,241.53,0,0,296
1350614,38,13,2760,240.59,240.59,0,0,284
1435357,50,13,2760,241.53,243.53,0,0,796
1103540,62,13,2760,213.4,242.53,0,0,94
1224896,71,13,2760,242.53,241.53,0,0,339
1493565,74,13,2760,243.53,241.53,0,0,512
1338834,88,13,2760,243.53,243.53,0,1,365
1289383,103,13,2760,222.13,222.13,0,0,728
1443919,110,13,2760,242.53,242.53,0,0,379
1191494,120,13,2760,193.03,242.53,0,1,1229
1174515,122,13,2760,240.56,240.56,0,0,622
1260496,126,13,2760,243.53,243.53,0,1,757
1455702,130,13,2760,194.03,241.53,0,1,1878
1239535,134,13,2760,242.53,242.53,0,0,379
1123171,139,13,2760,243.53,242.53,0,0,296
1374554,142,13,2760,243.53,241.53,0,0,243
1315842,143,13,2760,242.53,241.53,0,0,392
