train.csv
id,week,center_id,meal_id,checkout_price,base_price,emailer_for_promotion,homepage_featured,num_orders
1347378,5,13,1525,290.06,291.06,0,0,555
1038575,17,13,1525,290.03,291.03,0,0,609
1364873,18,13,1525,291.03,291.03,0,0,621
1267587,19,13,1525,290.03,292.03,0,0,674
1054311,25,13,1525,289.06,289.06,0,0,473
1093608,50,13,1525,292.03,291.03,0,0,566
1060119,62,13,1525,291.03,290.03,0,0,121
1033314,71,13,1525,292.03,290.03,0,0,568
1390686,74,13,1525,245.47,290.03,0,0,1770
1107469,88,13,1525,242.5,292.03,0,1,1093
1476654,103,13,1525,290.03,290.03,0,1,527
1173434,110,13,1525,242.53,261.9,0,1,877
1463433,120,13,1525,290.03,292.03,0,0,608
1005238,122,13,1525,225.04,290.03,0,0,971
1082241,126,13,1525,319.13,320.13,0,0,337
1320912,130,13,1525,320.13,320.13,0,0,676
1030488,134,13,1525,321.13,319.13,0,0,676
1369251,139,13,1525,261.93,320.13,0,0,838
1032425,142,13,1525,321.13,320.13,0,0,501
1088053,143,13,1525,319.13,320.13,0,0,513
1465209,5,13,2704,290.03,290.03,0,0,269
1091544,17,13,2704,291.03,290.03,0,0,485
1105834,18,13,2704,291.03,292.03,0,0,581
1447767,19,13,2704,291.03,291.03,0,0,555
1047537,25,13,2704,292.03,291.03,0,0,432
1409647,50,13,2704,290.03,291.03,0,0,445
1406658,62,13,2704,291.03,291.03,0,0,161
1249431,71,13,2704,292.03,291.03,0,0,499
1378273,74,13,2704,243.5,290.03,0,0,1014
1428063,88,13,2704,243.47,292.03,0,1,1054
1401049,103,13,2704,292.03,291.03,0,1,744
1472914,110,13,2704,243.5,290.03,0,1,933
1036823,120,13,2704,291.03,292.03,0,0,447
1053085,122,13,2704,234.77,290.03,0,0,904
1163734,126,13,2704,320.13,319.13,0,0,377
1398378,130,13,2704,320.13,319.13,0,0,325
1219258,134,13,2704,320.13,321.13,0,0,243
1390706,139,13,2704,261.9,319.13,0,1,877
1241773,142,13,2704,319.13,320.13,0,0,323
1235279,143,13,2704,319.13,320.13,0,0,377
1358105,5,13,2492,387.03,389.03,0,0,53
1240370,17,13,2492,389.03,388.03,0,0,108
1484465,18,13,2492,388.03,388.03,0,0,176
1047203,19,13,2492,387.03,388.03,0,0,123
1100981,25,13,2492,388.03,387.03,0,0,41
1448607,33,13,2492,389.03,387.03,0,0,67
1241872,38,13,2492,389.03,389.03,0,0,80
1163997,50,13,2492,388.03,389.03,0,1,54
1443961,62,13,2492,387.03,387.03,0,0,68
1264405,71,13,2492,387.03,387.03,0,0,94
1044021,74,13,2492,387.03,387.03,0,0,40
1455782,88,13,2492,389.03,387.03,0,0,67
1179395,110,13,2492,382.18,384.18,0,0,122
1272378,118,13,2492,389.03,389.03,0,0,95
1019501,120,13,2492,341.5,388.03,1,1,188
1413369,122,13,2492,331.77,387.03,0,0,217
1105983,126,13,2492,388.03,387.03,0,0,122
1400119,130,13,2492,387.03,389.03,0,0,123
1085828,134,13,2492,290.09,389.03,0,0,352
1463791,139,13,2492,389.03,389.03,0,0,107
1036022,142,13,2492,342.47,388.03,0,0,82
1479441,143,13,2492,388.03,388.03,0,0,96
1445873,5,13,1543,484.03,484.03,0,1,216
1254406,17,13,1543,387.03,484.03,0,0,94
1376849,18,13,1543,389.03,486.03,0,0,80
1403306,19,13,1543,373.45,486.03,0,0,148
1013185,25,13,1543,484.03,484.03,0,0,94
1276581,33,13,1543,394.85,484.03,0,1,242
1089714,38,13,1543,486.03,485.03,0,0,94
1347822,50,13,1543,486.03,486.03,0,0,108
1032385,62,13,1543,486.03,484.03,0,0,122
1335220,71,13,1543,486.03,486.03,0,0,121
1164406,74,13,1543,389.03,485.03,0,0,242
1308946,88,13,1543,484.03,484.03,0,1,148
1230348,103,13,1543,485.03,484.03,0,0,27
1395710,110,13,1543,474.39,472.39,0,0,188
1318784,118,13,1543,387.03,474.39,0,1,244
1384428,120,13,1543,388.03,472.39,0,0,379
1149736,122,13,1543,469.51,468.51,0,0,163
1035569,126,13,1543,392.85,468.51,0,0,175
1159017,130,13,1543,470.51,470.51,0,0,229
1308743,134,13,1543,484.09,483.09,0,0,216
1208554,139,13,1543,388.03,485.03,0,1,377
1123613,142,13,1543,486.03,486.03,0,0,163
1391103,143,13,1543,484.03,485.03,0,0,310
1178800,5,13,2304,486.03,486.03,0,0,161
1404243,17,13,2304,389.03,486.03,0,0,123
1352694,18,13,2304,387.03,484.03,0,0,80
1301997,19,13,2304,389.03,484.03,0,0,109
1452466,25,13,2304,485.03,484.03,0,0,177
1460209,33,13,2304,388.03,485.03,0,0,270
1222322,38,13,2304,485.03,484.03,0,0,96
1193963,50,13,2304,486.03,484.03,0,0,202
1491125,62,13,2304,476.33,476.33,0,0,55
1313756,71,13,2304,486.03,485.03,0,0,190
1278671,74,13,2304,397.7,484.03,0,0,107
1373308,88,13,2304,486.03,485.03,0,1,109
1139775,103,13,2304,484.03,486.03,0,0,28
1088609,110,13,2304,474.39,472.39,0,0,122
1420248,118,13,2304,389.03,474.39,0,0,258
1139787,120,13,2304,388.03,472.39,0,0,188
1274747,122,13,2304,470.51,468.51,0,0,95
1482978,126,13,2304,388.03,468.51,0,0,256
1249220,130,13,2304,468.51,468.51,0,0,122
1493507,134,13,2304,484.09,483.09,0,0,121
1327476,139,13,2304,388.03,486.03,0,0,203
1050009,142,13,2304,484.03,486.03,0,0,134
1083959,143,13,2304,485.03,486.03,0,0,148
1483986,5,109,1885,144.53,145.53,0,0,1013
1254052,17,109,1885,145.53,144.53,0,0,1040
1005273,18,109,1885,145.53,146.53,0,0,837
1379225,19,109,1885,144.53,144.53,0,0,1039
1027168,25,109,1885,163.02,162.02,0,0,798
1378299,33,109,1885,145.5,146.5,0,0,850
1480861,38,109,1885,144.56,144.56,0,0,852
1248455,50,109,1885,120.28,142.59,0,0,1324
1142684,62,109,1885,145.56,145.56,0,0,271
1265439,71,109,1885,144.56,144.56,0,0,890
1409262,74,109,1885,145.53,145.53,0,1,879
1097799,88,109,1885,136.77,146.53,0,1,647
1426145,103,109,1885,149.44,149.44,0,0,999
1470237,110,109,1885,146.47,147.5,0,1,1014
1192266,118,109,1885,149.38,148.41,0,1,1068
1061644,120,109,1885,150.38,148.41,0,1,959
1354997,122,109,1885,149.38,148.41,0,1,1203
1086963,130,109,1885,149.38,149.38,0,0,1052
1395083,134,109,1885,150.41,149.41,0,0,960
1052653,139,109,1885,150.38,151.35,0,1,1108
1333597,142,109,1885,149.41,152.35,0,1,837
1223982,143,109,1885,151.38,151.35,0,1,1013
1451963,5,109,1993,145.56,145.56,0,0,892
1390303,17,109,1993,145.56,145.56,0,0,676
1249366,18,109,1993,146.5,146.5,0,0,971
1417007,19,109,1993,146.53,146.53,0,0,987
1063067,25,109,1993,164.93,164.93,0,0,514
1028422,33,109,1993,146.53,146.53,0,0,797
1377351,38,109,1993,141.65,141.65,0,0,1025
1230125,50,109,1993,120.28,145.56,0,0,946
1157329,62,109,1993,140.71,139.71,0,0,284
1284248,71,109,1993,146.5,146.5,0,0,891
1465012,74,109,1993,145.53,146.53,0,1,702
1088804,88,109,1993,144.53,144.53,0,0,783
1176652,103,109,1993,147.44,148.44,0,0,634
1283169,110,109,1993,146.47,148.47,0,0,528
1354380,118,109,1993,149.38,149.38,0,1,769
1217369,120,109,1993,150.38,149.38,0,1,863
1025900,122,109,1993,150.41,149.38,0,1,593
1208519,130,109,1993,151.38,149.41,0,1,798
1249886,134,109,1993,150.38,151.38,0,0,690
1198086,139,109,1993,149.38,151.38,0,1,607
1041328,142,109,1993,148.41,149.41,0,0,756
1325477,143,109,1993,146.47,148.41,0,1,593
1264736,5,109,2539,143.56,145.56,0,0,162
1165021,17,109,2539,146.53,145.53,0,0,311
1014980,18,109,2539,144.53,146.53,0,0,377
1055548,19,109,2539,143.56,144.56,0,0,393
1380156,25,109,2539,162.05,162.05,0,0,161
1052205,33,109,2539,143.56,143.56,0,0,204
1085179,38,109,2539,141.68,141.68,0,0,229
1100477,62,109,2539,139.68,140.68,0,0,108
1393854,71,109,2539,144.56,144.56,0,0,310
1315437,74,109,2539,147.5,146.53,0,1,447
1073654,88,109,2539,146.53,145.53,0,0,337
1018461,103,109,2539,150.38,151.38,0,0,406
1321199,110,109,2539,148.41,149.41,0,0,350
1471387,118,109,2539,148.41,148.41,0,0,243
1326068,120,109,2539,150.35,148.44,0,1,243
1447525,122,109,2539,150.38,151.38,0,0,204
1451771,130,109,2539,142.59,142.59,0,0,325
1219719,134,109,2539,152.35,151.35,0,0,176
1446319,139,109,2539,150.38,150.38,0,0,203
1449130,142,109,2539,152.35,151.35,0,0,204
1490447,143,109,2539,151.38,149.38,0,0,231
1466090,5,109,2631,97.03,243.5,0,0,189
1278689,17,109,2631,98,243.5,0,0,148
1269140,18,109,2631,94.09,242.5,0,0,148
1411563,25,109,2631,150.41,251.23,0,0,40
1147046,33,109,2631,155.26,153.26,0,0,55
1106497,38,109,2631,150.35,150.35,0,0,81
1408900,50,109,2631,151.32,151.32,0,0,107
1234769,62,109,2631,151.32,152.32,0,0,41
1199514,71,109,2631,96.03,155.26,0,1,188
1113281,88,109,2631,98,148.44,0,0,136
1470975,103,109,2631,97.03,153.26,0,0,28
1306539,110,109,2631,151.35,151.35,0,0,81
1368327,118,109,2631,154.26,155.26,0,0,148
1272243,120,109,2631,152.32,153.32,0,0,94
1434134,122,109,2631,97,152.32,0,1,150
1209069,130,109,2631,161.99,161.99,0,0,94
1209378,134,109,2631,96.03,158.11,1,0,256
1344167,139,109,2631,112.58,158.11,0,0,68
1190951,142,109,2631,161.02,161.02,0,0,68
1380043,143,109,2631,163.02,163.02,0,0,149
1277716,5,109,1248,97.03,253.23,0,0,135
1113871,17,109,1248,99,253.23,0,0,107
1182026,19,109,1248,251.23,252.23,0,0,54
1290213,25,109,1248,153.26,251.23,0,0,28
1100293,33,109,1248,155.26,155.26,0,0,13
1013798,38,109,1248,155.26,154.26,0,0,41
1032827,50,109,1248,153.26,154.26,0,0,136
1127831,62,109,1248,154.26,155.26,0,0,13
1403946,71,109,1248,98,155.26,0,0,189
1173764,88,109,1248,98,154.26,0,0,149
1104622,110,109,1248,143.59,144.59,0,0,40
1360683,120,109,1248,137.74,153.26,0,0,14
1146089,130,109,1248,165.93,233.83,0,0,42
1234626,134,109,1248,99,161.02,1,0,269
1183215,139,109,1248,95.06,161.02,0,0,68
1074299,142,109,1248,163.93,164.93,0,0,26
1027114,143,109,1248,165.93,164.93,0,0,27
1424751,5,109,1778,173.63,174.63,0,0,109
1481319,17,109,1778,161.08,184.36,1,0,419
1428139,19,109,1778,161.05,184.36,0,0,662
1113845,25,109,1778,183.36,182.36,0,0,204
1074399,33,109,1778,161.05,181.42,0,0,419
1087259,38,109,1778,181.39,181.39,0,0,257
1367095,50,109,1778,184.33,184.33,0,0,404
1413094,62,109,1778,181.45,179.45,0,0,27
1297582,71,109,1778,182.36,182.36,0,0,231
1277419,88,109,1778,167.87,166.87,0,0,378
1430067,118,109,1778,184.33,184.33,0,0,539
1486112,120,109,1778,189.15,191.15,0,0,393
1451613,130,109,1778,193.06,192.06,0,0,512
1396102,134,109,1778,161.02,193.06,0,1,392
1414750,139,109,1778,190.18,190.18,0,0,446
1059221,142,109,1778,191.09,193.09,0,0,566
1140724,143,109,1778,192.12,190.12,0,0,499
1281641,5,109,1062,183.36,183.36,0,0,217
1483476,17,109,1062,162.99,178.51,1,0,420
1412212,19,109,1062,154.23,177.51,0,0,445
1419752,25,109,1062,184.36,184.36,0,0,339
1162190,33,109,1062,161.05,184.36,0,0,566
1027907,50,109,1062,183.39,183.39,0,0,431
1279979,62,109,1062,181.39,181.39,0,0,81
1245187,71,109,1062,185.33,183.33,0,0,311
1115296,88,109,1062,161.02,183.39,0,0,528
1265871,118,109,1062,181.45,180.45,0,0,499
1180321,120,109,1062,190.12,190.12,0,0,445
1080005,130,109,1062,195.03,193.03,0,0,528
1297120,134,109,1062,162.02,191.09,0,0,431
1105920,139,109,1062,191.12,190.12,0,0,460
1151223,142,109,1062,189.15,189.15,0,0,460
1324966,143,109,1062,193.06,192.06,0,0,500
1328060,5,109,2707,186.24,188.24,0,0,971
1448940,17,109,2707,194.06,226.98,1,1,946
1270280,19,109,2707,227.95,227.95,0,0,595
1154389,25,109,2707,193.06,227.98,0,0,985
1453028,33,109,2707,228.01,227.01,0,0,823
1259919,50,109,2707,190.12,227.01,0,0,688
1456481,62,109,2707,192.06,227.04,0,0,230
1147602,71,109,2707,186.24,194.03,0,1,1053
1371820,88,109,2707,193.09,226.07,0,0,1121
1035049,90,109,2707,232.86,230.86,0,0,581
1129260,118,109,2707,191.12,238.68,0,0,985
1148621,120,109,2707,190.15,237.68,0,0,1134
1370952,130,109,2707,236.68,237.68,0,0,621
1148635,134,109,2707,242.56,242.56,0,0,472
1236116,139,109,2707,234.77,234.77,0,0,474
1397398,142,109,2707,239.59,240.59,0,0,595
1383146,143,109,2707,240.62,238.62,0,0,473
1362037,5,109,1207,389,388,0,0,176
1304200,17,109,1207,319.13,381.24,1,1,296
1447883,19,109,1207,384.12,385.12,0,0,136
1279470,25,109,1207,381.24,381.24,0,0,135
1030995,33,109,1207,348.26,369.6,1,1,256
1033493,50,109,1207,288.15,469.54,0,1,661
1170689,62,109,1207,452.99,453.99,0,0,28
1488783,71,109,1207,432.62,432.62,0,0,122
1136063,88,109,1207,360.84,362.84,0,0,69
1156199,90,109,1207,375.45,373.45,0,0,136
1084073,118,109,1207,374.42,374.42,0,0,94
1140224,120,109,1207,384.12,385.12,0,0,123
1093738,130,109,1207,338.53,513.13,0,1,283
1250544,134,109,1207,375.39,376.39,0,0,82
1354110,139,109,1207,383.21,383.21,0,0,42
1232320,142,109,1207,385.15,384.15,0,0,108
1126151,143,109,1207,389,388,0,0,177
1498543,7,11,2826,299.73,340.53,0,0,797
1407480,11,11,2826,247.38,339.53,1,0,2093
1170719,14,11,2826,299.76,340.53,0,0,744
1158625,27,11,2826,320.13,320.13,0,0,971
1074095,30,11,2826,321.13,320.13,0,0,825
1048796,43,11,2826,320.13,320.13,0,0,757
1077105,46,11,2826,252.26,319.13,1,0,486
1338772,48,11,2826,320.16,319.16,0,0,1014
1320239,49,11,2826,320.13,320.13,0,0,878
1212111,53,11,2826,321.13,320.13,0,0,918
1198570,55,11,2826,321.13,320.13,0,0,730
1434253,56,11,2826,320.16,318.16,0,0,837
1463268,57,11,2826,319.13,320.13,0,0,771
1277452,77,11,2826,315.25,317.25,0,0,487
1462510,82,11,2826,320.13,321.13,0,0,944
1325146,83,11,2826,321.13,320.13,0,0,796
1097395,84,11,2826,321.13,321.13,0,0,702
1009041,106,11,2826,328.86,328.86,0,0,609
1336276,112,11,2826,247.35,319.13,0,0,1351
1036221,128,11,2826,224.1,347.29,1,0,2957
1227552,131,11,2826,348.29,347.29,0,0,769
1054183,141,11,2826,378.33,379.33,0,0,609
1101662,144,11,2826,379.33,377.33,0,0,472
1136947,7,11,1754,224.13,291.03,0,0,636
1335318,11,11,1754,292.03,291.03,0,0,473
1124469,14,11,1754,290.03,291.03,0,0,608
1110352,27,11,1754,234.77,271.6,0,0,798
1253642,30,11,1754,153.32,279.36,1,1,4968
1372126,43,11,1754,309.43,309.43,0,0,176
1223657,46,11,1754,239.59,309.43,1,1,365
1097714,48,11,1754,167.84,309.43,1,0,2376
1017162,49,11,1754,260.02,309.43,0,0,836
1352612,53,11,1754,311.43,311.43,0,0,702
1236679,55,11,1754,309.43,310.43,0,0,609
1261366,56,11,1754,310.43,310.43,0,0,378
1106585,57,11,1754,261.9,310.43,0,0,352
1251505,77,11,1754,279.36,279.36,0,0,717
1329618,82,11,1754,281.36,281.36,0,0,823
1435181,83,11,1754,273.6,273.6,0,0,1013
1032721,106,11,1754,322.04,324.04,0,0,499
1140883,112,11,1754,238.62,323.04,0,1,1579
1317026,128,11,1754,221.16,318.16,1,1,3375
1359355,131,11,1754,320.16,320.16,0,0,553
1292567,136,11,1754,309.49,308.49,0,0,863
1381481,141,11,1754,320.16,320.16,0,0,863
1499259,144,11,1754,320.16,319.16,0,0,783
1381495,7,11,1971,327.86,327.86,0,0,188
1405942,11,11,1971,241.53,328.86,1,0,1284
1412887,14,11,1971,327.86,327.86,0,0,134
1165122,27,11,1971,310.43,309.43,0,0,285
1285021,30,11,1971,167.84,309.43,1,1,3363
1069170,43,11,1971,243.53,309.43,0,0,620
1406095,46,11,1971,241.53,307.49,1,1,1176
1444215,48,11,1971,172.69,308.49,1,0,2134
1110378,49,11,1971,309.43,309.43,0,0,391
1085218,53,11,1971,310.4,312.4,0,0,393
1347209,55,11,1971,309.43,309.43,0,0,474
1234956,56,11,1971,311.43,309.43,0,0,244
1076779,57,11,1971,309.43,309.43,0,0,312
1150420,63,11,1971,309.43,309.43,0,0,162
1015628,77,11,1971,311.43,310.43,0,0,350
1391340,83,11,1971,309.43,311.43,0,0,351
1396338,106,11,1971,322.04,322.04,0,0,352
1283051,112,11,1971,322.04,324.04,0,0,379
1477454,128,11,1971,270.66,322.04,0,0,825
1345069,131,11,1971,302.7,301.7,0,0,323
1048330,136,11,1971,325.98,324.98,0,0,311
1391581,141,11,1971,327.86,329.86,0,0,258
1165851,144,11,1971,345.35,345.35,0,0,323
1412401,7,11,1902,447.23,445.23,0,0,15
1198968,11,11,1902,445.23,446.23,0,0,40
1344383,14,11,1902,445.23,446.23,0,0,13
1054404,30,11,1902,446.23,445.23,0,0,13
1455652,43,11,1902,446.23,445.23,0,0,13
1186850,46,11,1902,358.93,447.23,0,0,27
1381470,48,11,1902,357.93,445.23,0,0,27
1340990,49,11,1902,447.23,445.23,0,0,28
1388551,53,11,1902,417.13,417.13,0,0,55
1046036,55,11,1902,417.13,417.13,0,0,13
1482087,57,11,1902,445.23,445.23,0,0,13
1142451,63,11,1902,447.23,447.23,0,0,15
1424733,77,11,1902,445.23,445.23,0,0,27
1001943,83,11,1902,436.53,437.53,0,0,14
1461658,131,11,1902,447.23,445.23,0,0,14
1317488,136,11,1902,447.23,447.23,0,0,28
1414606,144,11,1902,446.23,445.23,0,0,42
1273924,7,11,1247,446.23,447.23,0,0,68
1470759,11,11,1247,445.23,446.23,0,0,13
1035378,30,11,1247,445.23,447.23,0,0,14
1074780,43,11,1247,446.23,446.23,0,0,13
1043268,63,11,1247,445.23,446.23,0,0,14
1073712,77,11,1247,447.23,445.23,0,0,15
1425826,131,11,1247,446.23,447.23,0,0,15
1169315,136,11,1247,445.23,446.23,0,0,13
1368753,144,11,1247,446.23,446.23,0,0,13
1436451,7,11,1770,485.03,484.03,0,0,69
1489248,11,11,1770,485.03,486.03,0,0,13
1289010,14,11,1770,486.03,486.03,0,0,15
1116931,30,11,1770,387.03,484.03,0,0,41
1240580,36,11,1770,484.03,484.03,0,0,15
1026867,46,11,1770,435.53,484.03,0,0,28
1448555,48,11,1770,484.03,485.03,0,0,15
1305172,49,11,1770,484.03,484.03,0,0,15
1175285,53,11,1770,436.53,486.03,0,0,26
1341337,55,11,1770,436.53,485.03,0,0,14
1017877,56,11,1770,437.53,486.03,0,0,26
1400586,57,11,1770,484.03,484.03,0,0,42
1238897,63,11,1770,484.03,485.03,0,0,14
1362935,128,11,1770,486.03,484.03,0,0,13
1315420,136,11,1770,486.03,486.03,0,0,13
1102766,141,11,1770,486.03,485.03,0,0,27
1309716,144,11,1770,486.03,486.03,0,0,67
1183392,7,11,1198,167.84,167.84,0,0,568
1238417,11,11,1198,167.87,185.27,0,0,647
1311930,14,11,1198,189.21,188.21,0,0,393
1259709,26,11,1198,154.29,193.03,0,0,674
1465181,30,11,1198,148.47,176.57,0,0,649
1037170,36,11,1198,172.66,174.66,0,0,501
1402848,43,11,1198,196,195,0,0,379
1072595,48,11,1198,165.93,165.93,0,0,446
1151550,49,11,1198,175.63,175.63,0,0,446
1223805,53,11,1198,168.84,167.84,0,0,283
1442772,55,11,1198,187.24,188.24,0,0,485
1233281,56,11,1198,151.38,187.24,0,0,431
1287592,57,11,1198,195,195,0,0,312
1078848,63,11,1198,148.47,178.48,0,0,325
1354573,77,11,1198,181.39,182.39,0,0,500
1134922,83,11,1198,170.75,170.75,0,0,649
1267863,112,11,1198,152.32,189.18,0,0,67
1045656,128,11,1198,192.12,191.12,0,0,431
1342585,131,11,1198,182.36,183.36,0,0,350
1028044,136,11,1198,180.48,224.13,0,0,486
1134123,141,11,1198,221.22,221.22,0,0,460
1363219,144,11,1198,170.75,221.22,0,0,162
