train.csv
id,week,center_id,meal_id,checkout_price,base_price,emailer_for_promotion,homepage_featured,num_orders
1230668,7,11,1311,191.15,190.15,0,0,729
1481923,11,11,1311,137.77,189.15,0,0,755
1207719,14,11,1311,193.03,194.03,0,0,783
1133684,26,11,1311,161.99,163.99,0,0,878
1307740,30,11,1311,151.38,151.38,0,0,663
1429619,36,11,1311,179.48,179.48,0,0,675
1076756,43,11,1311,146.53,172.66,0,0,568
1016066,45,11,1311,154.26,191.09,0,0,676
1043903,48,11,1311,166.9,185.3,0,0,784
1032457,49,11,1311,160.05,184.3,0,0,647
1187805,53,11,1311,183.36,184.36,0,0,663
1491024,55,11,1311,167.87,167.87,0,0,702
1135410,56,11,1311,178.51,178.51,0,0,730
1030904,57,11,1311,176.57,177.57,0,0,1080
1205514,63,11,1311,173.69,172.69,0,0,555
1183984,77,11,1311,173.66,172.66,0,0,798
1217358,81,11,1311,172.69,204.73,0,0,877
1266872,83,11,1311,161.99,203.73,0,0,865
1343505,112,11,1311,162.05,194,0,0,135
1169502,128,11,1311,183.33,185.33,0,0,473
1366604,131,11,1311,182.39,181.39,0,0,554
1003216,136,11,1311,193.09,193.09,0,0,528
1106187,141,11,1311,157.2,182.42,0,0,499
1093174,144,11,1311,162.96,185.27,0,0,338
1346511,7,11,1803,132.92,160.05,0,0,553
1404977,11,11,1803,163.99,161.99,0,0,851
1218540,14,11,1803,164.96,163.96,0,0,609
1059928,26,11,1803,165.87,165.87,0,0,648
1326351,30,11,1803,173.69,194.97,0,0,513
1464976,36,11,1803,168.81,188.18,0,0,513
1371650,45,11,1803,177.54,178.54,0,0,634
1493127,48,11,1803,175.57,177.57,0,0,269
1471074,49,11,1803,169.78,168.78,0,0,487
1159320,53,11,1803,167.84,167.84,0,0,310
1110190,55,11,1803,137.8,164.93,0,0,539
1138880,56,11,1803,162.05,162.05,0,0,728
1269237,57,11,1803,149.44,148.44,0,0,555
1450699,63,11,1803,161.05,180.45,0,0,540
1468629,77,11,1803,169.81,168.81,0,0,798
1359085,81,11,1803,175.6,174.6,0,0,567
1445776,83,11,1803,162.05,161.05,0,0,675
1293839,112,11,1803,195.94,196.94,0,0,175
1415135,128,11,1803,171.75,170.75,0,0,459
1324614,131,11,1803,173.63,173.63,0,0,501
1440639,136,11,1803,173.63,174.63,0,0,527
1022636,141,11,1803,174.63,174.63,0,0,580
1336634,144,11,1803,154.26,208.61,0,0,420
1445555,7,11,1438,242.5,244.5,0,0,40
1483634,11,11,1438,272.63,270.63,0,0,81
1153341,14,11,1438,244.5,270.63,0,0,109
1450233,26,11,1438,244.5,244.5,0,1,107
1341139,30,11,1438,196,242.5,0,1,69
1291266,36,11,1438,257.08,258.08,0,1,55
1499464,45,11,1438,233.8,233.8,0,0,69
1257299,48,11,1438,233.8,232.8,0,0,40
1447671,49,11,1438,242.56,242.56,0,0,107
1045028,53,11,1438,240.56,240.56,0,0,69
1471983,55,11,1438,241.56,242.56,0,0,41
1297815,56,11,1438,242.56,242.56,0,0,41
1383933,57,11,1438,241.53,242.53,0,0,40
1136568,63,11,1438,241.53,241.53,0,0,15
1240897,77,11,1438,231.83,232.83,0,0,55
1117209,81,11,1438,214.43,213.43,0,0,68
1048717,83,11,1438,212.43,214.43,0,1,55
1000920,112,11,1438,242.5,244.5,0,0,40
1269810,128,11,1438,195,196,0,0,189
1314006,131,11,1438,196,195,0,0,217
1335205,136,11,1438,196,196,0,1,163
1179355,141,11,1438,196,195,0,0,150
1387735,144,11,1438,196,194,0,0,109
1327451,7,11,2494,243.5,270.63,0,0,80
1263853,11,11,2494,271.63,272.63,0,0,28
1477528,14,11,2494,244.5,270.63,0,0,42
1009843,26,11,2494,243.5,244.5,0,0,67
1347072,30,11,2494,194,242.5,0,1,82
1335900,36,11,2494,256.08,244.5,0,1,54
1313802,45,11,2494,234.8,232.8,0,0,94
1374173,48,11,2494,233.8,233.8,0,0,42
1368182,49,11,2494,241.56,241.56,0,0,41
1275064,53,11,2494,242.56,241.56,0,0,13
1385367,55,11,2494,241.56,241.56,0,0,67
1365466,56,11,2494,241.56,241.56,0,0,82
1461936,57,11,2494,242.53,243.53,0,0,53
1130123,72,11,2494,232.83,231.83,0,0,81
1448882,77,11,2494,231.83,231.83,0,0,109
1055199,81,11,2494,213.43,213.43,0,0,54
1212205,83,11,2494,213.43,214.43,0,0,54
1254853,112,11,2494,243.5,242.5,0,0,28
1270211,128,11,2494,196,194,0,0,96
1344836,131,11,2494,196,195,0,0,68
1162960,136,11,2494,195,194,0,0,81
1364675,137,11,2494,194,194,0,0,54
1458700,141,11,2494,194,196,0,0,121
1413761,144,11,2494,196,196,0,0,136
1362700,7,11,1847,243.5,243.5,0,0,41
1452918,11,11,1847,271.63,271.63,0,0,15
1352374,14,11,1847,242.5,272.63,0,0,42
1006671,26,11,1847,244.5,243.5,0,1,53
1114536,36,11,1847,256.08,258.08,0,1,67
1167773,45,11,1847,233.8,232.8,0,0,40
1404359,48,11,1847,233.8,232.8,0,0,68
1334030,49,11,1847,251.29,250.29,0,0,94
1476981,53,11,1847,240.56,242.56,0,0,40
1499742,55,11,1847,242.56,240.56,0,0,14
1447922,56,11,1847,240.56,242.56,0,0,26
1368293,57,11,1847,242.53,241.53,0,0,82
1316455,58,11,1847,242.53,242.53,0,0,13
1109983,63,11,1847,242.53,243.53,0,0,15
1401596,72,11,1847,239.65,237.65,0,0,94
1271940,77,11,1847,233.83,231.83,0,0,68
1011036,81,11,1847,214.43,212.43,0,0,53
1307119,83,11,1847,213.43,212.43,0,0,69
1285105,112,11,1847,242.5,243.5,0,0,14
1375408,128,11,1847,196,196,0,0,122
1173774,131,11,1847,196,195,0,0,96
1388608,133,11,1847,196,195,0,0,134
1422766,136,11,1847,196,194,0,0,123
1162432,137,11,1847,195,194,0,0,68
1128038,141,11,1847,195,196,0,0,27
1000608,144,11,1847,194,195,0,0,95
1305883,7,11,1558,611.13,611.13,0,0,175
1079838,11,11,1558,581.03,583.03,0,0,123
1205342,14,11,1558,611.13,610.13,0,0,53
1471886,26,11,1558,484.03,610.13,1,1,337
1336257,36,11,1558,679.03,680.03,0,0,53
1475391,45,11,1558,484.03,679.03,1,0,433
1420933,48,11,1558,638.29,637.29,0,0,80
1364135,49,11,1558,680.03,679.03,0,0,69
1356547,53,11,1558,678.03,680.03,0,0,122
1471948,55,11,1558,484.03,680.03,1,0,230
1143110,56,11,1558,679.03,679.03,0,0,41
1328589,57,11,1558,680.03,680.03,0,0,68
1478049,58,11,1558,679.03,680.03,0,0,69
1023177,63,11,1558,433.59,678.03,1,0,555
1396659,72,11,1558,679.03,680.03,0,0,81
1461850,77,11,1558,680.03,679.03,0,0,107
1443042,81,11,1558,678.03,678.03,0,0,95
1311814,83,11,1558,680.03,678.03,0,0,136
1141647,112,11,1558,698.43,698.43,0,0,94
1294461,128,11,1558,640.23,639.23,0,0,109
1414246,131,11,1558,490.85,640.23,1,1,391
1264348,133,11,1558,639.23,639.23,0,0,41
1243341,136,11,1558,547.08,640.23,1,1,459
1352062,137,11,1558,547.08,639.23,0,0,149
1401412,141,11,1558,461.78,641.23,1,1,690
1324797,144,11,1558,547.08,547.08,0,0,148
1302838,7,11,2581,612.13,611.13,0,0,177
1194479,11,11,2581,582.03,583.03,0,0,162
1242104,14,11,2581,617.95,617.95,0,0,284
1122523,26,11,2581,486.03,611.13,1,1,419
1130990,36,11,2581,679.03,678.03,0,0,136
1109788,45,11,2581,485.03,680.03,1,0,377
1415128,48,11,2581,680.03,679.03,0,0,82
1486526,49,11,2581,678.03,680.03,0,0,149
1289208,53,11,2581,678.03,678.03,0,0,94
1460939,54,11,2581,679.03,680.03,0,0,162
1309499,55,11,2581,485.03,680.03,1,0,406
1048228,56,11,2581,679.03,678.03,0,0,176
1151341,57,11,2581,680.03,678.03,0,0,230
1015344,58,11,2581,678.03,678.03,0,0,135
1429978,63,11,2581,440.44,680.03,1,0,701
1460394,72,11,2581,678.03,678.03,0,0,40
1068691,77,11,2581,581.03,679.03,0,0,28
1493483,81,11,2581,679.03,678.03,0,0,82
1358162,83,11,2581,678.03,678.03,0,0,81
1103472,112,11,2581,698.43,698.43,0,0,149
1474237,131,11,2581,484.03,641.23,1,0,269
1334716,133,11,2581,641.23,640.23,0,0,68
1280799,136,11,2581,547.08,641.23,1,1,256
1459426,137,11,2581,548.08,640.23,0,1,243
1011486,141,11,2581,465.66,640.23,1,1,811
1227349,144,11,2581,547.08,640.23,0,0,177
1152763,7,11,1962,610.13,610.13,0,0,297
1126549,11,11,1962,588.79,589.79,0,0,243
1212007,14,11,1962,612.13,611.13,0,0,189
1216212,26,11,1962,496.7,610.13,1,0,595
1113763,36,11,1962,678.03,678.03,0,0,243
1419888,45,11,1962,486.03,678.03,1,1,688
1003604,48,11,1962,669.3,669.3,0,0,366
1170681,49,11,1962,678.03,679.03,0,0,339
1422200,53,11,1962,680.03,679.03,0,0,351
1146710,54,11,1962,680.03,679.03,0,0,499
1296635,55,11,1962,488.94,678.03,1,1,810
1177903,56,11,1962,680.03,679.03,0,0,285
1440573,57,11,1962,680.03,680.03,0,0,323
1094796,58,11,1962,678.03,679.03,0,0,256
1325070,63,11,1962,436.5,680.03,1,1,1093
1458787,72,11,1962,678.03,679.03,0,0,175
1119773,77,11,1962,678.03,680.03,0,0,189
1140480,81,11,1962,680.03,680.03,0,0,204
1482585,83,11,1962,680.03,678.03,0,0,217
1092974,112,11,1962,697.43,697.43,0,0,203
1178920,131,11,1962,486.94,640.23,1,0,823
1261976,133,11,1962,641.23,639.23,0,0,162
1030293,136,11,1962,548.08,639.23,1,0,823
1293253,137,11,1962,548.08,640.23,0,0,243
1296672,141,11,1962,459.78,639.23,1,0,1647
1312973,144,11,1962,549.08,548.08,0,0,283
1011882,7,11,1445,670.33,668.33,0,0,67
1057933,11,11,1445,435.53,669.33,0,1,512
1281153,14,11,1445,618.86,618.86,0,0,42
1208140,26,11,1445,533.53,630.56,0,0,82
1002282,36,11,1445,670.33,620.86,0,1,215
1440947,45,11,1445,620.86,619.86,0,0,134
1245578,48,11,1445,618.86,619.86,0,0,108
1334441,49,11,1445,618.86,618.86,0,0,107
1184954,53,11,1445,389.03,618.86,1,1,796
1093921,54,11,1445,618.86,620.86,0,0,40
1354851,55,11,1445,620.86,618.86,0,0,67
1043085,56,11,1445,620.86,618.86,0,0,81
1161735,57,11,1445,610.13,610.13,0,0,80
1315207,58,11,1445,610.19,610.19,0,0,81
1183265,63,11,1445,610.19,608.19,0,0,26
1336146,72,11,1445,611.13,611.13,0,0,109
1284609,77,11,1445,563.63,561.63,0,0,135
1053986,81,11,1445,668.33,669.33,0,0,121
1335191,83,11,1445,670.33,669.33,0,0,80
1191923,112,11,1445,668.33,669.33,0,0,96
1370334,131,11,1445,727.53,728.53,0,0,14
1364459,133,11,1445,484.03,728.53,1,1,297
1166795,136,11,1445,727.53,726.53,0,0,40
1057614,137,11,1445,727.53,726.53,0,0,55
1431383,141,11,1445,728.53,727.53,0,0,40
1082942,144,11,1445,484.03,727.53,1,0,163
1080187,7,11,2444,670.33,669.33,0,0,161
1142947,11,11,2444,437.53,670.33,0,0,217
1355357,14,11,2444,620.86,619.86,0,0,40
1452646,26,11,2444,532.53,619.86,0,0,134
1248841,36,11,2444,669.33,620.86,0,1,81
1471464,45,11,2444,620.86,618.86,0,0,121
1497029,48,11,2444,620.86,619.86,0,0,69
1288545,49,11,2444,623.74,622.74,0,0,189
1166428,53,11,2444,387.03,619.86,1,1,744
1391863,54,11,2444,618.86,619.86,0,0,148
1475378,55,11,2444,620.86,619.86,0,0,28
1125299,56,11,2444,620.86,620.86,0,0,28
1153828,57,11,2444,610.19,610.19,0,0,121
1422907,58,11,2444,610.19,608.19,0,0,188
1243198,63,11,2444,610.19,609.19,0,0,96
1082066,72,11,2444,612.13,611.13,0,0,136
1202730,77,11,2444,562.63,562.63,0,0,163
1401397,81,11,2444,647.99,648.99,0,0,67
1303047,83,11,2444,668.33,670.33,0,0,41
1366873,112,11,2444,668.33,669.33,0,0,96
1020048,131,11,2444,726.53,727.53,0,0,69
1423355,133,11,2444,486.03,728.53,1,0,312
1177382,141,11,2444,726.53,728.53,0,0,42
1179350,144,11,2444,486.03,728.53,1,1,431
1467836,7,11,2867,670.33,669.33,0,0,80
1285788,11,11,2867,435.53,668.33,0,0,203
1014312,14,11,2867,619.86,619.86,0,0,67
1104586,26,11,2867,533.53,618.86,0,0,216
1352573,36,11,2867,668.33,620.86,0,1,80
1405770,45,11,2867,620.86,619.86,0,0,108
1476933,48,11,2867,619.86,618.86,0,0,69
1292853,49,11,2867,619.86,620.86,0,0,67
1433959,53,11,2867,387.03,619.86,1,0,258
1228703,54,11,2867,619.86,620.86,0,0,135
1126523,55,11,2867,619.86,619.86,0,0,26
1226045,57,11,2867,611.13,610.13,0,0,161
1371144,72,11,2867,611.13,610.13,0,0,123
1205709,77,11,2867,563.63,561.63,0,0,109
1369518,81,11,2867,669.33,668.33,0,0,94
1498204,83,11,2867,668.33,670.33,0,0,26
1334936,112,11,2867,670.33,670.33,0,0,81
1367948,131,11,2867,726.53,727.53,0,0,41
1297725,133,11,2867,484.03,726.53,1,0,163
1227768,137,11,2867,726.53,727.53,0,0,13
1422334,141,11,2867,726.53,726.53,0,0,27
1025012,144,11,2867,485.03,726.53,1,1,188
1232265,7,11,2760,243.53,243.53,0,0,80
1203589,11,11,2760,243.53,243.53,0,0,203
1386416,14,11,2760,106.76,243.53,0,0,1647
1347343,26,11,2760,181.42,241.53,0,1,419
1157609,36,11,2760,241.53,241.53,0,0,94
1278552,45,11,2760,241.53,242.53,0,0,231
1485485,48,11,2760,193.03,241.53,0,0,189
1347009,49,11,2760,241.53,242.53,0,0,215
1114085,53,11,2760,219.25,219.25,0,0,244
1383362,54,11,2760,218.25,220.25,0,0,215
1438460,55,11,2760,220.25,219.25,0,0,216
1054470,56,11,2760,219.25,220.25,0,0,188
1093613,57,11,2760,242.53,241.53,0,0,134
1403815,58,11,2760,241.53,241.53,0,0,285
1335944,63,11,2760,242.53,242.53,0,0,123
1035576,72,11,2760,242.53,243.53,0,0,229
1046213,77,11,2760,212.43,242.53,0,0,419
1354386,81,11,2760,242.53,243.53,0,0,230
1473714,83,11,2760,243.53,242.53,0,0,311
1332721,112,11,2760,243.53,243.53,0,0,229
1065853,131,11,2760,226.07,226.07,0,0,177
1104751,133,11,2760,241.53,241.53,0,0,231
1424421,136,11,2760,242.53,241.53,0,0,149
1302311,137,11,2760,241.53,242.53,0,0,107
1203031,141,11,2760,243.53,243.53,0,0,244
1354035,144,11,2760,161.99,242.53,0,1,419
1001136,7,11,1525,290.03,291.03,0,0,393
1137288,11,11,1525,241.53,291.03,0,0,539
1344832,14,11,1525,291.03,292.03,0,0,256
1183559,26,11,1525,290.03,292.03,0,0,175
1477312,45,11,1525,263.87,263.87,0,0,378
1212585,48,11,1525,292.03,292.03,0,0,190
1099690,49,11,1525,291.03,290.03,0,0,325
1316512,53,11,1525,292.03,292.03,0,0,269
1435406,54,11,1525,292.03,291.03,0,0,364
1401143,55,11,1525,292.03,291.03,0,0,269
1219114,56,11,1525,245.47,291.03,0,0,283
1324247,57,11,1525,241.53,291.03,0,0,419
1322389,58,11,1525,241.53,291.03,0,0,338
1089471,63,11,1525,243.53,292.03,0,0,607
1193291,72,11,1525,290.03,292.03,0,0,566
1264889,77,11,1525,291.03,291.03,0,0,447
1322294,81,11,1525,241.53,292.03,0,1,770
1407951,83,11,1525,290.03,292.03,0,0,459
1225584,131,11,1525,276.48,321.13,0,1,486
1039367,133,11,1525,254.14,319.13,0,0,512
1047215,136,11,1525,320.13,319.13,0,0,285
1035367,137,11,1525,247.35,319.13,0,1,662
1377092,141,11,1525,320.13,320.13,0,0,366
1328971,144,11,1525,321.13,321.13,0,0,216
1063812,7,11,2704,291.03,290.03,0,0,175
1059122,14,11,2704,292.03,291.03,0,0,162
1003465,26,11,2704,292.03,291.03,0,0,95
1068256,36,11,2704,243.53,292.03,0,0,53
1441838,45,11,2704,264.87,264.87,0,0,204
1347163,48,11,2704,290.03,292.03,0,0,122
1359186,49,11,2704,291.03,291.03,0,0,175
1416635,53,11,2704,290.03,290.03,0,0,177
1298946,54,11,2704,292.03,290.03,0,0,135
1193716,55,11,2704,290.03,291.03,0,0,68
1097716,56,11,2704,242.53,291.03,0,0,216
1323596,57,11,2704,245.44,291.03,0,0,269
1292168,58,11,2704,244.44,290.03,0,0,230
1107847,63,11,2704,242.56,292.03,0,1,634
1403897,72,11,2704,290.03,291.03,0,0,283
1396886,77,11,2704,292.03,292.03,0,0,162
1391166,81,11,2704,243.53,291.03,0,1,742
1128995,83,11,2704,292.03,291.03,0,1,406
1018906,131,11,2704,273.57,321.13,0,1,418
1143681,133,11,2704,263.84,320.13,0,1,298
1235409,136,11,2704,320.13,321.13,0,0,148
1123818,137,11,2704,251.29,321.13,0,1,501
1044722,141,11,2704,319.13,319.13,0,0,204
1051189,144,11,2704,321.13,320.13,0,0,176
1474217,7,11,2492,388.03,389.03,0,0,81
1352816,14,11,2492,387.03,387.03,0,0,27
1089289,26,11,2492,388.03,388.03,0,0,123
1249303,36,11,2492,388.03,389.03,0,0,41
1343238,45,11,2492,314.28,387.03,0,0,55
1033006,48,11,2492,324.04,389.03,0,1,40
1349604,49,11,2492,355.02,389.03,0,1,40
1318803,53,11,2492,388.03,389.03,0,0,26
1031028,54,11,2492,388.03,389.03,0,0,27
1076751,55,11,2492,389.03,388.03,0,0,14
1373311,57,11,2492,387.03,388.03,0,0,27
1093501,58,11,2492,389.03,387.03,0,0,40
1146181,63,11,2492,286.21,388.03,1,0,204
1226379,72,11,2492,389.03,387.03,0,0,55
1425292,77,11,2492,388.03,388.03,0,0,26
1116219,81,11,2492,293,389.03,1,1,175
1045503,83,11,2492,292,387.03,0,0,68
1007036,131,11,2492,389.03,389.03,0,0,81
1321454,133,11,2492,261.9,388.03,0,0,96
1440476,136,11,2492,389.03,387.03,0,0,69
1088639,137,11,2492,389.03,389.03,0,0,40
1132606,141,11,2492,342.47,387.03,0,0,54
1396929,144,11,2492,387.03,389.03,0,0,40
1068168,7,11,1543,438.5,437.5,0,0,149
1026421,26,11,1543,484.03,485.03,0,0,69
1199700,36,11,1543,484.03,484.03,0,0,53
1367056,45,11,1543,390,484.03,0,0,55
1394993,48,11,1543,486.03,485.03,0,0,42
1474335,49,11,1543,485.03,484.03,0,0,69
1242265,55,11,1543,388.03,463.72,1,1,204
1215870,56,11,1543,393.82,461.72,0,0,148
1246245,57,11,1543,388.03,462.72,0,0,96
1123093,58,11,1543,387.03,463.72,0,0,68
1429429,63,11,1543,462.72,463.72,0,0,94
1204045,72,11,1543,375.39,462.72,1,0,149
1026259,77,11,1543,462.72,463.72,0,0,67
1090291,81,11,1543,463.72,463.72,0,0,27
1447832,83,11,1543,389.03,462.72,0,0,67
1424802,131,11,1543,470.51,470.51,0,0,80
1043414,133,11,1543,482.09,483.09,0,0,82
1248879,136,11,1543,485.03,486.03,0,0,82
1042892,137,11,1543,370.57,485.03,1,1,257
1301330,141,11,1543,485.03,485.03,0,0,148
1388070,144,11,1543,484.03,484.03,0,0,69
1035789,7,11,2304,438.5,438.5,0,0,162
1325940,14,11,2304,484.03,486.03,0,0,42
1203221,21,11,2304,445.23,446.23,0,0,68
1014772,26,11,2304,486.03,486.03,0,0,13
1151759,36,11,2304,485.03,484.03,0,0,15
1196318,45,11,2304,388,484.03,0,0,94
1247795,48,11,2304,486.03,485.03,0,0,28
1177981,49,11,2304,486.03,484.03,0,0,67
1272167,54,11,2304,463.72,462.72,0,0,107
1052958,55,11,2304,389.03,463.72,1,0,149
1453469,56,11,2304,387.03,461.72,0,0,107
1033438,57,11,2304,395.76,463.72,0,0,121
1347972,58,11,2304,396.73,462.72,0,0,109
1348482,63,11,2304,462.72,463.72,0,0,162
1230352,72,11,2304,380.24,461.72,1,1,243
1330890,77,11,2304,462.72,463.72,0,0,134
1370368,81,11,2304,461.72,461.72,0,0,81
1361967,83,11,2304,389.03,462.72,0,0,82
1201409,131,11,2304,470.51,469.51,0,0,41
1399408,133,11,2304,483.09,484.09,0,0,53
1123829,136,11,2304,486.03,485.03,0,0,54
1320449,137,11,2304,363.78,486.03,1,1,190
1139106,141,11,2304,484.03,486.03,0,0,80
1104905,144,11,2304,485.03,485.03,0,0,53
1155349,7,83,1885,97.03,120.31,0,0,811
1182844,21,83,1885,121.31,122.28,0,1,744
1418091,26,83,1885,121.28,120.28,0,0,647
1292268,36,83,1885,97.03,120.31,1,0,809
1062840,45,83,1885,105.73,119.37,0,1,1215
1006420,49,83,1885,97.03,119.37,1,1,1230
1461643,54,83,1885,97.03,117.37,0,0,784
1378105,55,83,1885,113.52,113.52,0,0,782
1324834,56,83,1885,120.31,121.31,0,0,568
1314255,57,83,1885,121.28,120.28,0,0,526
1033363,58,83,1885,120.31,121.31,0,0,798
1323929,63,83,1885,118.37,119.37,0,0,420
1149686,72,83,1885,121.28,120.28,0,0,798
1050478,77,83,1885,122.28,121.28,0,0,501
1316173,81,83,1885,120.28,121.28,0,0,458
1170624,83,83,1885,121.31,121.31,0,0,715
1164459,131,83,1885,120.28,119.37,0,1,675
1073471,133,83,1885,98,117.37,0,1,985
1070172,136,83,1885,121.28,122.28,0,0,649
1312689,137,83,1885,122.28,120.28,0,0,756
1260067,141,83,1885,118.34,118.34,0,0,716
1036375,144,83,1885,118.37,119.37,0,0,553
