train.csv
id,week,center_id,meal_id,checkout_price,base_price,emailer_for_promotion,homepage_featured,num_orders
1207560,7,83,1993,97.03,120.28,0,0,526
1297284,21,83,1993,121.28,120.28,0,0,728
1061603,26,83,1993,119.37,118.37,0,0,581
1327926,36,83,1993,97,119.31,1,0,932
1437613,45,83,1993,102.88,122.28,0,1,1052
1389358,49,83,1993,96.06,121.28,1,1,1080
1472073,54,83,1993,96.03,122.28,0,0,1323
1074172,55,83,1993,112.52,113.52,0,0,1311
1308666,56,83,1993,122.28,120.28,0,0,674
1275527,57,83,1993,122.28,121.28,0,0,702
1336133,58,83,1993,120.28,121.28,0,0,864
1159531,63,83,1993,121.31,119.31,0,0,663
1441168,72,83,1993,119.31,120.31,0,0,689
1298659,81,83,1993,120.28,120.28,0,0,891
1077047,131,83,1993,121.28,113.49,0,1,540
1274839,133,83,1993,97.97,113.49,0,1,1041
1063190,136,83,1993,119.31,119.31,0,0,485
1047885,137,83,1993,120.31,121.31,0,0,636
1264165,141,83,1993,121.31,121.31,0,0,527
1409760,144,83,1993,120.28,120.28,0,0,487
1102963,7,83,2539,121.31,119.31,0,0,215
1167229,21,83,2539,120.28,122.28,0,0,122
1058333,26,83,2539,119.34,119.34,0,0,134
1148211,36,83,2539,93.12,120.34,1,0,67
1000004,45,83,2539,95.06,120.34,0,0,271
1284090,49,83,2539,96.03,119.34,1,0,325
1422506,54,83,2539,96.03,118.34,0,0,365
1117724,55,83,2539,116.46,115.46,0,0,350
1103266,56,83,2539,123.25,121.25,0,0,163
1483492,58,83,2539,122.28,122.28,0,0,202
1289481,63,83,2539,120.31,120.31,0,0,96
1174769,72,83,2539,121.28,122.28,0,0,270
1469638,81,83,2539,121.31,119.31,0,0,215
1182412,133,83,2539,96.09,109.61,0,1,350
1084273,136,83,2539,115.43,116.43,0,0,298
1378369,137,83,2539,122.28,122.28,0,0,378
1125526,141,83,2539,120.31,120.31,0,0,405
1403917,144,83,2539,121.31,120.31,0,0,324
1362956,7,83,2139,456.93,454.93,0,0,13
1444098,9,83,2139,454.93,455.93,0,0,13
1079421,26,83,2139,455.93,454.93,0,0,13
1437586,36,83,2139,297.82,296.82,0,0,13
1082102,45,83,2139,308.49,307.49,0,0,28
1432868,49,83,2139,308.49,308.49,0,0,14
1356976,54,83,2139,277.48,307.49,0,0,26
1068738,55,83,2139,291.03,290.03,0,0,13
1251733,56,83,2139,291.03,291.03,0,0,14
1105193,58,83,2139,276.45,277.45,0,0,14
1178134,63,83,2139,307.49,307.49,0,0,14
1494858,64,83,2139,296.82,298.82,0,0,41
1170725,72,83,2139,244.5,296.88,0,0,41
1088747,81,83,2139,292.03,291.03,0,0,13
1021907,133,83,2139,292.03,290.03,0,0,15
1050493,136,83,2139,290.03,290.03,0,0,27
1189449,137,83,2139,291.03,292.03,0,0,96
1356283,141,83,2139,284.24,285.24,0,0,55
1283897,144,83,2139,280.33,281.33,0,0,40
1151979,7,83,2631,252.2,252.2,0,0,41
1112731,9,83,2631,261.93,262.93,0,0,54
1104244,21,83,2631,92.21,254.14,0,0,108
1131575,26,83,2631,97.03,262.93,0,0,107
1107659,36,83,2631,153.26,154.26,0,0,149
1145482,45,83,2631,150.41,143.59,0,1,40
1310654,49,83,2631,99,136.83,0,0,13
1272480,54,83,2631,138.74,154.26,0,0,13
1060628,55,83,2631,151.32,153.32,0,0,96
1339852,56,83,2631,153.26,155.26,0,0,13
1476980,58,83,2631,155.26,154.26,0,0,26
1486242,63,83,2631,154.26,153.26,0,0,14
1493822,64,83,2631,148.41,149.41,0,0,41
1472077,72,83,2631,148.41,148.41,0,0,82
1423750,81,83,2631,120.31,151.32,0,0,53
1417943,97,83,2631,148.41,150.41,0,0,41
1348454,133,83,2631,149.38,150.38,0,0,53
1315432,136,83,2631,95.06,149.38,0,1,203
1446054,137,83,2631,96.03,151.38,0,1,324
1344374,141,83,2631,151.38,150.38,0,0,54
1478812,144,83,2631,146.53,144.53,0,0,95
1226093,7,83,1248,260.93,260.93,0,0,27
1249051,9,83,1248,260.93,261.93,0,0,28
1323934,21,83,1248,93.18,261.93,0,1,80
1153777,26,83,1248,97.03,262.93,0,1,230
1385833,36,83,1248,149.38,260.93,0,0,122
1353021,45,83,1248,150.35,153.26,0,1,67
1010157,49,83,1248,98,147.44,0,0,55
1476895,54,83,1248,154.26,155.26,0,0,80
1254711,55,83,1248,147.5,147.5,0,0,26
1258549,56,83,1248,150.35,152.35,0,0,67
1449410,58,83,1248,151.38,149.38,0,0,53
1422839,60,83,1248,150.35,150.35,0,0,69
1287445,63,83,1248,151.35,152.35,0,0,81
1222671,64,83,1248,151.38,149.38,0,0,55
1038535,72,83,1248,153.26,153.26,0,0,27
1382934,81,83,1248,145.53,144.53,0,0,136
1407658,97,83,1248,154.26,155.26,0,0,41
1339765,133,83,1248,154.26,153.26,0,0,14
1124159,136,83,1248,95.06,155.26,0,1,243
1346481,137,83,1248,97.03,155.26,0,1,190
1149582,141,83,1248,153.26,154.26,0,0,94
1271913,7,83,1778,157.2,157.2,0,0,149
1428409,9,83,1778,160.11,160.11,0,0,405
1420025,21,83,1778,159.11,160.11,0,0,432
1372899,26,83,1778,182.42,180.42,0,0,269
1398903,36,83,1778,162.05,161.05,0,0,324
1310256,45,83,1778,183.36,184.36,0,0,352
1405130,49,83,1778,177.54,176.54,0,0,190
1446484,54,83,1778,177.54,177.54,0,0,190
1179519,55,83,1778,176.54,178.54,0,0,297
1113891,56,83,1778,172.69,173.69,0,0,285
1136524,58,83,1778,156.2,157.2,0,0,216
1100137,60,83,1778,159.08,160.08,0,0,229
1107008,63,83,1778,177.54,178.54,0,0,150
1030728,64,83,1778,168.84,166.84,0,0,81
1145160,72,83,1778,181.45,180.45,0,0,283
1315758,81,83,1778,179.48,180.48,0,0,271
1174594,97,83,1778,156.17,157.17,0,0,244
1118071,133,83,1778,158.14,159.14,0,0,365
1257521,136,83,1778,160.11,160.11,0,0,216
1349164,137,83,1778,149.41,149.41,0,0,284
1337043,141,83,1778,172.66,173.66,0,0,312
1056113,144,83,1778,153.29,154.29,0,0,379
1209714,7,83,1062,160.05,160.05,0,0,582
1154630,9,83,1062,159.14,158.14,0,0,553
1241774,21,83,1062,159.11,182.42,0,0,649
1414489,26,83,1062,181.45,179.45,0,0,473
1150990,36,83,1062,158.11,160.11,0,0,607
1021273,45,83,1062,179.48,180.48,0,0,622
1088321,49,83,1062,175.6,175.6,0,0,446
1071975,54,83,1062,174.6,176.6,0,0,203
1306642,55,83,1062,177.57,175.57,0,0,377
1395540,56,83,1062,172.69,171.69,0,0,567
1097627,58,83,1062,157.14,159.14,0,0,743
1499977,60,83,1062,154.26,155.26,0,0,500
1316167,63,83,1062,175.57,177.57,0,0,539
1156354,64,83,1062,177.51,179.51,0,0,514
1203474,72,83,1062,180.45,181.45,0,0,568
1120899,81,83,1062,176.57,177.57,0,0,420
1267328,97,83,1062,156.17,158.17,0,0,323
1434535,133,83,1062,157.17,179.45,0,0,499
1109211,136,83,1062,151.32,180.45,0,0,701
1074746,137,83,1062,152.29,179.45,0,0,366
1160763,141,83,1062,166.84,167.84,0,0,648
1312644,144,83,1062,156.17,156.17,0,0,582
1112826,7,83,2707,223.16,222.16,0,0,377
1074583,9,83,2707,222.16,223.16,0,0,393
1490249,13,83,2707,189.21,212.49,0,0,620
1225137,16,83,2707,189.21,211.49,0,0,269
1280106,21,83,2707,219.28,217.28,0,0,418
1080554,26,83,2707,219.22,219.22,0,0,204
1363111,36,83,2707,225.04,227.04,0,0,257
1405045,45,83,2707,224.13,222.13,0,0,500
1389910,49,83,2707,189.18,224.1,0,0,459
1262175,54,83,2707,190.18,190.18,0,0,378
1224419,55,83,2707,194.06,194.06,0,0,337
1209167,56,83,2707,228.01,227.01,0,0,459
1389009,58,83,2707,222.16,221.16,0,0,458
1288088,60,83,2707,227.04,226.04,0,0,297
1250814,63,83,2707,231.89,231.89,0,0,339
1039913,64,83,2707,225.07,226.07,0,0,391
1354065,72,83,2707,185.3,219.28,1,1,1067
1147481,81,83,2707,226.01,227.01,0,0,312
1082322,97,83,2707,181.39,216.34,0,0,296
1317539,133,83,2707,233.8,234.8,0,0,298
1156484,136,83,2707,213.43,212.43,0,0,283
1389883,137,83,2707,219.25,220.25,0,0,459
1158208,141,83,2707,228.95,227.95,0,0,581
1476624,144,83,2707,227.01,226.01,0,0,298
1374351,7,83,1207,318.16,319.16,0,0,242
1177792,9,83,1207,311.37,313.37,0,0,108
1322895,13,83,1207,323.01,324.01,0,0,190
1385481,16,83,1207,319.16,320.16,0,0,364
1144123,21,83,1207,315.31,315.31,0,0,258
1439026,26,83,1207,319.16,318.16,0,0,419
1145818,36,83,1207,317.22,318.22,0,0,405
1182756,45,83,1207,313.37,311.37,0,0,310
1391779,49,83,1207,284.24,316.28,1,1,620
1220938,54,83,1207,322.07,322.07,0,0,339
1002385,55,83,1207,313.34,313.34,0,0,231
1295695,56,83,1207,312.37,313.37,0,0,108
1286039,58,83,1207,317.22,316.22,0,0,190
1003657,60,83,1207,295.88,295.88,0,0,231
1238689,63,83,1207,292.94,293.94,0,0,122
1331528,64,83,1207,304.61,305.61,0,0,257
1455188,72,83,1207,322.1,322.1,0,0,230
1181261,81,83,1207,311.4,312.4,0,0,203
1065913,97,83,1207,310.4,312.4,0,0,230
1474184,124,83,1207,312.34,313.34,0,0,297
1393621,133,83,1207,369.63,368.63,0,0,95
1009748,136,83,1207,349.2,350.2,0,0,163
1443231,137,83,1207,355.08,355.08,0,0,188
1201116,141,83,1207,349.2,351.2,0,0,94
1070960,144,83,1207,353.14,353.14,0,0,149
1174339,7,83,1230,312.34,313.34,0,0,204
1085235,9,83,1230,318.16,318.16,0,0,229
1422726,13,83,1230,317.19,319.19,0,0,215
1362795,16,83,1230,324.04,322.04,0,0,242
1455397,21,83,1230,322.07,323.07,0,0,310
1259785,26,83,1230,323.04,323.04,0,0,269
1078626,36,83,1230,320.13,320.13,0,0,432
1486231,45,83,1230,317.22,317.22,0,0,189
1400167,49,83,1230,291.06,319.16,1,1,608
1493825,54,83,1230,323.04,323.04,0,0,204
1355757,56,83,1230,323.07,323.07,0,0,310
1409190,58,83,1230,317.22,316.22,0,0,458
1172929,60,83,1230,302.7,300.7,0,0,269
1028996,63,83,1230,322.04,324.04,0,0,231
1344316,64,83,1230,303.67,303.67,0,0,203
1236053,72,83,1230,309.49,308.49,0,0,271
1045875,81,83,1230,322.1,321.1,0,0,150
1061136,97,83,1230,317.25,317.25,0,0,271
1151836,124,83,1230,320.16,318.16,0,0,217
1129288,133,83,1230,358.96,357.96,0,0,134
1470010,136,83,1230,357.99,357.99,0,0,257
1144790,137,83,1230,352.14,351.14,0,0,244
1335347,141,83,1230,365.75,364.75,0,0,229
1165271,144,83,1230,357.96,357.96,0,0,217
1391894,9,83,2322,323.07,323.07,0,0,149
1161109,13,83,2322,320.1,320.1,0,0,109
1239924,16,83,2322,318.22,317.22,0,0,242
1194333,21,83,2322,325.01,325.01,0,0,82
1189011,26,83,2322,316.28,316.28,0,0,231
1082705,36,83,2322,321.1,322.1,0,0,148
1392355,45,83,2322,298.76,299.76,0,0,217
1296013,49,83,2322,289.12,322.1,1,1,553
1222407,54,83,2322,324.01,325.01,0,0,258
1368757,56,83,2322,321.07,322.07,0,0,148
1060782,58,83,2322,314.28,315.28,0,0,229
1051452,60,83,2322,324.98,325.98,0,0,176
1054291,63,83,2322,325.98,325.98,0,0,95
1167170,64,83,2322,324.98,324.98,0,0,135
1049455,72,83,2322,319.13,320.13,0,0,96
1151129,81,83,2322,325.01,325.01,0,0,53
1406363,97,83,2322,321.13,321.13,0,0,190
1306224,124,83,2322,319.13,320.13,0,0,271
1092258,133,83,2322,363.78,364.78,0,0,107
1307005,136,83,2322,361.84,360.84,0,0,297
1274242,137,83,2322,361.81,363.81,0,0,202
1253568,138,83,2322,360.87,359.87,0,0,54
1108525,141,83,2322,369.63,368.63,0,0,121
1101703,144,83,2322,353.08,354.08,0,0,121
1419297,9,83,2290,276.51,311.43,0,0,594
1493391,13,83,2290,310.43,310.43,0,0,797
1275670,16,83,2290,310.43,310.43,0,0,649
1179067,21,83,2290,297.82,297.82,0,0,960
1486642,26,83,2290,303.61,303.61,0,0,744
1327699,36,83,2290,294.91,294.91,0,0,797
1192946,45,83,2290,239.59,279.42,1,1,2713
1308886,49,83,2290,265.78,267.78,0,0,743
1178768,54,83,2290,269.72,267.72,0,0,1094
1292829,56,83,2290,272.63,272.63,0,0,1000
1494856,58,83,2290,234.77,268.75,0,0,958
1065047,60,83,2290,256.08,257.08,0,0,1081
1324130,63,83,2290,256.08,257.08,0,0,514
1004908,64,83,2290,262.87,262.87,0,0,445
1142033,72,83,2290,257.08,257.08,0,0,744
1285914,73,83,2290,272.63,271.63,0,0,701
1070360,81,83,2290,270.63,272.63,0,0,892
1147039,97,83,2290,228.95,227.95,0,0,580
1423718,124,83,2290,259.96,259.96,0,0,1052
1075153,133,83,2290,299.79,297.79,0,0,836
1249277,136,83,2290,283.3,283.3,0,0,500
1211338,137,83,2290,268.75,267.75,0,0,648
1078409,138,83,2290,292.97,291.97,0,0,701
1341372,141,83,2290,299.79,298.79,0,0,512
1044731,144,83,2290,297.79,299.79,0,0,512
1365147,9,83,1727,426.83,425.83,0,0,418
1425990,13,83,1727,425.83,425.83,0,0,325
1158420,16,83,1727,427.83,426.83,0,0,433
1212383,21,83,1727,426.83,426.83,0,0,433
1217751,36,83,1727,426.83,426.83,0,0,257
1468385,45,83,1727,426.83,426.83,0,0,392
1068080,49,83,1727,426.83,426.83,0,0,256
1328734,54,83,1727,426.83,427.83,0,0,296
1406878,56,83,1727,427.83,425.83,0,0,377
1125194,58,83,1727,264.87,402.58,1,0,971
1336789,60,83,1727,405.49,404.49,0,0,526
1007064,64,83,1727,425.83,426.83,0,0,258
1288592,72,83,1727,426.83,425.83,0,0,339
1105591,73,83,1727,427.83,426.83,0,0,311
1240365,81,83,1727,425.83,427.83,0,0,350
1390899,97,83,1727,425.83,425.83,0,0,161
1161953,124,83,1727,445.23,445.23,0,0,284
1271806,133,83,1727,446.23,445.23,0,0,269
1214479,136,83,1727,320.1,446.23,1,1,1081
1456801,137,83,1727,324.04,447.23,0,1,581
1464073,138,83,1727,438.47,438.47,0,0,377
1228364,141,83,1727,435.53,437.53,0,0,297
1495263,144,83,1727,445.23,446.23,0,0,229
1145088,9,83,1109,266.75,309.43,0,0,392
1351299,13,83,1109,299.76,299.76,0,0,379
1043484,16,83,1109,309.43,311.43,0,0,486
1310218,21,83,1109,259.05,310.43,0,0,540
1084799,37,83,1109,293.91,294.91,0,0,337
1130357,49,83,1109,239.65,319.13,0,0,647
1156403,54,83,1109,248.32,282.27,0,0,176
1010746,56,83,1109,321.13,319.13,0,0,352
1110047,58,83,1109,201.79,321.13,0,0,458
1323179,60,83,1109,228.98,319.13,0,0,514
1473943,64,83,1109,292.94,292.94,0,0,325
1080105,65,83,1109,255.11,292.94,0,0,339
1191512,72,83,1109,309.49,308.49,0,0,365
1297400,73,83,1109,261.96,308.49,0,0,366
1112268,81,83,1109,319.13,319.13,0,0,242
1100093,97,83,1109,243.53,319.13,0,0,392
1471261,124,83,1109,250.29,330.83,0,0,392
1377602,133,83,1109,330.83,330.83,0,0,580
1423404,136,83,1109,230.89,330.83,0,0,582
1168621,137,83,1109,277.45,330.83,0,0,298
1480411,138,83,1109,290.06,328.83,0,0,539
1037011,141,83,1109,288.15,286.15,0,0,539
1497307,144,83,1109,307.49,308.49,0,0,528
1455360,9,83,2577,241.53,242.53,0,0,68
1060515,13,83,2577,243.53,242.53,0,0,148
1197247,16,83,2577,243.53,242.53,0,0,215
1187591,21,83,2577,243.53,241.53,0,0,163
1365350,37,83,2577,281.33,281.33,0,0,107
1093069,49,83,2577,281.33,280.33,0,0,96
1319336,54,83,2577,280.33,282.33,0,0,109
1168364,56,83,2577,282.33,281.33,0,0,162
1230307,58,83,2577,282.33,282.33,0,0,68
1323392,60,83,2577,282.33,282.33,0,0,53
1010756,64,83,2577,281.33,280.33,0,0,123
1060260,65,83,2577,280.33,280.33,0,0,68
1433001,72,83,2577,282.33,280.33,0,0,40
1334754,73,83,2577,282.33,281.33,0,0,81
1487362,81,83,2577,282.33,280.33,0,0,94
1102579,97,83,2577,281.33,281.33,0,0,40
1164615,108,83,2577,212.46,282.33,1,0,123
1052190,124,83,2577,243.53,281.33,0,0,82
1242091,133,83,2577,319.13,320.13,0,0,67
1428249,136,83,2577,320.13,321.13,0,0,41
1311080,137,83,2577,320.13,320.13,0,0,81
1241873,138,83,2577,321.13,321.13,0,0,54
1241554,144,83,2577,320.13,321.13,0,0,40
1197566,9,83,2640,243.53,242.53,0,0,595
1207747,13,83,2640,242.53,243.53,0,0,202
1129022,16,83,2640,241.53,243.53,0,0,283
1492335,21,83,2640,242.53,242.53,0,0,283
1043431,37,83,2640,282.33,282.33,0,0,176
1373403,49,83,2640,282.33,282.33,0,0,663
1291456,54,83,2640,281.33,281.33,0,0,323
1091460,56,83,2640,280.33,281.33,0,0,284
1211007,58,83,2640,282.33,282.33,0,0,312
1377350,60,83,2640,280.33,280.33,0,0,310
1126852,64,83,2640,280.33,281.33,0,0,366
1355432,65,83,2640,282.33,282.33,0,0,432
1137061,72,83,2640,281.33,281.33,0,0,338
1112690,73,83,2640,281.33,280.33,0,0,283
1368443,81,83,2640,281.33,281.33,0,0,163
1082092,97,83,2640,282.33,280.33,0,0,188
1458742,108,83,2640,213.4,282.33,1,1,486
1376339,124,83,2640,242.53,281.33,0,1,297
1007660,133,83,2640,320.13,320.13,0,0,81
1160044,136,83,2640,320.13,321.13,0,0,148
1320173,137,83,2640,321.13,319.13,0,0,176
1262728,138,83,2640,320.13,319.13,0,0,123
1153600,141,83,2640,320.13,321.13,0,0,149
1388051,144,83,2640,294.94,294.94,0,0,163
1436661,9,83,1878,241.53,243.53,0,0,526
1051696,13,83,1878,243.53,241.53,0,0,256
1204050,16,83,1878,241.53,241.53,0,0,242
1278411,21,83,1878,242.53,243.53,0,0,95
1094511,37,83,1878,282.33,282.33,0,0,312
1161525,49,83,1878,281.33,280.33,0,0,485
1044194,54,83,1878,282.33,281.33,0,0,283
1254908,56,83,1878,280.33,282.33,0,0,296
1486330,58,83,1878,282.33,281.33,0,0,269
1429797,60,83,1878,280.33,282.33,0,0,366
1018325,64,83,1878,281.33,281.33,0,0,284
1418336,65,83,1878,282.33,281.33,0,0,351
1208809,67,83,1878,280.33,280.33,0,0,553
1028975,72,83,1878,281.33,280.33,0,0,378
1109647,73,83,1878,280.33,281.33,0,0,285
1174044,81,83,1878,280.33,282.33,0,0,284
1440076,97,83,1878,281.33,281.33,0,0,377
1331989,108,83,1878,215.4,281.33,1,1,541
1344953,124,83,1878,243.53,280.33,0,0,297
1237996,133,83,1878,321.13,321.13,0,0,134
1422308,136,83,1878,319.13,321.13,0,0,80
1496862,137,83,1878,320.13,320.13,0,0,123
1128713,138,83,1878,319.13,320.13,0,0,68
1007189,141,83,1878,320.13,320.13,0,0,107
1267617,144,83,1878,321.13,320.13,0,0,148
1120754,9,83,2306,243.5,244.5,0,0,42
1437584,13,83,2306,242.5,243.5,0,0,26
1362671,16,83,2306,340.53,340.53,0,0,26
1346483,21,83,2306,242.5,338.53,0,0,135
1392570,37,83,2306,339.53,340.53,0,0,26
1346934,49,83,2306,338.53,339.53,0,0,27
1099956,54,83,2306,242.5,339.53,0,0,40
1164345,58,83,2306,349.23,348.23,0,0,14
1209184,60,83,2306,349.23,349.23,0,0,42
1322068,65,83,2306,349.23,349.23,0,0,14
1170354,67,83,2306,244.5,350.23,0,0,15
1019066,72,83,2306,241.53,350.23,0,0,28
1018425,73,83,2306,241.53,350.23,0,0,13
1201150,81,83,2306,349.23,348.23,0,0,40
1394209,85,83,2306,242.5,348.23,0,0,42
1392173,124,83,2306,193.03,336.62,0,1,69
1109191,133,83,2306,336.62,336.62,0,0,13
1411872,137,83,2306,335.62,335.62,0,0,13
1368206,141,83,2306,337.62,335.62,0,0,15
1409571,144,83,2306,291.03,336.62,0,0,28
1190139,9,83,1216,341.5,416.13,0,0,26
1166999,13,83,1216,416.13,418.13,0,0,54
1232782,16,83,1216,418.13,416.13,0,0,14
1174953,21,83,1216,373.48,417.13,0,0,55
1492771,49,83,1216,418.13,418.13,0,0,15
1209405,54,83,1216,418.13,416.13,0,0,28
1409912,56,83,1216,437.53,436.53,0,0,13
1299391,58,83,1216,435.53,436.53,0,0,14
1445245,64,83,1216,435.53,437.53,0,0,107
1293790,65,83,1216,437.53,437.53,0,0,68
1210577,67,83,1216,437.53,436.53,0,0,54
1253612,72,83,1216,437.53,437.53,0,0,13
1328994,73,83,1216,388.03,436.53,1,0,53
1032986,85,83,1216,435.53,436.53,0,0,67
1196470,97,83,1216,437.53,435.53,0,0,28
1364664,108,83,1216,357.99,437.53,0,0,80
1059193,124,83,1216,414.25,413.25,0,0,53
1438116,133,83,1216,412.25,413.25,0,0,53
1474798,136,83,1216,414.25,412.25,0,0,27
1101062,137,83,1216,412.25,414.25,0,0,42
1160475,138,83,1216,412.25,413.25,0,0,27
1154722,141,83,1216,414.25,412.25,0,0,28
1213506,144,83,1216,290.03,412.25,0,1,122
