train.csv
id,week,center_id,meal_id,checkout_price,base_price,emailer_for_promotion,homepage_featured,num_orders
1014625,9,83,2126,486.03,484.03,0,0,28
1081804,13,83,2126,485.03,484.03,0,1,69
1182155,16,83,2126,485.03,486.03,0,0,13
1105398,21,83,2126,454.93,485.03,0,1,69
1148228,37,83,2126,552.93,553.93,0,0,13
1167456,54,83,2126,470.48,553.93,0,1,94
1169343,56,83,2126,436.5,552.93,0,1,41
1461205,58,83,2126,553.93,553.93,0,0,41
1258460,60,83,2126,552.93,551.93,0,0,42
1062534,64,83,2126,435.53,552.93,0,0,53
1211125,65,83,2126,552.93,553.93,0,0,54
1446634,67,83,2126,437.53,553.93,0,0,28
1408155,72,83,2126,486.03,553.93,0,0,121
1025495,73,83,2126,485.03,553.93,0,1,27
1487457,78,83,2126,515.13,515.13,0,0,28
1104775,85,83,2126,514.13,514.13,0,0,80
1084139,97,83,2126,425.83,425.83,0,0,54
1188422,108,83,2126,532.56,532.56,0,0,40
1097017,124,83,2126,426.8,531.56,0,0,40
1474099,133,83,2126,428.8,427.8,0,0,81
1467449,136,83,2126,483.06,483.06,0,0,40
1289735,137,83,2126,483.06,485.06,0,0,53
1427602,138,83,2126,484.06,484.06,0,0,42
1006308,141,83,2126,507.31,452.05,0,1,108
1196635,144,83,2126,507.31,508.31,0,0,27
1143865,9,83,2826,327.86,328.86,0,0,431
1344234,13,83,2826,327.86,327.86,0,0,377
1284833,16,83,2826,328.86,329.86,0,0,229
1474617,21,83,2826,328.86,328.86,0,0,283
1145780,37,83,2826,327.86,327.86,0,0,256
1469517,49,83,2826,242.53,328.86,0,0,458
1357925,54,83,2826,328.86,327.86,0,0,311
1447873,58,83,2826,327.86,327.86,0,0,311
1182245,60,83,2826,242.5,328.86,1,0,608
1359062,64,83,2826,269.69,329.86,1,0,1066
1121416,65,83,2826,329.86,328.86,0,0,231
1483030,67,83,2826,329.86,328.86,0,0,405
1149678,72,83,2826,328.86,328.86,0,0,324
1469652,73,83,2826,329.86,328.86,0,0,378
1388981,78,83,2826,309.43,311.43,0,0,324
1359970,85,83,2826,310.43,310.43,0,0,568
1309729,97,83,2826,242.5,309.43,0,0,433
1253858,108,83,2826,309.43,311.43,0,0,229
1415066,124,83,2826,321.1,321.1,0,0,365
1028632,133,83,2826,325.92,325.92,0,0,420
1285337,136,83,2826,327.92,326.92,0,0,351
1353270,137,83,2826,327.92,325.92,0,0,458
1078378,138,83,2826,325.92,325.92,0,0,312
1411571,141,83,2826,325.92,327.92,0,0,404
1404755,144,83,2826,326.92,326.92,0,0,244
1056108,9,83,1754,249.32,292.03,0,0,283
1301886,13,83,1754,290.03,290.03,0,0,418
1057340,16,83,1754,292.03,291.03,0,0,337
1429327,21,83,1754,259.96,261.96,0,0,393
1068141,37,83,1754,296.82,296.82,0,0,338
1329614,49,83,1754,279.42,277.42,0,0,838
1316376,54,83,1754,309.43,311.43,0,0,296
1035388,58,83,1754,241.59,310.43,0,0,418
1306188,60,83,1754,241.53,299.73,1,1,4807
1120391,64,83,1754,310.43,310.43,0,0,270
1278368,65,83,1754,309.43,310.43,0,0,458
1057995,67,83,1754,309.43,310.43,0,0,580
1192493,72,83,1754,309.43,311.43,0,0,581
1056529,73,83,1754,302.67,303.67,0,0,514
1042315,78,83,1754,301.73,300.73,0,0,431
1123950,85,83,1754,313.37,313.37,0,0,459
1285266,97,83,1754,321.07,321.07,0,0,229
1470853,108,83,1754,323.07,321.07,0,0,420
1442955,124,83,1754,303.61,304.61,0,0,351
1473140,133,83,1754,329.83,329.83,0,0,567
1021683,136,83,1754,320.16,320.16,0,0,404
1066254,138,83,1754,317.25,315.25,0,0,339
1411536,141,83,1754,323.98,324.98,0,0,433
1074250,144,83,1754,325.98,324.98,0,0,501
1153231,9,83,1971,292.03,292.03,0,0,310
1133650,13,83,1971,291.03,291.03,0,0,176
1125164,16,83,1971,292.03,290.03,0,0,338
1486067,21,83,1971,290.03,291.03,0,0,391
1336937,37,83,1971,311.43,310.43,0,0,242
1088228,49,83,1971,268.75,309.43,0,0,676
1099927,54,83,1971,309.43,311.43,0,0,350
1082188,58,83,1971,309.43,311.43,0,0,339
1434681,60,83,1971,244.5,310.43,1,1,4077
1144105,64,83,1971,311.43,311.43,0,0,202
1487800,65,83,1971,311.43,311.43,0,0,404
1358187,67,83,1971,310.43,311.43,0,0,419
1225481,72,83,1971,305.55,306.55,0,0,420
1343106,73,83,1971,309.43,309.43,0,0,350
1130610,78,83,1971,311.43,309.43,0,0,244
1135429,85,83,1971,322.07,322.07,0,0,283
1082606,97,83,1971,322.07,322.07,0,0,339
1058457,108,83,1971,247.41,323.07,1,1,1756
1143427,124,83,1971,193.09,321.07,1,0,1971
1040475,133,83,1971,194.97,323.07,1,1,1229
1370910,136,83,1971,323.07,323.07,0,0,217
1409939,138,83,1971,322.07,322.07,0,0,163
1025633,141,83,1971,327.86,328.86,0,0,204
1002153,144,83,1971,327.86,328.86,0,0,204
1443047,9,83,1247,485.03,485.03,0,0,53
1107323,13,83,1247,484.03,486.03,0,0,55
1476529,16,83,1247,456.93,454.93,0,0,53
1156392,21,83,1247,486.03,484.03,0,0,15
1476805,37,83,1247,485.03,485.03,0,0,53
1101024,54,83,1247,388.03,468.54,0,0,68
1025217,58,83,1247,484.03,485.03,0,0,27
1374245,60,83,1247,447.23,447.23,0,0,40
1083976,65,83,1247,445.23,447.23,0,0,28
1060971,67,83,1247,418.13,416.13,0,0,41
1056415,72,83,1247,446.23,445.23,0,0,15
1414641,78,83,1247,445.23,445.23,0,0,14
1474956,85,83,1247,447.23,447.23,0,0,54
1357466,97,83,1247,445.23,447.23,0,0,27
1109636,108,83,1247,388.03,387.03,0,0,14
1047073,124,83,1247,446.23,447.23,0,0,40
1007359,133,83,1247,447.23,445.23,0,0,26
1435563,136,83,1247,402.58,403.58,0,0,55
1354116,138,83,1247,389.03,387.03,0,0,14
1171372,141,83,1247,445.23,445.23,0,0,68
1361211,9,83,1558,582.03,583.03,0,0,41
1197978,13,83,1558,555.81,581.03,1,1,121
1420418,16,83,1558,639.23,641.23,0,0,109
1342025,21,83,1558,495.7,639.23,1,1,190
1033912,37,83,1558,435.59,640.23,1,0,379
1195285,49,83,1558,639.23,640.23,0,0,122
1406262,54,83,1558,639.23,640.23,0,0,161
1414312,58,83,1558,640.23,639.23,0,0,80
1436570,60,83,1558,640.23,640.23,0,0,231
1342140,64,83,1558,432.65,641.23,1,0,269
1289391,65,83,1558,639.23,640.23,0,0,82
1413214,67,83,1558,640.23,639.23,0,0,69
1111917,72,83,1558,641.23,639.23,0,0,94
1009578,73,83,1558,640.23,640.23,0,0,109
1129095,78,83,1558,641.23,641.23,0,0,28
1491370,85,83,1558,484.03,640.23,1,1,366
1302963,97,83,1558,639.23,639.23,0,0,81
1026246,108,83,1558,486.03,640.23,0,0,391
1133089,124,83,1558,629.53,630.53,0,0,67
1231769,133,83,1558,547.08,629.53,0,0,161
1272927,136,83,1558,533.5,547.08,1,1,364
1021712,138,83,1558,547.08,547.08,0,0,68
1295141,141,83,1558,517.07,548.08,1,1,431
1228915,9,83,2581,581.03,583.03,0,0,81
1160664,13,83,2581,532.53,585.94,1,0,204
1496765,16,83,2581,639.23,639.23,0,0,123
1332190,21,83,2581,485.03,639.23,1,1,325
1405981,37,83,2581,437.47,639.23,1,1,647
1275018,49,83,2581,641.23,640.23,0,0,121
1017573,54,83,2581,641.23,639.23,0,0,190
1144114,58,83,2581,639.23,639.23,0,0,163
1466603,60,83,2581,641.23,641.23,0,0,202
1357201,64,83,2581,433.59,640.23,1,1,553
1038645,65,83,2581,639.23,640.23,0,0,135
1033627,67,83,2581,639.23,640.23,0,0,68
1267906,73,83,2581,641.23,641.23,0,0,69
1490726,78,83,2581,641.23,640.23,0,0,55
1019332,85,83,2581,486.03,640.23,1,1,392
1089313,97,83,2581,639.23,640.23,0,0,80
1413478,108,83,2581,484.03,639.23,0,1,433
1099291,124,83,2581,658.63,659.63,0,0,190
1486773,133,83,2581,548.08,659.63,0,0,243
1274116,136,83,2581,534.53,549.08,1,1,391
1168144,138,83,2581,548.08,549.08,0,0,161
1400995,141,83,2581,510.25,548.08,1,1,621
1286183,9,83,1962,581.03,581.03,0,0,80
1343681,13,83,1962,532.53,583.03,1,1,311
1354646,16,83,1962,640.23,639.23,0,0,134
1306807,21,83,1962,486.03,640.23,1,1,216
1278178,37,83,1962,447.17,641.23,1,1,622
1384370,49,83,1962,641.23,640.23,0,0,203
1489942,54,83,1962,640.23,641.23,0,0,188
1468386,58,83,1962,640.23,641.23,0,0,149
1453672,60,83,1962,640.23,641.23,0,0,216
1456626,64,83,1962,439.44,640.23,1,1,621
1119967,65,83,1962,618.86,619.86,0,0,135
1430916,67,83,1962,639.23,639.23,0,0,202
1169025,73,83,1962,640.23,640.23,0,0,123
1303499,78,83,1962,640.23,639.23,0,0,122
1437450,85,83,1962,484.03,641.23,1,1,501
1245893,97,83,1962,640.23,640.23,0,0,107
1173195,108,83,1962,485.03,641.23,0,0,636
1135884,124,83,1962,660.63,658.63,0,0,121
1213200,133,83,1962,547.08,660.63,0,0,229
1081512,136,83,1962,533.53,547.08,1,1,378
1332584,138,83,1962,549.08,549.08,0,0,189
1346250,141,83,1962,518.04,547.08,1,1,621
1463391,9,83,1445,437.53,659.63,1,1,296
1115112,13,83,1445,669.33,669.33,0,0,68
1096320,16,83,1445,659.63,660.63,0,0,96
1289690,21,83,1445,659.63,659.63,0,0,42
1184788,37,83,1445,629.53,709.13,0,0,54
1209180,49,83,1445,631.53,630.53,0,0,108
1019143,58,83,1445,629.53,630.53,0,0,80
1463264,60,83,1445,486.03,630.53,1,0,231
1394907,64,83,1445,631.53,630.53,0,0,94
1067139,65,83,1445,486.03,631.53,1,1,189
1461707,67,83,1445,631.53,631.53,0,0,82
1480729,73,83,1445,629.53,630.53,0,0,109
1086466,78,83,1445,514.13,631.53,0,0,202
1123479,85,83,1445,709.13,707.13,0,0,41
1092168,97,83,1445,525.74,709.13,0,0,42
1106578,108,83,1445,707.13,709.13,0,0,13
1173064,124,83,1445,727.53,726.53,0,0,28
1268666,133,83,1445,498.58,767.33,1,1,257
1127591,136,83,1445,765.33,767.33,0,0,68
1383845,138,83,1445,734.29,736.29,0,0,69
1239175,141,83,1445,728.53,726.53,0,0,82
1079686,9,83,2444,436.53,660.63,1,0,203
1270702,13,83,2444,659.63,658.63,0,0,122
1080530,16,83,2444,660.63,658.63,0,0,161
1454404,21,83,2444,658.63,658.63,0,0,28
1063476,24,83,2444,597.58,595.58,0,0,53
1245214,28,83,2444,621.8,622.8,0,0,163
1335997,37,83,2444,649.93,649.93,0,0,55
1369389,49,83,2444,630.53,630.53,0,0,96
1074550,58,83,2444,630.53,708.13,0,0,80
1463611,59,83,2444,631.53,707.13,0,0,41
1370680,60,83,2444,486.03,708.13,1,0,215
1018996,64,83,2444,631.53,629.53,0,0,80
1176925,65,83,2444,500.55,631.53,1,1,190
1400939,67,83,2444,631.53,629.53,0,0,53
1177617,73,83,2444,630.53,629.53,0,0,53
1395321,78,83,2444,513.13,588.85,0,0,95
1350458,85,83,2444,709.13,707.13,0,0,41
1029103,97,83,2444,573.33,709.13,0,0,26
1388516,108,83,2444,707.13,709.13,0,0,13
1304246,124,83,2444,727.53,726.53,0,0,68
1086597,133,83,2444,484.03,767.33,1,1,136
1446529,136,83,2444,767.33,767.33,0,0,41
1410204,138,83,2444,728.53,728.53,0,0,15
1429377,141,83,2444,726.53,727.53,0,0,14
1470571,9,83,2867,437.53,658.63,1,1,312
1475844,13,83,2867,660.63,658.63,0,0,81
1301028,16,83,2867,660.63,658.63,0,0,55
1364428,21,83,2867,660.63,658.63,0,0,42
1158477,24,83,2867,618.92,618.92,0,0,40
1004521,28,83,2867,658.63,658.63,0,0,80
1454804,37,83,2867,629.53,629.53,0,0,42
1142939,49,83,2867,629.53,629.53,0,0,108
1020248,58,83,2867,629.53,631.53,0,0,150
1235091,59,83,2867,631.53,629.53,0,0,68
1443561,60,83,2867,486.03,631.53,1,0,175
1217960,64,83,2867,630.53,631.53,0,0,15
1005692,65,83,2867,484.03,630.53,1,1,82
1302495,67,83,2867,630.53,629.53,0,0,40
1306709,73,83,2867,629.53,631.53,0,0,69
1061632,78,83,2867,515.13,571.33,0,0,53
1321993,85,83,2867,708.13,707.13,0,0,68
1320745,97,83,2867,525.74,709.13,0,0,80
1018313,108,83,2867,707.13,707.13,0,0,14
1458653,124,83,2867,728.53,726.53,0,0,42
1021165,133,83,2867,485.03,765.33,1,0,204
1091587,136,83,2867,766.33,766.33,0,0,68
1149863,138,83,2867,726.53,726.53,0,0,41
1290440,9,83,2760,233.83,231.83,0,0,108
1119444,13,83,2760,206.61,233.83,0,0,162
1149098,15,83,2760,196,232.83,0,0,149
1012181,16,83,2760,196,232.83,0,0,188
1389435,21,83,2760,233.83,233.83,0,0,189
1491234,24,83,2760,219.25,218.25,0,0,339
1460520,28,83,2760,198.91,198.91,0,0,136
1326461,37,83,2760,233.83,231.83,0,0,54
1115144,49,83,2760,175.63,227.98,0,0,325
1263117,58,83,2760,237.68,194,0,1,134
1329276,59,83,2760,194,196,0,0,161
1294176,60,83,2760,194,194,0,0,109
1477605,64,83,2760,241.53,241.53,0,0,69
1124276,65,83,2760,243.53,242.53,0,0,134
1158877,67,83,2760,196,242.53,0,0,67
1182544,73,83,2760,242.53,242.53,0,0,136
1212870,78,83,2760,194,237.71,0,0,121
1163329,85,83,2760,213.43,241.53,0,1,190
1258376,97,83,2760,243.53,243.53,0,0,107
1218090,108,83,2760,243.53,241.53,0,0,54
1158798,124,83,2760,261.93,260.93,0,0,82
1028540,133,83,2760,261.93,261.93,0,0,67
1307309,136,83,2760,261.93,260.93,0,0,13
1387663,138,83,2760,260.93,261.93,0,0,96
1096040,141,83,2760,261.93,260.93,0,0,69
1068317,9,83,1525,282.33,281.33,0,0,67
1037124,13,83,1525,281.33,280.33,0,0,68
1147228,15,83,1525,282.33,280.33,0,0,80
1010626,16,83,1525,282.33,282.33,0,0,41
1157863,21,83,1525,264.84,265.84,0,0,94
1144480,24,83,1525,243.5,242.5,0,0,190
1323481,28,83,1525,241.53,290.03,1,1,176
1056194,37,83,1525,242.5,280.39,0,0,134
1055017,49,83,1525,242.53,292.03,0,0,108
1462542,58,83,1525,243.53,292.03,0,1,203
1077364,59,83,1525,292.03,291.03,0,0,54
1011465,60,83,1525,291.03,292.03,0,0,42
1088703,64,83,1525,241.53,291.03,1,1,311
1378372,65,83,1525,241.53,292.03,0,0,108
1176363,67,83,1525,290.03,292.03,0,0,108
1369475,73,83,1525,243.5,291.03,0,0,177
1456083,78,83,1525,286.18,290.03,0,1,121
1055371,85,83,1525,242.5,291.03,0,0,95
1060676,97,83,1525,243.53,290.03,0,1,190
1255277,108,83,1525,261.93,261.93,0,0,96
1057050,124,83,1525,321.13,320.13,0,0,82
1338585,133,83,1525,242.53,321.13,0,1,135
1228868,136,83,1525,319.13,321.13,0,0,53
1384952,138,83,1525,257.11,321.13,0,1,215
1417108,141,83,1525,319.13,321.13,0,0,95
1408332,9,83,2704,280.33,281.33,0,0,150
1143410,13,83,2704,280.33,280.33,0,0,69
1014537,15,83,2704,282.33,282.33,0,0,163
1010976,16,83,2704,281.33,280.33,0,0,107
1272606,21,83,2704,273.54,273.54,0,0,229
1388288,24,83,2704,243.5,275.54,0,0,204
1025923,28,83,2704,242.53,292.03,1,1,445
1351846,37,83,2704,246.38,284.27,0,0,149
1426192,49,83,2704,242.53,271.63,0,0,324
1229994,58,83,2704,242.53,291.03,0,1,405
1441604,59,83,2704,290.03,290.03,0,0,189
1197634,60,83,2704,290.03,292.03,0,0,230
1042360,64,83,2704,243.53,290.03,1,0,393
1211120,65,83,2704,242.53,292.03,0,0,242
1371305,67,83,2704,290.03,291.03,0,0,148
1151798,73,83,2704,243.5,292.03,0,0,364
1228449,78,83,2704,270.69,290.03,0,1,311
1357854,85,83,2704,243.5,290.03,0,0,298
1417986,97,83,2704,241.53,292.03,0,0,379
1166355,108,83,2704,260.93,262.93,0,0,176
1323188,124,83,2704,320.13,321.13,0,0,202
1266762,133,83,2704,257.08,313.37,0,1,393
1465479,136,83,2704,318.19,319.19,0,0,366
1346312,138,83,2704,258.02,319.19,0,1,500
1186487,141,83,2704,321.13,320.13,0,0,271
1292767,9,83,1543,438.5,437.5,0,1,15
1369487,10,83,1543,452.99,454.99,0,0,55
1142812,12,83,1543,503.43,505.43,0,0,27
1273585,13,83,1543,504.43,503.43,0,0,27
1086443,15,83,1543,389.03,505.43,1,0,258
1184985,16,83,1543,387.03,504.43,0,1,96
1038445,37,83,1543,465.63,465.63,0,1,55
1352500,49,83,1543,466.63,464.63,0,0,13
1407219,58,83,1543,400.61,466.63,0,0,122
1087634,59,83,1543,513.13,513.13,0,0,80
1404205,60,83,1543,514.13,513.13,0,0,42
1295149,64,83,1543,513.13,515.13,0,0,27
1290286,65,83,1543,515.13,514.13,0,0,28
1012944,67,83,1543,515.13,513.13,0,0,53
1122856,73,83,1543,387.03,513.13,0,0,67
1262194,78,83,1543,515.13,513.13,0,0,27
1096239,85,83,1543,388.03,513.13,0,1,41
1064544,97,83,1543,474.39,473.39,0,0,109
1187951,108,83,1543,473.39,473.39,0,0,41
1098343,124,83,1543,468.51,469.51,0,0,81
1260950,136,83,1543,484.09,483.09,0,0,107
1355465,138,83,1543,380.27,482.09,0,0,80
1470839,141,83,1543,482.09,483.09,0,0,53
1258621,9,83,2304,436.5,504.43,0,1,53
1215445,10,83,2304,436.5,504.43,0,0,14
1031340,12,83,2304,505.43,504.43,0,0,14
1074773,13,83,2304,504.43,505.43,0,0,54
1018702,15,83,2304,388.03,505.43,1,0,53
1165582,16,83,2304,411.31,504.43,0,1,68
1093492,24,83,2304,504.43,503.43,0,0,41
1392839,28,83,2304,505.43,504.43,0,0,13
1382814,37,83,2304,466.63,466.63,0,0,68
1410327,49,83,2304,466.63,466.63,0,0,13
1246651,58,83,2304,387.03,465.63,0,1,80
1154343,59,83,2304,387.03,466.63,0,1,149
1313022,60,83,2304,515.13,514.13,0,0,15
1245871,64,83,2304,514.13,513.13,0,0,41
1062252,65,83,2304,514.13,514.13,0,0,69
1088624,73,83,2304,387.03,514.13,0,0,42
1380342,78,83,2304,514.13,514.13,0,0,28
1166213,85,83,2304,387.03,514.13,0,0,14
1400929,97,83,2304,474.39,472.39,0,0,53
1271359,108,83,2304,472.39,473.39,0,0,15
1326630,124,83,2304,468.51,469.51,0,0,53
1008019,133,83,2304,480.15,482.15,0,0,108
1141025,136,83,2304,482.09,482.09,0,0,55
1417273,138,83,2304,387.03,484.09,0,0,41
1417195,141,83,2304,482.09,482.09,0,0,40
1048413,9,32,1885,114.46,116.46,0,0,323
1086907,10,32,1885,111.61,111.61,0,0,406
1426677,12,32,1885,117.43,117.43,0,0,285
1157565,13,32,1885,114.46,115.46,0,0,608
1224396,15,32,1885,115.49,115.49,0,0,338
1344263,16,32,1885,115.49,114.49,0,0,379
1293223,24,32,1885,95.06,115.49,0,0,365
1310055,28,32,1885,95.09,95.09,0,0,324
1207253,37,32,1885,96.06,97.06,0,0,472
1072798,49,32,1885,95.09,98.03,1,0,1242
1017249,58,32,1885,120.31,121.31,0,0,446
1298607,59,32,1885,120.31,120.31,0,0,458
1181508,60,32,1885,118.37,117.37,0,0,526
1031544,64,32,1885,119.34,120.34,0,0,554
1176795,65,32,1885,117.4,118.34,0,1,634
1418983,67,32,1885,117.37,117.37,0,1,649
1293615,69,32,1885,97.06,119.37,0,0,553
1484608,73,32,1885,122.28,122.28,0,0,364
1443586,78,32,1885,119.31,120.31,0,0,351
1104225,85,32,1885,98.03,118.34,0,1,474
1254148,108,32,1885,96.09,119.34,0,1,366
1111555,123,32,1885,120.28,120.34,0,1,379
1196409,124,32,1885,120.31,118.34,0,1,310
1072946,133,32,1885,96.03,112.55,0,0,365
1345905,136,32,1885,118.34,118.34,0,0,338
1456772,138,32,1885,120.31,120.31,0,0,203
1045218,141,32,1885,122.25,123.25,0,0,68
1117787,9,32,1993,108.67,109.67,0,0,446
1021076,10,32,1993,116.46,115.46,0,0,366
1067145,12,32,1993,110.58,112.58,0,0,473
1469810,13,32,1993,114.49,113.49,0,0,312
1048417,15,32,1993,116.46,116.46,0,0,528
1336348,16,32,1993,114.46,116.46,0,0,499
1044905,24,32,1993,95.06,114.46,0,0,404
1292753,28,32,1993,95.09,96.09,0,0,404
1356403,37,32,1993,94.12,93.12,0,0,364
1226963,49,32,1993,96.06,98.03,1,0,1094
1289526,58,32,1993,122.28,120.28,0,0,325
1017843,59,32,1993,120.34,119.34,0,0,203
1118392,60,32,1993,121.31,120.31,0,0,310
1050616,64,32,1993,116.4,116.4,0,0,418
1492170,65,32,1993,121.28,118.4,0,1,582
1221319,67,32,1993,118.37,117.37,0,0,393
1167402,69,32,1993,96.09,117.37,0,0,366
1260861,73,32,1993,123.25,123.25,0,0,204
1399561,78,32,1993,120.28,120.28,0,0,285
1442505,85,32,1993,99,120.28,0,1,554
1496470,108,32,1993,97,116.4,0,0,378
1040240,123,32,1993,118.34,120.34,0,0,270
1149134,124,32,1993,118.34,119.34,0,0,366
1015549,133,32,1993,95.06,119.37,0,1,392
1072182,136,32,1993,120.34,119.37,0,1,406
1162242,138,32,1993,116.4,117.37,0,1,311
1048769,141,32,1993,119.37,119.37,0,0,391
