train.csv
id,week,center_id,meal_id,checkout_price,base_price,emailer_for_promotion,homepage_featured,num_orders
1355950,9,32,2539,115.49,115.49,0,0,231
1069936,10,32,2539,110.61,111.61,0,0,258
1010161,12,32,2539,113.49,115.49,0,0,217
1006731,13,32,2539,113.49,114.49,0,0,190
1370806,15,32,2539,117.43,116.43,0,0,134
1310302,16,32,2539,109.67,109.67,0,0,175
1063708,24,32,2539,94.12,115.49,0,0,188
1356803,28,32,2539,96.09,95.09,0,0,134
1156059,78,32,2539,121.25,122.25,0,0,80
1100109,85,32,2539,97.03,118.34,0,0,107
1334891,108,32,2539,97.03,121.25,0,0,96
1108268,123,32,2539,120.28,117.37,0,1,190
1064199,124,32,2539,119.31,119.37,0,1,81
1023493,133,32,2539,94.12,113.55,0,0,109
1078340,136,32,2539,120.34,119.34,0,0,108
1159207,138,32,2539,121.31,120.31,0,0,95
1014213,141,32,2539,120.31,120.28,0,1,95
1200671,10,83,2492,446.23,445.23,0,0,42
1474980,13,83,2492,447.23,446.23,0,0,28
1227135,15,83,2492,446.23,446.23,0,0,13
1060809,16,83,2492,445.23,445.23,0,0,27
1396779,24,83,2492,447.23,447.23,0,0,14
1083038,28,83,2492,292.03,445.23,1,1,377
1102357,37,83,2492,445.23,445.23,0,0,42
1210714,49,83,2492,445.23,408.43,0,1,28
1124279,60,83,2492,446.23,445.23,0,0,28
1476658,64,83,2492,291.03,446.23,1,1,297
1182434,65,83,2492,342.44,447.23,0,1,81
1379467,67,83,2492,445.23,446.23,0,0,42
1417426,73,83,2492,446.23,446.23,0,0,40
1388297,78,83,2492,445.23,445.23,0,0,53
1419548,85,83,2492,446.23,445.23,0,1,69
1229582,97,83,2492,315.31,445.23,0,0,96
1108718,108,83,2492,293,446.23,0,0,53
1424096,124,83,2492,445.23,445.23,0,0,41
1456790,133,83,2492,291.03,445.23,0,1,53
1152904,136,83,2492,454.93,446.23,0,1,81
1281193,141,83,2492,408.37,456.93,0,0,55
1112669,10,32,2631,234.74,261.93,0,0,15
1341802,12,32,2631,256.08,258.08,0,0,68
1404815,13,32,2631,262.93,260.93,0,0,55
1416934,15,32,2631,95.06,260.93,1,0,797
1458331,24,32,2631,98.03,260.93,1,0,121
1172576,28,32,2631,153.26,260.93,0,0,40
1110358,37,32,2631,150.35,261.93,0,0,68
1053496,49,32,2631,98.03,152.35,0,0,243
1434962,58,32,2631,147.44,148.44,0,0,69
1013226,59,32,2631,147.44,147.44,0,0,69
1469015,60,32,2631,150.41,149.41,0,0,81
1458856,64,32,2631,150.38,150.38,0,0,53
1306543,65,32,2631,154.26,154.26,0,0,94
1476462,67,32,2631,150.35,150.35,0,0,54
1177315,69,32,2631,96.06,150.35,1,1,162
1329940,73,32,2631,153.26,153.26,0,0,53
1380827,78,32,2631,95.12,151.35,0,0,189
1190917,85,32,2631,100.91,154.26,1,1,148
1412205,108,32,2631,149.41,150.41,0,0,96
1396114,123,32,2631,97.06,145.5,0,0,27
1020384,124,32,2631,94.15,146.5,0,0,134
1060156,133,32,2631,155.26,154.26,0,0,42
1245775,136,32,2631,97,153.26,0,0,109
1261015,138,32,2631,99,154.26,0,0,67
1325343,141,32,2631,151.35,152.35,0,0,148
1117009,10,32,1248,262.93,260.93,0,0,40
1185540,12,32,1248,261.93,262.93,0,0,27
1156094,15,32,1248,97,261.93,1,0,594
1183911,24,32,1248,99,261.93,1,0,121
1074077,28,32,1248,153.26,262.93,0,0,13
1178608,37,32,1248,149.38,151.38,0,0,54
1475464,49,32,1248,97.06,152.32,0,0,176
1207403,58,32,1248,152.32,152.32,0,0,96
1374422,59,32,1248,149.44,147.44,0,0,108
1473724,64,32,1248,152.35,150.35,0,0,81
1049913,65,32,1248,145.5,145.5,0,0,107
1145129,67,32,1248,154.26,155.26,0,0,80
1237761,69,32,1248,98.03,154.26,1,0,202
1026955,73,32,1248,151.38,151.38,0,0,53
1177217,78,32,1248,96.06,150.38,0,0,150
1465001,85,32,1248,97.03,152.35,1,1,162
1358526,108,32,1248,148.41,148.41,0,0,40
1278676,123,32,1248,94.15,153.26,0,0,42
1221180,124,32,1248,99,155.26,0,0,13
1257777,133,32,1248,155.26,154.26,0,0,15
1164717,136,32,1248,99,155.26,0,0,14
1008549,138,32,1248,97.06,153.26,0,0,55
1229878,141,32,1248,146.5,146.5,0,0,27
1079410,10,32,1778,158.14,157.14,0,0,256
1263105,12,32,1778,175.6,175.6,0,0,257
1342723,15,32,1778,179.51,177.51,0,0,163
1366263,24,32,1778,172.69,171.69,0,0,217
1237688,28,32,1778,172.66,172.66,0,0,108
1242606,37,32,1778,174.63,175.63,0,0,134
1006611,49,32,1778,175.57,177.57,0,0,107
1263380,58,32,1778,149.38,176.6,0,0,258
1481777,59,32,1778,159.11,160.11,0,0,231
1415554,64,32,1778,179.51,178.51,0,0,82
1152130,67,32,1778,181.45,181.45,0,0,215
1010037,69,32,1778,177.57,177.57,0,0,189
1334289,73,32,1778,177.57,176.57,0,0,96
1411678,78,32,1778,178.51,177.51,0,0,80
1463795,85,32,1778,182.39,183.39,0,0,107
1027043,108,32,1778,159.14,157.14,0,0,231
1254489,123,32,1778,178.48,180.48,0,0,40
1322438,124,32,1778,179.45,179.45,0,0,123
1335085,133,32,1778,157.14,179.45,0,0,323
1104544,136,32,1778,158.14,179.45,0,0,258
1061836,138,32,1778,182.39,181.39,0,0,162
1379356,141,32,1778,173.63,174.63,0,0,242
1288134,10,32,1062,161.08,161.08,0,0,270
1203575,12,32,1062,179.48,178.48,0,0,405
1144705,15,32,1062,181.45,180.45,0,0,190
1347071,24,32,1062,174.63,174.63,0,0,161
1152331,28,32,1062,179.45,179.45,0,0,352
1122288,37,32,1062,171.69,171.69,0,0,230
1347215,49,32,1062,181.45,180.45,0,0,217
1254930,58,32,1062,158.14,180.48,0,0,312
1242258,59,32,1062,160.11,179.48,0,0,339
1066363,64,32,1062,179.45,181.45,0,0,339
1080183,67,32,1062,181.39,182.39,0,0,338
1183784,69,32,1062,182.42,182.42,0,0,243
1456480,73,32,1062,180.45,181.45,0,0,188
1179099,78,32,1062,183.36,182.36,0,0,338
1039408,85,32,1062,179.45,179.45,0,0,269
1054910,108,32,1062,157.14,159.14,0,0,432
1136181,123,32,1062,181.45,179.45,0,0,203
1154891,133,32,1062,159.14,184.33,0,0,298
1347942,136,32,1062,155.26,184.33,0,0,339
1061146,138,32,1062,180.45,179.45,0,0,216
1134152,141,32,1062,176.54,178.54,0,0,419
1467278,10,32,2707,224.1,225.1,0,0,163
1437004,12,32,2707,188.21,219.25,0,0,391
1030408,15,32,2707,190.12,220.25,0,0,257
1285259,24,32,2707,224.1,223.1,0,0,257
1415140,28,32,2707,227.95,228.95,0,0,216
1468482,37,32,2707,227.98,228.98,0,0,203
1095555,49,32,2707,194.97,224.1,0,0,202
1189032,58,32,2707,226.01,226.01,0,0,323
1006139,59,32,2707,222.13,222.13,0,0,350
1416025,64,32,2707,225.04,226.04,0,0,136
1068933,67,32,2707,223.1,225.1,0,0,284
1093230,69,32,2707,227.01,228.01,0,0,339
1189922,73,32,2707,184.36,218.25,0,0,458
1298921,78,32,2707,231.86,232.86,0,0,231
1213460,85,32,2707,228.01,226.01,0,0,229
1445029,108,32,2707,187.21,187.21,0,0,339
1154138,123,32,2707,191.15,191.15,0,0,378
1211385,133,32,2707,191.12,191.12,0,0,391
1267776,136,32,2707,182.36,184.36,0,0,512
1170250,138,32,2707,188.21,188.21,0,0,433
1156160,141,32,2707,208.55,209.55,0,0,393
1081421,10,32,1207,304.58,304.58,0,0,134
1131083,12,32,1207,319.13,320.13,0,0,96
1147718,15,32,1207,318.22,317.22,0,0,176
1355649,24,32,1207,321.07,321.07,0,0,204
1154676,28,32,1207,323.01,324.01,0,0,109
1029131,37,32,1207,317.19,319.19,0,0,69
1277530,49,32,1207,282.27,318.19,1,0,297
1140462,58,32,1207,321.13,320.13,0,0,94
1204440,59,32,1207,312.34,314.34,0,0,148
1301174,64,32,1207,320.1,322.1,0,0,107
1265344,67,32,1207,316.25,317.25,0,0,202
1182025,69,32,1207,325.98,324.98,0,0,135
1491019,73,32,1207,322.07,322.07,0,0,163
1432153,78,32,1207,321.13,320.13,0,0,108
1384067,85,32,1207,325.98,324.98,0,0,40
1351023,108,32,1207,283.27,282.27,0,0,204
1117275,123,32,1207,314.34,314.34,0,0,149
1443156,133,32,1207,358.9,360.9,0,0,162
1052513,136,32,1207,356.05,356.05,0,0,189
1078365,138,32,1207,347.26,348.26,0,0,53
1317689,141,32,1207,361.87,359.87,0,0,204
1178518,10,32,1230,316.22,318.22,0,0,188
1225553,12,32,1230,321.13,321.13,0,0,96
1138727,15,32,1230,324.98,324.98,0,0,109
1421741,24,32,1230,321.13,319.13,0,0,271
1331016,28,32,1230,318.16,320.16,0,0,189
1201960,58,32,1230,309.49,307.49,0,0,135
1126958,59,32,1230,313.34,314.34,0,0,188
1295362,64,32,1230,318.19,319.19,0,0,68
1108258,67,32,1230,302.7,300.7,0,0,176
1044733,69,32,1230,319.13,321.13,0,0,175
1127034,73,32,1230,304.61,304.61,0,0,175
1346259,78,32,1230,317.19,318.19,0,0,204
1176238,85,32,1230,320.1,322.1,0,0,122
1147178,108,32,1230,284.27,284.27,0,0,310
1381008,123,32,1230,320.16,318.16,0,0,256
1236624,133,32,1230,355.02,355.02,0,0,243
1311701,138,32,1230,366.72,366.72,0,0,135
1480164,141,32,1230,359.87,359.87,0,0,257
1374270,10,32,2322,323.98,325.98,0,0,54
1236599,12,32,2322,310.4,312.4,0,0,161
1081353,15,32,2322,316.25,315.25,0,0,161
1399056,24,32,2322,317.25,315.25,0,0,149
1315897,28,32,2322,319.13,319.13,0,0,297
1493007,58,32,2322,322.1,321.1,0,0,121
1374682,59,32,2322,321.07,322.07,0,0,175
1422461,64,32,2322,323.07,323.07,0,0,162
1354616,67,32,2322,323.98,323.98,0,0,53
1376123,69,32,2322,320.16,320.16,0,0,149
1333976,73,32,2322,317.19,317.19,0,0,203
1227489,78,32,2322,320.13,321.13,0,0,230
1301492,85,32,2322,325.98,325.98,0,0,41
1261907,108,32,2322,282.3,281.3,0,0,95
1384752,123,32,2322,318.19,319.19,0,0,271
1438315,133,32,2322,361.87,361.87,0,0,204
1365218,10,32,2290,301.67,303.67,0,0,566
1030433,12,32,2290,311.43,309.43,0,0,568
1279068,15,32,2290,309.43,310.43,0,0,674
1271512,24,32,2290,290.06,289.06,0,0,609
1381064,28,32,2290,302.67,303.67,0,0,527
1242842,58,32,2290,249.32,248.32,0,0,661
1375203,59,32,2290,268.75,268.75,0,0,1052
1237828,64,32,2290,251.23,253.23,0,0,366
1182777,67,32,2290,272.63,272.63,0,0,757
1174709,69,32,2290,271.63,270.63,0,0,769
1232703,73,32,2290,259.05,257.05,0,0,782
1151259,78,32,2290,264.81,265.81,0,0,661
1287892,85,32,2290,233.83,264.81,0,0,972
1059603,123,32,2290,241.53,241.53,0,0,1000
1078799,133,32,2290,259.96,259.96,0,0,744
1444418,10,32,1727,403.55,402.55,0,0,339
1276341,12,32,1727,404.55,402.55,0,0,269
1052801,15,32,1727,402.55,403.55,0,0,285
1383453,24,32,1727,402.55,404.55,0,0,203
1203725,28,32,1727,402.55,402.55,0,0,324
1354714,29,32,1727,403.55,402.55,0,0,352
1226399,58,32,1727,262.93,384.15,1,1,809
1135124,59,32,1727,270.63,385.15,1,1,406
1272374,64,32,1727,402.55,402.55,0,0,188
1319052,67,32,1727,403.55,404.55,0,0,271
1196090,69,32,1727,402.55,404.55,0,0,297
1100527,73,32,1727,402.55,403.55,0,0,312
1078791,78,32,1727,251.23,403.55,1,1,931
1240038,85,32,1727,403.55,404.55,0,0,338
1274435,123,32,1727,421.95,423.95,0,0,231
1363280,133,32,1727,423.95,421.95,0,0,298
1229089,10,32,1109,285.18,287.18,0,0,404
1227711,12,32,1109,283.3,283.3,0,0,553
1317193,15,32,1109,286.15,288.15,0,0,445
1394595,24,32,1109,286.21,284.21,0,0,391
1437939,28,32,1109,304.58,306.58,0,0,364
1468576,29,32,1109,306.58,305.58,0,0,393
1082852,58,32,1109,243.47,310.43,0,0,377
1411992,59,32,1109,247.38,310.43,0,0,594
1249469,64,32,1109,257.08,292,0,0,311
1346877,69,32,1109,309.43,310.43,0,0,433
1160035,73,32,1109,265.81,311.43,0,0,566
1328463,78,32,1109,299.76,298.76,0,0,215
1029627,85,32,1109,245.47,295.85,0,0,284
1442283,123,32,1109,274.57,330.8,0,0,392
1486283,133,32,1109,330.8,330.8,0,0,540
1482120,10,32,2577,242.53,242.53,0,0,81
1146142,12,32,2577,242.53,242.53,0,0,94
1207464,15,32,2577,242.53,241.53,0,0,55
1350986,24,32,2577,281.33,280.33,0,0,13
1226036,28,32,2577,281.33,280.33,0,0,15
1028457,29,32,2577,280.33,281.33,0,0,123
1165643,58,32,2577,282.33,282.33,0,0,67
1248640,59,32,2577,280.33,282.33,0,0,69
1281703,64,32,2577,282.33,281.33,0,0,68
1274387,69,32,2577,280.33,281.33,0,0,68
1153191,78,32,2577,282.33,282.33,0,0,54
1135221,85,32,2577,194.03,281.33,1,0,108
1090383,123,32,2577,243.53,280.33,0,0,53
1290136,10,32,2640,241.53,241.53,0,0,121
1497246,12,32,2640,241.53,241.53,0,0,231
1045631,15,32,2640,243.53,242.53,0,0,149
1478493,24,32,2640,280.33,280.33,0,0,96
1007590,28,32,2640,282.33,282.33,0,0,53
1271402,29,32,2640,280.33,281.33,0,0,80
1270620,58,32,2640,282.33,282.33,0,0,188
1064102,59,32,2640,280.33,280.33,0,0,190
1076317,64,32,2640,280.33,280.33,0,0,215
1375263,69,32,2640,282.33,280.33,0,0,190
1335512,78,32,2640,282.33,280.33,0,0,96
1455946,85,32,2640,197.94,280.33,1,1,716
1009873,117,32,2640,281.33,280.33,0,0,162
1262267,123,32,2640,242.53,282.33,0,0,134
1248751,10,32,1878,242.53,243.53,0,0,136
1339853,12,32,1878,242.53,241.53,0,0,107
1340032,15,32,1878,241.53,243.53,0,0,136
1152952,24,32,1878,280.33,281.33,0,0,13
1159598,28,32,1878,281.33,281.33,0,0,109
1001050,29,32,1878,282.33,282.33,0,0,54
1001846,58,32,1878,280.33,282.33,0,0,26
1466360,59,32,1878,282.33,280.33,0,0,94
1381325,64,32,1878,281.33,280.33,0,0,94
1181979,69,32,1878,280.33,282.33,0,0,122
1235337,85,32,1878,195.03,280.33,1,1,230
1008585,117,32,1878,282.33,281.33,0,0,68
1379061,123,32,1878,243.53,281.33,0,0,150
1207934,10,32,2306,244.5,339.53,0,0,53
1426916,12,32,2306,243.5,339.53,1,1,69
1012781,15,32,2306,242.5,338.53,0,0,40
1017467,24,32,2306,306.52,306.52,0,0,40
1427809,28,32,2306,339.53,340.53,0,0,15
1130975,29,32,2306,339.53,340.53,0,0,41
1008569,58,32,2306,359.93,358.93,0,0,15
1181850,59,32,2306,359.93,358.93,0,0,14
1359032,64,32,2306,338.53,339.53,0,0,27
1207254,69,32,2306,340.53,339.53,0,0,28
1479308,85,32,2306,244.5,339.53,0,0,54
1027277,123,32,2306,231.86,335.62,1,0,122
1133582,10,32,1216,339.5,641.23,0,1,55
1448680,12,32,1216,418.13,640.23,0,1,41
1179500,15,32,1216,416.13,639.23,0,1,54
1221604,24,32,1216,344.41,418.13,1,1,175
1156064,28,32,1216,418.13,416.13,0,0,15
1496889,29,32,1216,416.13,416.13,0,0,26
1393485,58,32,1216,513.13,515.13,0,0,28
1148329,59,32,1216,513.13,513.13,0,0,27
1235984,69,32,1216,445.23,445.23,0,0,53
1163626,85,32,1216,435.53,436.53,0,0,13
1011456,110,32,1216,341.5,405.52,0,0,42
1101089,117,32,1216,418.13,416.13,0,0,69
1050990,123,32,1216,416.13,417.13,0,0,26
1182519,10,32,2126,553.93,553.93,0,0,81
1269575,12,32,2126,484.03,506.34,1,1,94
1218165,15,32,2126,485.03,484.03,0,0,42
1390881,24,32,2126,519.98,517.98,0,0,28
1427271,28,32,2126,498.61,518.98,0,1,68
1259487,29,32,2126,533.53,532.53,0,0,27
1154220,58,32,2126,553.93,553.93,0,0,42
1175065,59,32,2126,553.93,553.93,0,0,54
1152753,64,32,2126,435.53,552.93,0,0,40
1438956,69,32,2126,515.13,514.13,0,0,68
1427772,85,32,2126,513.13,515.13,0,0,42
1484175,110,32,2126,508.31,436.53,0,1,40
1324051,117,32,2126,507.31,509.31,0,0,27
1145239,10,32,2826,241.53,274.54,1,0,512
1146846,12,32,2826,242.53,275.54,0,0,458
1014120,15,32,2826,280.36,279.36,0,0,298
1210366,24,32,2826,281.36,280.36,0,0,284
1366245,28,32,2826,260.93,281.36,1,0,541
1192314,29,32,2826,261.93,279.36,1,0,366
1200963,58,32,2826,279.36,281.36,0,0,323
1409746,59,32,2826,281.36,281.36,0,0,324
1453964,64,32,2826,270.69,279.36,1,0,634
1342966,69,32,2826,244.47,280.36,1,0,431
1486740,85,32,2826,309.43,310.43,0,0,433
1028097,110,32,2826,245.44,310.43,1,1,555
1295390,117,32,2826,327.92,326.92,0,0,231
1369264,123,32,2826,325.92,326.92,0,0,148
1353109,10,32,1754,258.08,258.08,0,0,312
1187736,12,32,1754,272.63,271.63,0,0,377
1231489,15,32,1754,281.33,280.33,0,0,458
1399197,24,32,1754,268.69,270.69,0,0,474
1196305,28,32,1754,269.69,268.69,0,0,324
1204457,29,32,1754,281.33,280.33,0,0,298
1290630,58,32,1754,256.14,254.14,0,0,432
1062838,59,32,1754,232.83,232.83,0,0,404
1071091,64,32,1754,276.51,276.51,0,0,256
1316434,69,32,1754,195,279.39,0,1,1877
1231893,85,32,1754,285.24,284.24,0,0,553
1040851,110,32,1754,243.47,283.24,1,1,1283
1431766,117,32,1754,290.03,290.03,0,0,420
1047527,123,32,1754,286.18,285.18,0,0,568
1445238,10,32,1971,241.53,280.36,1,1,2294
1101570,12,32,1971,242.53,279.36,0,1,338
1361057,15,32,1971,289.06,291.06,0,0,95
1115532,24,32,1971,290.06,289.06,0,0,393
1457554,28,32,1971,289.06,289.06,0,0,217
1149371,29,32,1971,290.06,291.06,0,0,136
1395563,59,32,1971,290.06,289.06,0,0,473
1247255,64,32,1971,291.06,290.06,0,0,285
1177604,69,32,1971,192.06,290.06,0,1,1430
1163087,85,32,1971,290.06,290.06,0,0,377
1081130,110,32,1971,288.09,290.09,0,0,458
1002207,117,32,1971,287.15,287.15,0,0,337
1014703,123,32,1971,193.03,290.06,1,1,1268
1470703,139,32,1971,289.06,291.06,0,0,350
1486543,10,32,1247,486.03,485.03,0,0,28
1097174,12,32,1247,484.03,484.03,0,0,14
1333178,15,32,1247,466.63,465.63,0,0,42
1120149,29,32,1247,485.03,486.03,0,0,53
1113629,51,32,1247,486.03,485.03,0,0,15
1041951,59,32,1247,486.03,485.03,0,0,14
1081974,64,32,1247,446.23,446.23,0,0,14
1247972,69,32,1247,418.13,417.13,0,0,28
1199420,85,32,1247,445.23,447.23,0,0,55
1021574,110,32,1247,447.23,446.23,0,0,13
1242524,117,32,1247,447.23,445.23,0,0,14
1179213,123,32,1247,388.03,447.23,0,0,27
1252449,139,32,1247,389.03,446.23,0,0,14
1002171,10,32,1558,584.94,585.94,0,0,204
1463646,12,32,1558,541.29,581.03,1,1,350
1134002,15,32,1558,639.23,640.23,0,0,216
1311802,24,32,1558,641.23,641.23,0,0,134
1008499,29,32,1558,640.23,639.23,0,0,217
1279660,51,32,1558,639.23,641.23,0,0,94
1252713,59,32,1558,639.23,641.23,0,0,149
1229522,64,32,1558,433.59,641.23,1,0,472
1093778,69,32,1558,640.23,640.23,0,0,54
1128232,85,32,1558,490.85,640.23,1,0,364
1338556,117,32,1558,461.72,639.23,1,1,257
1341608,123,32,1558,540.32,658.63,0,0,215
1372735,139,32,1558,532.53,534.53,0,0,190
1240942,10,32,2581,584.97,584.97,0,0,258
1491557,12,32,2581,534.53,583.03,1,0,122
1111454,24,32,2581,639.23,639.23,0,0,108
1041664,29,32,2581,641.23,639.23,0,0,163
1242891,51,32,2581,641.23,640.23,0,0,148
1330713,59,32,2581,641.23,639.23,0,0,177
1346191,64,32,2581,435.59,641.23,1,0,365
1350883,69,32,2581,641.23,641.23,0,0,122
1116148,70,32,2581,640.23,639.23,0,0,68
1155203,85,32,2581,486.03,639.23,1,1,365
1333482,110,32,2581,631.47,633.47,0,0,258
1212540,117,32,2581,495.67,639.23,1,1,391
1185215,121,32,2581,498.64,656.69,1,0,420
1198482,123,32,2581,526.74,645.11,0,0,134
1287844,139,32,2581,533.53,534.53,0,0,229
1334816,10,32,1962,583.97,583.97,0,0,270
1396262,12,32,1962,533.53,584.94,1,1,285
1424327,29,32,1962,641.23,640.23,0,0,284
1449200,51,32,1962,640.23,640.23,0,0,175
1227110,59,32,1962,641.23,641.23,0,0,177
1493699,64,32,1962,435.59,640.23,1,1,554
1364676,69,32,1962,639.23,640.23,0,0,150
1317092,70,32,1962,639.23,640.23,0,0,95
1456365,85,32,1962,486.03,641.23,1,1,701
1444745,110,32,1962,640.23,639.23,0,0,298
1367492,117,32,1962,485.06,641.23,1,1,217
1389301,121,32,1962,485,656.75,1,1,405
1380257,123,32,1962,519.98,658.63,0,0,296
1140258,139,32,1962,532.53,534.53,0,0,366
