train.csv
id,week,center_id,meal_id,checkout_price,base_price,emailer_for_promotion,homepage_featured,num_orders
1357892,10,32,1445,437.53,659.63,1,1,296
1059606,12,32,1445,659.63,660.63,0,0,69
1084530,15,32,1445,660.63,659.63,0,0,42
1157140,29,32,1445,660.63,659.63,0,0,26
1317917,51,32,1445,631.53,631.53,0,0,42
1273627,59,32,1445,629.53,629.53,0,0,80
1090517,64,32,1445,630.53,631.53,0,0,123
1419608,69,32,1445,485.03,630.53,1,1,109
1091987,70,32,1445,484.03,631.53,1,0,95
1379524,85,32,1445,709.13,708.13,0,0,14
1476489,110,32,1445,387.03,707.13,1,0,54
1484854,117,32,1445,726.53,726.53,0,0,69
1008152,121,32,1445,727.53,726.53,0,0,15
1495321,123,32,1445,479.21,726.53,1,1,217
1218143,130,32,1445,766.33,767.33,0,0,54
1263800,139,32,1445,728.53,728.53,0,0,26
1342942,10,32,2444,435.53,662.51,1,1,391
1051956,12,32,2444,548.08,662.51,0,0,54
1170665,51,32,2444,630.53,631.53,0,0,41
1148741,64,32,2444,631.53,629.53,0,0,13
1007032,69,32,2444,484.03,629.53,1,1,271
1176693,70,32,2444,485.03,629.53,1,1,217
1034816,85,32,2444,707.13,707.13,0,0,14
1134165,87,32,2444,708.13,708.13,0,0,42
1252997,110,32,2444,387.03,707.13,1,0,40
1210756,117,32,2444,726.53,728.53,0,0,26
1123550,121,32,2444,727.53,728.53,0,0,41
1285963,123,32,2444,470.51,728.53,1,1,298
1198071,130,32,2444,767.33,766.33,0,0,15
1357764,139,32,2444,727.53,726.53,0,0,13
1139204,10,32,2867,435.53,660.63,1,1,257
1200854,12,32,2867,660.63,658.63,0,0,26
1359228,15,32,2867,659.63,658.63,0,0,42
1445149,29,32,2867,659.63,658.63,0,0,54
1423266,51,32,2867,629.53,629.53,0,0,54
1145627,64,32,2867,629.53,631.53,0,0,69
1043378,69,32,2867,484.03,631.53,1,1,202
1084055,70,32,2867,486.03,631.53,1,0,135
1435096,85,32,2867,708.13,709.13,0,0,15
1058123,87,32,2867,709.13,707.13,0,0,55
1125675,110,32,2867,388.03,709.13,1,0,69
1044546,117,32,2867,727.53,727.53,0,0,15
1100079,121,32,2867,726.53,728.53,0,0,14
1235081,123,32,2867,486.03,727.53,1,1,42
1174248,130,32,2867,765.33,765.33,0,0,14
1276779,10,32,2760,233.83,231.83,0,0,95
1259197,12,32,2760,233.83,233.83,0,0,136
1248465,29,32,2760,233.83,232.83,0,0,54
1106411,51,32,2760,173.63,219.28,0,0,148
1295088,64,32,2760,242.53,243.53,0,0,42
1307733,69,32,2760,194,242.53,0,0,134
1398869,70,32,2760,242.53,241.53,0,0,67
1190114,85,32,2760,217.28,243.53,0,0,82
1351450,87,32,2760,242.53,243.53,0,0,55
1024249,103,32,2760,234.8,232.8,0,0,95
1459246,110,32,2760,242.53,241.53,0,0,67
1118022,117,32,2760,243.53,241.53,0,0,108
1197616,121,32,2760,239.62,238.62,0,0,42
1189191,123,32,2760,261.93,261.93,0,0,122
1057658,130,32,2760,195.03,262.93,0,0,28
1475155,139,32,2760,260.93,261.93,0,0,42
1458735,10,32,1525,241.53,242.53,0,0,54
1292872,12,32,1525,243.53,241.53,0,0,108
1473513,29,32,1525,242.53,290.03,1,0,53
1101986,51,32,1525,292.03,292.03,0,0,53
1220124,64,32,1525,242.53,291.03,1,0,122
1204584,69,32,1525,292.03,292.03,0,0,55
1453087,70,32,1525,292.03,290.03,0,0,107
1462435,85,32,1525,244.5,290.03,0,0,121
1321739,87,32,1525,244.5,292.03,1,0,177
1396499,103,32,1525,261.93,292.03,0,1,26
1377531,110,32,1525,241.53,291.03,0,0,68
1294574,117,32,1525,292.03,290.03,0,0,69
1349572,120,32,1525,290.03,291.03,0,0,68
1024937,121,32,1525,242.53,290.03,0,0,28
1382548,123,32,1525,238.68,291.03,0,1,123
1480143,130,32,1525,320.13,320.13,0,0,26
1183276,139,32,1525,261.93,320.13,0,1,109
1165234,11,11,1778,162.02,182.42,0,0,730
1143095,27,11,1778,183.36,182.36,0,0,447
1105639,30,11,1778,161.05,183.39,0,0,756
1496544,34,11,1778,161.02,183.39,0,0,836
1284114,43,11,1778,183.36,184.36,0,0,526
1132585,46,11,1778,161.05,160.05,0,0,742
1215657,48,11,1778,185.33,185.33,0,0,621
1071143,49,11,1778,183.39,183.39,0,0,555
1024607,53,11,1778,183.36,183.36,0,0,824
1263508,56,11,1778,178.54,178.54,0,0,743
1041569,82,11,1778,182.39,181.39,0,0,674
1438004,84,11,1778,180.42,182.42,0,0,607
1068560,106,11,1778,160.05,161.05,0,0,905
1014606,112,11,1778,180.42,181.42,0,0,796
1444901,128,11,1778,183.39,182.39,0,0,918
1468873,141,11,1778,182.42,182.42,0,0,891
1005754,144,11,1778,182.42,180.42,0,0,879
1177530,11,11,1062,163.02,180.42,0,0,932
1385775,27,11,1062,181.42,182.42,0,0,836
1258082,30,11,1062,163.02,183.33,0,0,958
1249802,34,11,1062,158.11,185.33,0,0,959
1231530,43,11,1062,183.36,184.36,0,0,743
1090483,46,11,1062,160.11,179.48,0,0,1025
1208124,48,11,1062,181.39,181.39,0,0,944
1110086,49,11,1062,182.36,183.36,0,0,553
1038866,53,11,1062,183.39,183.39,0,0,689
1409476,56,11,1062,179.45,181.45,0,0,784
1356061,57,11,1062,163.02,180.45,0,0,1243
1265640,82,11,1062,183.33,184.33,0,0,1068
1054822,84,11,1062,182.39,182.39,0,0,1229
1499558,106,11,1062,160.05,162.05,0,0,783
1488223,112,11,1062,182.36,184.36,0,0,959
1129498,128,11,1062,181.42,180.42,0,0,836
1027800,141,11,1062,181.42,180.42,0,0,702
1090567,144,11,1062,180.42,182.42,0,0,797
1261937,11,11,2707,227.98,226.98,0,0,622
1035692,14,11,2707,194.03,228.98,0,0,973
1374792,27,11,2707,192.06,229.95,0,0,1403
1015789,30,11,2707,229.92,229.92,0,0,918
1299176,34,11,2707,224.1,224.1,0,0,971
1473761,43,11,2707,228.98,228.98,0,0,1067
1492482,46,11,2707,203.76,203.76,0,0,1241
1203905,48,11,2707,194.06,226.01,1,1,2011
1111937,49,11,2707,191.09,227.01,0,0,1189
1236124,53,11,2707,195.03,228.01,0,0,1457
1100745,56,11,2707,230.92,228.92,0,0,1054
1367807,57,11,2707,230.92,229.92,0,0,1241
1343614,82,11,2707,227.98,226.98,0,0,1324
1201092,83,11,2707,192.12,228.98,1,0,1970
1360318,84,11,2707,227.98,227.98,0,0,1336
1276720,106,11,2707,192.09,191.09,0,0,1525
1024758,112,11,2707,238.68,238.68,0,0,890
1025501,128,11,2707,235.71,236.71,0,0,1081
1287665,141,11,2707,238.65,237.65,0,0,757
1490622,144,11,2707,232.83,231.83,0,0,1133
1439851,11,11,1207,385.12,385.12,0,0,135
1182827,14,11,1207,321.13,398.67,1,0,487
1257486,27,11,1207,399.64,400.64,0,0,150
1247173,30,11,1207,389,389,0,0,149
1469368,34,11,1207,342.44,379.33,0,1,337
1276240,43,11,1207,474.33,476.33,0,0,107
1250376,46,11,1207,459.81,460.81,0,0,40
1340634,48,11,1207,474.36,475.36,0,0,107
1499796,49,11,1207,288.09,475.36,1,0,568
1482123,53,11,1207,285.21,475.36,0,0,890
1111635,56,11,1207,476.33,475.33,0,0,69
1491119,57,11,1207,462.75,461.75,0,0,163
1388174,82,11,1207,380.27,449.11,0,0,177
1175547,83,11,1207,383.15,449.11,0,0,203
1002623,84,11,1207,379.3,449.11,0,0,80
1020297,106,11,1207,514.13,514.13,0,0,69
1002999,112,11,1207,324.04,497.64,0,1,271
1101687,128,11,1207,384.18,515.13,0,0,136
1006856,141,11,1207,398.67,400.67,0,0,109
1019348,144,11,1207,383.18,382.18,0,0,96
1369357,11,11,1230,397.73,398.73,0,0,136
1342945,14,11,1230,301.7,389,1,0,230
1080068,27,11,1230,386.09,385.09,0,0,190
1309469,30,11,1230,390,388,0,0,148
1008877,34,11,1230,344.35,380.27,0,1,377
1109822,43,11,1230,427.8,475.33,0,0,13
1218038,46,11,1230,476.33,476.33,0,0,42
1246837,48,11,1230,462.69,464.69,0,0,53
1060562,49,11,1230,287.12,462.69,1,1,931
1489686,53,11,1230,289.09,462.69,0,1,715
1125918,56,11,1230,463.66,464.66,0,0,121
1445736,57,11,1230,461.78,461.78,0,0,123
1374579,82,11,1230,382.24,440.38,0,0,202
1094804,83,11,1230,378.3,442.38,0,0,163
1428110,84,11,1230,376.36,440.38,0,0,202
1358793,106,11,1230,496.67,496.67,0,0,41
1083421,112,11,1230,323.04,479.24,0,1,378
1380775,128,11,1230,386.12,487,0,0,135
1191356,141,11,1230,370.54,370.54,0,0,121
1240535,144,11,1230,366.66,368.66,0,0,175
1484607,11,11,2322,362.84,362.84,0,0,203
1431761,14,11,2322,310.46,382.18,1,0,311
1488945,27,11,2322,396.79,396.79,0,0,257
1020865,30,11,2322,391.88,393.88,0,0,312
1300455,34,11,2322,324.01,379.3,0,0,620
1312180,43,11,2322,459.81,458.81,0,0,123
1185093,46,11,2322,475.33,475.33,0,0,67
1048521,48,11,2322,463.66,464.66,0,0,297
1404748,49,11,2322,286.15,465.66,1,1,1363
1171187,53,11,2322,286.15,465.66,0,1,1620
1296539,55,11,2322,476.33,474.33,0,0,81
1435155,56,11,2322,465.6,467.6,0,0,229
1125184,57,11,2322,452.08,452.08,0,0,270
1452215,82,11,2322,385.15,446.2,0,0,229
1187975,83,11,2322,367.69,448.2,0,0,175
1167866,84,11,2322,374.45,447.2,0,0,298
1190392,106,11,2322,495.73,495.73,0,0,109
1387403,112,11,2322,316.25,501.49,0,1,703
1313624,128,11,2322,379.27,490.85,0,0,177
1326420,141,11,2322,385.15,383.15,0,0,215
1383163,144,11,2322,359.9,359.9,0,0,135
1020735,11,11,2290,296.82,297.82,0,0,986
1495532,14,11,2290,289.09,290.09,0,0,973
1099006,27,11,2290,301.67,303.67,0,0,635
1383611,30,11,2290,310.43,309.43,0,0,690
1124331,34,11,2290,274.54,273.54,0,0,824
1472333,43,11,2290,321.13,320.13,0,0,811
1318210,46,11,2290,257.08,298.82,0,0,919
1182675,48,11,2290,268.69,269.69,0,0,933
1026426,49,11,2290,279.42,279.42,0,0,958
1173562,53,11,2290,279.39,279.39,0,0,973
1306223,55,11,2290,290.03,292.03,0,0,999
1118622,56,11,2290,291.03,290.03,0,0,919
1098240,57,11,2290,265.84,264.84,0,0,1216
1102859,77,11,2290,297.85,296.85,0,0,1040
1259848,82,11,2290,309.49,307.49,0,0,1052
1203515,83,11,2290,291.97,292.97,0,0,1500
1042254,84,11,2290,272.63,272.63,0,0,1134
1019565,106,11,2290,304.64,304.64,0,0,1322
1462817,112,11,2290,278.42,278.42,0,0,1121
1347466,128,11,2290,293.97,291.97,0,0,796
1079370,141,11,2290,297.79,298.79,0,0,865
1486297,144,11,2290,288.15,287.15,0,0,1121
1292285,11,11,1727,446.23,446.23,0,0,593
1343100,14,11,1727,447.23,447.23,0,0,540
1385945,27,11,1727,434.56,434.56,0,0,514
1454218,30,11,1727,445.23,445.23,0,0,474
1408819,34,11,1727,443.29,443.29,0,0,473
1468141,43,11,1727,445.23,446.23,0,0,526
1367512,46,11,1727,394.82,394.82,0,0,689
1424367,48,11,1727,447.23,446.23,0,0,566
1363452,49,11,1727,446.23,447.23,0,0,486
1496479,53,11,1727,437.53,435.53,0,0,621
1293730,55,11,1727,447.23,446.23,0,0,499
1229812,56,11,1727,447.23,446.23,0,0,567
1154412,57,11,1727,447.23,445.23,0,0,594
1060291,77,11,1727,249.29,446.23,1,1,3646
1190831,82,11,1727,446.23,446.23,0,0,783
1054130,83,11,1727,238.68,445.23,1,0,5630
1278940,84,11,1727,413.25,413.25,0,0,634
1432951,106,11,1727,445.23,446.23,0,0,541
1321275,112,11,1727,245.41,446.23,1,1,3172
1043641,128,11,1727,464.63,466.63,0,0,555
1274687,141,11,1727,465.63,466.63,0,0,568
1261280,144,11,1727,464.63,464.63,0,0,554
1395351,11,11,1109,215.37,216.37,0,0,1012
1043203,14,11,1109,262.87,264.87,0,0,906
1376364,27,11,1109,274.54,274.54,0,0,703
1040423,30,11,1109,242.53,301.73,0,1,1796
1187933,43,11,1109,319.13,321.13,0,0,620
1294946,46,11,1109,231.89,320.13,1,1,2768
1244233,48,11,1109,272.63,320.13,0,0,891
1197279,49,11,1109,278.45,321.13,0,0,501
1238147,53,11,1109,280.33,281.33,0,0,648
1452236,55,11,1109,260.96,255.11,1,0,1727
1104770,56,11,1109,319.13,320.13,0,0,499
1215123,57,11,1109,200.85,320.13,0,0,1000
1406749,77,11,1109,279.42,277.42,0,0,648
1441942,82,11,1109,309.43,310.43,0,0,852
1479344,83,11,1109,226.04,310.43,0,0,783
1415300,84,11,1109,198.91,310.43,0,0,933
1215990,106,11,1109,235.77,290.03,1,1,2618
1466107,112,11,1109,239.65,310.43,0,0,809
1376663,128,11,1109,254.17,254.17,0,0,959
1376301,131,11,1109,223.16,306.55,1,1,3806
1292180,141,11,1109,278.39,280.39,0,0,933
1275364,144,11,1109,296.82,296.82,0,0,986
1069426,11,11,2577,282.33,281.33,0,0,107
1241870,14,11,2577,282.33,280.33,0,0,123
1465457,27,11,2577,280.33,281.33,0,0,149
1304929,30,11,2577,281.33,282.33,0,0,94
1435674,43,11,2577,282.33,280.33,0,0,123
1055192,46,11,2577,281.33,280.33,0,0,202
1318390,48,11,2577,282.33,282.33,0,0,256
1456819,49,11,2577,280.33,280.33,0,0,135
1188464,53,11,2577,281.33,280.33,0,0,190
1390361,55,11,2577,280.33,281.33,0,0,149
1274524,56,11,2577,281.33,280.33,0,0,149
1195855,57,11,2577,290.03,291.03,0,0,283
1256387,77,11,2577,290.03,292.03,0,0,350
1154884,82,11,2577,291.03,290.03,0,0,271
1103218,83,11,2577,291.03,291.03,0,0,351
1155725,84,11,2577,290.03,290.03,0,0,216
1159526,106,11,2577,292.03,292.03,0,0,256
1073989,112,11,2577,292.03,291.03,0,0,26
1461498,128,11,2577,292.03,291.03,0,1,134
1072029,131,11,2577,290.03,292.03,0,0,15
1151506,144,11,2577,321.13,320.13,0,0,107
1070036,11,11,2640,280.33,280.33,0,0,285
1436573,14,11,2640,280.33,282.33,0,0,216
1074947,27,11,2640,280.33,281.33,0,0,242
1206854,30,11,2640,282.33,281.33,0,0,176
1427539,43,11,2640,282.33,282.33,0,0,323
1310295,46,11,2640,282.33,282.33,0,0,190
1302913,48,11,2640,281.33,282.33,0,0,297
1131722,49,11,2640,280.33,282.33,0,0,283
1330601,53,11,2640,282.33,281.33,0,0,216
1474805,55,11,2640,282.33,280.33,0,0,323
1191284,56,11,2640,280.33,280.33,0,0,202
1309755,57,11,2640,291.03,290.03,0,0,296
1402165,77,11,2640,292.03,290.03,0,0,378
1148671,82,11,2640,290.03,292.03,0,1,229
1484351,83,11,2640,291.03,292.03,0,1,324
1324020,84,11,2640,291.03,290.03,0,1,298
1181081,106,11,2640,290.03,291.03,0,0,189
1431466,112,11,2640,292.03,292.03,0,1,80
1480119,128,11,2640,291.03,292.03,0,1,350
1416620,131,11,2640,290.03,292.03,0,0,176
1376696,141,11,2640,321.13,321.13,0,1,121
1251449,144,11,2640,320.13,321.13,0,1,123
1486629,11,11,1878,282.33,280.33,0,0,68
1225262,14,11,1878,282.33,282.33,0,0,163
1376330,27,11,1878,281.33,280.33,0,0,96
1027543,30,11,1878,281.33,280.33,0,0,67
1328560,43,11,1878,282.33,282.33,0,0,94
1462275,46,11,1878,282.33,281.33,0,0,163
1340059,48,11,1878,282.33,280.33,0,0,189
1186812,49,11,1878,280.33,282.33,0,0,190
1172855,53,11,1878,280.33,282.33,0,0,134
1300064,55,11,1878,282.33,280.33,0,0,81
1142008,56,11,1878,282.33,280.33,0,0,175
1202350,57,11,1878,292.03,290.03,0,0,162
1448881,77,11,1878,290.03,290.03,0,0,216
1409910,82,11,1878,292.03,292.03,0,1,231
1273688,83,11,1878,290.03,292.03,0,1,311
1314128,84,11,1878,291.03,290.03,0,1,188
1437280,106,11,1878,292.03,290.03,0,0,107
1487623,112,11,1878,290.03,291.03,0,1,96
1178851,128,11,1878,292.03,291.03,0,0,94
1029419,131,11,1878,292.03,290.03,0,1,40
1031393,141,11,1878,319.13,320.13,0,0,69
1058022,144,11,1878,320.13,321.13,0,0,123
1164731,11,11,2306,242.5,340.53,0,0,68
1003470,14,11,2306,243.5,338.53,0,0,94
1304884,27,11,2306,244.5,340.53,1,1,271
1347929,30,11,2306,340.53,340.53,0,0,53
1453373,43,11,2306,340.53,339.53,0,0,14
1361859,46,11,2306,339.53,338.53,0,0,13
1051637,48,11,2306,320.13,321.13,0,0,68
1197096,49,11,2306,340.53,338.53,0,0,68
1350623,53,11,2306,248.32,339.53,1,0,244
1032505,55,11,2306,243.5,340.53,0,0,204
1009772,77,11,2306,347.26,349.26,0,0,109
1124265,82,11,2306,347.26,349.26,0,0,42
1260700,83,11,2306,348.26,348.26,0,0,68
1414694,106,11,2306,244.5,348.26,0,0,150
1141421,112,11,2306,359.93,358.93,0,0,15
1433550,128,11,2306,312.34,314.34,0,0,13
1097572,141,11,2306,335.62,336.62,0,0,15
1301974,144,11,2306,292.03,337.62,0,1,55
1099111,11,11,1216,340.5,454.93,0,1,14
1155568,14,11,1216,408.43,456.93,0,0,123
1139842,27,11,1216,406.43,454.93,0,1,41
1006242,30,11,1216,406.43,407.43,0,0,13
1376807,43,11,1216,406.43,407.43,0,0,53
1052364,46,11,1216,406.43,407.43,0,0,41
1290512,48,11,1216,406.43,408.43,0,0,41
1326255,49,11,1216,408.43,408.43,0,0,14
1070929,53,11,1216,387.03,389.03,0,0,68
1348313,55,11,1216,387.03,389.03,0,0,135
1237818,56,11,1216,389.03,388.03,0,0,95
1290256,57,11,1216,388.03,388.03,0,0,96
1247558,77,11,1216,389.03,388.03,0,0,53
1409207,82,11,1216,387.03,387.03,0,0,81
1137157,83,11,1216,387.03,387.03,0,0,123
1362706,84,11,1216,387.03,389.03,0,0,94
1186207,106,11,1216,387.03,388.03,0,0,42
1167230,112,11,1216,418.13,417.13,0,0,27
1083813,128,11,1216,364.78,477.24,0,0,40
1154584,131,11,1216,435.56,435.56,0,0,41
1310680,141,11,1216,434.56,436.56,0,0,69
1388859,144,11,1216,291.03,435.56,0,0,177
1003788,11,11,2126,534.53,533.53,0,0,81
1374258,14,11,2126,484.03,485.03,0,0,27
1180329,27,11,2126,486.03,484.03,0,0,107
1252431,30,11,2126,484.03,485.03,0,0,109
1001145,43,11,2126,534.53,532.53,0,0,135
1030412,46,11,2126,504.43,504.43,0,1,40
1111824,48,11,2126,533.53,532.53,0,0,27
1115165,49,11,2126,533.53,533.53,0,0,14
1352368,53,11,2126,437.5,532.53,0,0,109
1202654,55,11,2126,436.5,532.53,0,1,121
1269375,56,11,2126,534.53,534.53,0,0,15
1393167,77,11,2126,532.53,532.53,0,0,69
1280782,82,11,2126,464.63,534.53,0,0,176
1267703,83,11,2126,464.63,532.53,0,0,202
1496293,84,11,2126,464.63,534.53,0,0,177
1098512,106,11,2126,437.53,532.53,0,1,96
1035659,112,11,2126,533.53,533.53,0,0,134
1082059,128,11,2126,426.8,427.8,0,0,69
1046394,131,11,2126,428.8,428.8,0,0,108
1039643,141,11,2126,507.31,507.31,0,0,13
1155977,144,11,2126,508.31,507.31,0,0,15
1320454,12,32,1770,484.03,484.03,0,0,13
1112532,15,32,1770,484.03,485.03,0,0,28
1252559,24,32,1770,485.03,485.03,0,0,15
1297506,29,32,1770,388.03,485.03,0,0,14
1413644,51,32,1770,484.03,485.03,0,0,15
1445259,59,32,1770,486.03,486.03,0,0,28
1298790,64,32,1770,485.03,484.03,0,0,15
1313649,69,32,1770,464.63,466.63,0,0,15
1369581,85,32,1770,485.03,485.03,0,0,54
1238308,110,32,1770,486.03,485.03,0,0,42
1491178,117,32,1770,485.03,486.03,0,0,28
1411576,139,32,1770,485.03,485.03,0,0,14
1018161,13,83,1902,486.03,486.03,0,0,14
1015812,16,83,1902,456.93,456.93,0,0,13
1080174,21,83,1902,486.03,486.03,0,0,15
1450994,49,83,1902,484.03,485.03,0,0,41
1221653,54,83,1902,387.03,452.02,0,0,14
1386029,58,83,1902,484.03,485.03,0,0,15
1236580,60,83,1902,445.23,445.23,0,0,26
1090381,64,83,1902,446.23,447.23,0,0,26
1446025,65,83,1902,446.23,445.23,0,0,15
1455128,67,83,1902,432.68,431.68,0,0,27
1019080,73,83,1902,446.23,447.23,0,0,27
1077451,78,83,1902,445.23,446.23,0,0,14
1000942,85,83,1902,445.23,445.23,0,0,26
1374042,97,83,1902,446.23,446.23,0,0,67
1121265,108,83,1902,387.03,447.23,0,0,54
1452290,133,83,1902,445.23,446.23,0,0,15
1226363,136,83,1902,416.13,417.13,0,0,26
1132255,138,83,1902,388.03,387.03,0,0,27
1306857,141,83,1902,447.23,445.23,0,0,28
