train.csv
id,week,center_id,meal_id,checkout_price,base_price,emailer_for_promotion,homepage_featured,num_orders
1446919,13,32,2139,454.93,455.93,0,0,14
1115827,16,32,2139,456.93,456.93,0,0,15
1137424,28,32,2139,291,455.93,0,0,80
1456624,37,32,2139,296.82,297.82,0,0,42
1038778,49,32,2139,309.49,308.49,0,0,26
1075636,58,32,2139,309.49,307.49,0,0,26
1163196,59,32,2139,309.49,307.49,0,0,40
1468119,60,32,2139,309.49,308.49,0,0,14
1106939,64,32,2139,308.49,307.49,0,0,26
1097476,65,32,2139,307.49,309.49,0,0,55
1431486,67,32,2139,287.15,288.15,0,0,41
1081840,69,32,2139,219.25,288.15,0,0,26
1006287,73,32,2139,307.49,307.49,0,0,28
1295690,78,32,2139,291.03,290.03,0,0,68
1290275,85,32,2139,270.63,270.63,0,0,42
1398155,108,32,2139,292.03,291.03,0,0,42
1394920,123,32,2139,290.03,292.03,0,0,55
1214311,124,32,2139,283.24,283.24,0,0,108
1297548,133,32,2139,290.03,292.03,0,0,53
1277117,136,32,2139,291.03,290.03,0,0,68
1346145,138,32,2139,286.18,286.18,0,0,41
1426170,141,32,2139,270.66,271.66,0,0,26
1175502,15,32,1902,454.93,456.93,0,0,13
1226647,28,32,1902,486.03,484.03,0,0,14
1135915,29,32,1902,486.03,486.03,0,0,28
1307174,59,32,1902,485.03,485.03,0,0,15
1436421,64,32,1902,445.23,446.23,0,0,13
1325014,110,32,1902,447.23,445.23,0,0,14
1360737,123,32,1902,446.23,447.23,0,0,14
1382935,139,32,1902,388.03,445.23,0,0,55
1361908,16,83,1770,484.03,486.03,0,0,28
1003571,37,83,1770,486.03,484.03,0,0,26
1362117,58,83,1770,485.03,484.03,0,0,26
1348835,60,83,1770,484.03,485.03,0,0,27
1420863,65,83,1770,485.03,486.03,0,0,14
1182327,67,83,1770,486.03,484.03,0,0,13
1288230,72,83,1770,485.03,485.03,0,0,14
1140179,73,83,1770,486.03,485.03,0,0,15
1066518,78,83,1770,485.03,485.03,0,0,15
1177694,85,83,1770,485.03,485.03,0,0,15
1490190,97,83,1770,486.03,486.03,0,0,13
1434826,124,83,1770,486.03,484.03,0,0,26
1372536,136,83,1770,485.03,486.03,0,0,28
1446013,138,83,1770,486.03,486.03,0,0,13
1348297,141,83,1770,486.03,484.03,0,0,15
1462029,17,13,2664,363.81,361.81,0,0,703
1439905,18,13,2664,361.81,361.81,0,0,890
1396573,19,13,2664,319.13,361.81,0,0,1135
1233402,25,13,2664,319.13,320.13,0,0,864
1065850,33,13,2664,319.13,319.13,0,0,946
1217886,38,13,2664,319.13,321.13,0,0,663
1105082,50,13,2664,321.13,320.13,0,0,933
1073723,71,13,2664,312.37,312.37,0,0,1053
1426361,74,13,2664,321.13,319.13,0,0,971
1424756,88,13,2664,313.34,312.34,0,0,933
1306054,103,13,2664,300.76,300.76,0,0,946
1192078,110,13,2664,302.64,302.64,0,0,1243
1077634,118,13,2664,303.64,302.64,0,0,890
1391037,120,13,2664,300.76,299.76,0,0,999
1069699,122,13,2664,303.64,302.64,0,0,1039
1083121,130,13,2664,304.64,303.64,0,0,528
1128041,134,13,2664,304.64,303.64,0,0,310
1378143,139,13,2664,301.67,302.67,0,0,420
1238237,142,13,2664,324.04,323.04,0,0,406
1309124,143,13,2664,337.62,335.62,0,0,418
1179283,17,109,1230,323.07,390,1,1,351
1174374,19,109,1230,401.61,400.61,0,0,136
1071028,25,109,1230,384.12,386.12,0,0,150
1192012,33,109,1230,332.77,381.21,1,1,285
1010004,50,109,1230,288.09,474.33,0,1,863
1093860,62,109,1230,408.37,408.37,0,0,42
1498554,71,109,1230,465.63,465.63,0,0,148
1197365,88,109,1230,383.18,383.18,0,0,96
1492555,90,109,1230,390,389,0,0,82
1225140,118,109,1230,374.42,376.42,0,0,229
1491502,120,109,1230,386.06,388.06,0,0,188
1194097,130,109,1230,344.38,491.82,0,1,352
1238335,134,109,1230,385.09,387.09,0,0,161
1306349,142,109,1230,380.3,380.3,0,0,55
1072183,143,109,1230,388.06,388.06,0,0,202
1236369,17,109,2322,319.13,387.06,1,1,648
1216449,19,109,2322,382.21,381.21,0,0,244
1217883,25,109,2322,377.33,379.33,0,0,96
1225292,33,109,2322,335.65,377.33,1,1,458
1231377,50,109,2322,289.12,470.48,0,1,1270
1275876,62,109,2322,385.09,387.09,0,0,26
1082112,88,109,2322,373.45,375.45,0,0,176
1253847,90,109,2322,377.36,376.36,0,0,136
1471168,118,109,2322,380.27,379.27,0,0,310
1220022,120,109,2322,386.12,386.12,0,0,215
1455894,127,109,2322,386.06,492.82,0,0,312
1309547,130,109,2322,336.59,491.82,0,1,392
1387641,134,109,2322,395.79,396.79,0,0,296
1473168,143,109,2322,389,390,0,0,15
1136913,17,109,2290,195,309.43,1,1,2337
1299276,19,109,2290,270.69,269.69,0,0,715
1291359,25,109,2290,310.43,311.43,0,0,324
1456493,33,109,2290,279.42,278.42,0,0,716
1172796,50,109,2290,287.15,287.15,0,0,271
1223191,62,109,2290,249.35,247.35,0,0,135
1351552,88,109,2290,293.97,293.97,0,0,393
1104643,90,109,2290,193.09,302.64,1,0,1863
1214186,118,109,2290,301.7,302.7,0,0,566
1349615,120,109,2290,270.63,302.7,1,0,1269
1142229,127,109,2290,289.12,289.12,0,0,742
1490900,130,109,2290,287.15,287.15,0,0,447
1358704,134,109,2290,290.03,297.79,1,1,1729
1049297,143,109,2290,280.36,280.36,0,0,432
1428163,17,109,1727,446.23,446.23,0,0,338
1208962,19,109,1727,446.23,447.23,0,0,204
1127716,25,109,1727,245.47,445.23,1,1,1890
1488961,33,109,1727,447.23,446.23,0,0,176
1179821,40,109,1727,423.92,423.92,0,0,269
1411331,50,109,1727,446.23,447.23,0,0,256
1255712,62,109,1727,447.23,446.23,0,0,42
1436294,88,109,1727,446.23,446.23,0,0,257
1127333,90,109,1727,431.65,433.65,0,0,230
1111609,118,109,1727,464.63,464.63,0,0,350
1287680,120,109,1727,464.63,466.63,0,0,285
1467655,127,109,1727,464.63,465.63,0,0,324
1150524,134,109,1727,463.69,464.69,0,0,323
1211014,143,109,1727,465.63,464.63,0,0,350
1356265,17,109,1109,310.43,309.43,0,0,339
1392014,19,109,1109,178.54,311.43,1,1,1484
1458793,25,109,1109,275.48,276.48,0,0,365
1063720,33,109,1109,168.84,309.43,0,0,568
1044347,40,109,1109,283.3,281.3,0,0,567
1121869,50,109,1109,321.13,320.13,0,0,391
1492806,62,109,1109,241.59,319.13,0,0,136
1050892,88,109,1109,277.48,275.48,0,0,365
1072450,90,109,1109,269.66,271.66,0,0,420
1119349,118,109,1109,302.64,304.64,0,0,258
1195289,120,109,1109,267.75,303.64,1,1,1284
1138575,127,109,1109,255.17,303.64,0,0,447
1230376,134,109,1109,309.43,311.43,0,0,580
1079170,143,109,1109,309.43,311.43,0,0,472
1421195,17,109,2577,282.33,281.33,0,0,150
1301211,19,109,2577,282.33,280.33,0,0,149
1374786,25,109,2577,281.33,282.33,0,0,81
1203365,33,109,2577,281.33,281.33,0,0,107
1161907,40,109,2577,280.33,281.33,0,0,96
1393960,50,109,2577,280.33,282.33,0,0,80
1138022,62,109,2577,290.03,291.03,0,0,27
1329599,88,109,2577,260.02,290.03,1,0,122
1378587,90,109,2577,290.03,290.03,0,0,204
1250464,109,109,2577,212.46,290.03,1,1,202
1071281,118,109,2577,193.03,291.03,1,0,68
1005249,120,109,2577,292.03,291.03,0,0,26
1024979,127,109,2577,292.03,290.03,0,1,162
1083047,134,109,2577,320.13,320.13,0,0,27
1053907,143,109,2577,319.13,320.13,0,0,41
1392713,17,109,2640,280.33,280.33,0,0,148
1134225,19,109,2640,281.33,280.33,0,0,95
1271255,25,109,2640,282.33,280.33,0,0,107
1408147,33,109,2640,282.33,281.33,0,0,188
1299635,40,109,2640,280.33,281.33,0,0,82
1308129,50,109,2640,282.33,280.33,0,0,109
1082425,62,109,2640,290.03,290.03,0,0,26
1447209,88,109,2640,226.04,290.03,1,0,162
1067900,90,109,2640,291.03,290.03,0,0,108
1246849,109,109,2640,212.46,292.03,1,0,446
1012866,118,109,2640,194.03,291.03,1,0,324
1261200,120,109,2640,290.03,292.03,0,0,134
1207699,127,109,2640,291.03,291.03,0,0,26
1108593,134,109,2640,320.13,321.13,0,1,42
1026248,143,109,2640,320.13,321.13,0,0,82
1412697,17,109,1878,282.33,281.33,0,0,80
1295371,25,109,1878,282.33,282.33,0,0,135
1026312,33,109,1878,280.33,280.33,0,0,53
1306235,40,109,1878,282.33,280.33,0,0,40
1231115,50,109,1878,281.33,281.33,0,0,215
1327367,62,109,1878,291.03,292.03,0,0,81
1172183,88,109,1878,249.32,292.03,1,0,188
1014319,90,109,1878,291.03,291.03,0,0,107
1497487,109,109,1878,218.31,291.03,1,1,231
1014690,118,109,1878,195.03,290.03,1,1,325
1429167,120,109,1878,292.03,291.03,0,0,108
1412232,127,109,1878,291.03,290.03,0,0,26
1178797,134,109,1878,321.13,321.13,0,0,80
1361426,143,109,1878,321.13,321.13,0,0,82
1389840,17,109,1216,407.43,408.43,0,0,27
1120196,25,109,1216,406.43,407.43,0,0,26
1470386,33,109,1216,407.43,406.43,0,0,54
1125127,40,109,1216,369.63,369.63,0,0,28
1289156,50,109,1216,408.43,406.43,0,0,96
1428986,88,109,1216,416.13,418.13,0,0,41
1360426,90,109,1216,341.5,418.13,1,0,53
1093891,109,109,1216,347.29,389.03,0,0,163
1310095,118,109,1216,416.13,416.13,0,0,95
1261444,120,109,1216,417.13,416.13,0,0,15
1058036,127,109,1216,340.53,416.13,0,0,68
1095700,134,109,1216,417.13,416.13,0,0,69
1082475,143,109,1216,291.03,418.13,1,0,217
1021451,17,109,2826,319.13,319.13,0,0,485
1287671,25,109,2826,319.13,320.13,0,0,432
1451784,33,109,2826,321.13,319.13,0,0,635
1362704,40,109,2826,319.19,319.19,0,0,555
1184701,41,109,2826,321.13,320.13,0,0,555
1461340,50,109,2826,296.82,296.82,0,0,567
1219356,62,109,2826,319.13,320.13,0,0,148
1119098,88,109,2826,308.52,308.52,0,0,188
1082130,90,109,2826,321.13,321.13,0,0,500
1047033,109,109,2826,313.37,311.37,0,0,487
1489436,118,109,2826,348.29,348.29,0,0,419
1414387,127,109,2826,348.29,347.29,0,0,432
1403612,134,109,2826,378.33,377.33,0,0,636
1157835,143,109,2826,378.33,378.33,0,0,595
1262772,17,109,1754,292.03,291.03,0,0,337
1394482,33,109,1754,262.93,260.93,0,0,284
1083860,40,109,1754,304.64,304.64,0,0,285
1197998,41,109,1754,272.63,302.64,0,0,203
1453585,50,109,1754,261.93,309.43,0,1,501
1147222,62,109,1754,310.43,310.43,0,0,28
1243017,88,109,1754,310.43,311.43,0,0,285
1053203,90,109,1754,309.43,311.43,0,0,325
1024800,109,109,1754,313.31,314.31,0,0,351
1062713,118,109,1754,318.16,319.16,0,0,94
1478271,127,109,1754,318.16,320.16,0,0,230
1213416,134,109,1754,318.16,320.16,0,0,392
1270910,143,109,1754,311.43,309.43,0,0,501
1334359,17,109,1971,244.5,310.4,0,1,109
1468357,33,109,1971,300.76,300.76,0,0,80
1182258,40,109,1971,242.53,310.4,0,0,445
1370451,41,109,1971,242.53,312.4,0,0,431
1497678,50,109,1971,265.81,310.4,0,0,175
1215822,62,109,1971,303.61,305.61,0,0,68
1362653,88,109,1971,300.73,300.73,0,0,161
1041903,90,109,1971,324.04,323.04,0,0,134
1268435,109,109,1971,240.56,324.04,1,0,1176
1265433,118,109,1971,324.04,322.04,0,0,41
1382638,127,109,1971,323.04,322.04,0,0,123
1329238,134,109,1971,288.12,289.12,0,0,107
1377365,143,109,1971,345.35,346.35,0,0,175
1372458,17,109,1902,417.13,416.13,0,0,26
1236219,33,109,1902,446.23,447.23,0,0,13
1061425,41,109,1902,446.23,447.23,0,0,15
1347029,50,109,1902,446.23,445.23,0,0,26
1221500,88,109,1902,447.23,447.23,0,0,15
1256314,109,109,1902,445.23,446.23,0,0,15
1483653,118,109,1902,447.23,447.23,0,0,15
1456843,127,109,1902,446.23,446.23,0,0,27
1479847,17,109,1247,418.13,418.13,0,0,14
1243473,33,109,1247,445.23,445.23,0,0,15
1140147,40,109,1247,445.23,445.23,0,0,53
1270768,41,109,1247,447.23,445.23,0,0,14
1088101,88,109,1247,447.23,445.23,0,0,13
1375342,109,109,1247,445.23,445.23,0,0,26
1119126,118,109,1247,445.23,447.23,0,0,40
1339503,134,109,1247,447.23,446.23,0,0,27
1355772,143,109,1247,446.23,445.23,0,0,26
1206182,17,109,1311,162.05,191.09,0,0,323
1123927,33,109,1311,179.45,179.45,0,0,217
1381025,40,109,1311,178.51,178.51,0,0,123
1281568,41,109,1311,164.93,163.93,0,0,445
1443093,62,109,1311,163.93,164.93,0,0,473
1392854,88,109,1311,189.15,190.15,0,0,364
1264993,90,109,1311,161.05,197.88,0,0,256
1252582,109,109,1311,162.05,161.05,0,0,797
1455288,118,109,1311,193.09,175.63,0,1,312
1309741,127,109,1311,194.97,189.15,0,1,445
1339821,134,109,1311,148.41,149.41,0,0,433
1062612,143,109,1311,165.93,163.93,0,0,420
1416950,17,109,1803,149.38,168.84,0,0,203
1356968,40,109,1803,160.05,162.05,0,0,325
1356264,41,109,1803,166.87,165.87,0,0,364
1161145,62,109,1803,168.78,169.78,0,0,485
1165004,88,109,1803,168.81,202.76,0,1,514
1021978,90,109,1803,156.2,156.2,0,0,486
1034348,109,109,1803,166.9,182.36,0,1,851
1179920,118,109,1803,180.45,180.45,0,1,636
1229017,127,109,1803,166.9,180.45,0,1,528
1030049,134,109,1803,177.51,180.45,0,1,283
1332728,143,109,1803,192.06,181.45,0,1,406
1090637,17,109,1438,243.5,272.63,0,0,42
1327722,40,109,1438,196,257.08,0,0,80
1469896,41,109,1438,217.28,257.08,0,0,28
1358282,62,109,1438,242.53,243.53,0,0,55
1011085,88,109,1438,214.43,212.43,0,0,26
1078477,90,109,1438,212.43,212.43,0,0,28
1095224,109,109,1438,244.5,244.5,0,0,41
1088496,118,109,1438,196,244.5,0,0,42
1354699,127,109,1438,194,196,0,0,14
1439277,17,109,1847,242.5,270.63,0,0,14
1056254,41,109,1847,219.28,256.08,0,0,41
1006374,62,109,1847,243.53,241.53,0,0,14
1004878,88,109,1847,212.43,213.43,0,0,95
1088478,90,109,1847,213.43,212.43,0,0,15
1015157,109,109,1847,243.5,243.5,0,0,27
1195174,118,109,1847,194,244.5,0,0,53
1045765,127,109,1847,196,194,0,0,27
1368197,143,109,1847,195,195,0,0,27
1449015,18,13,2577,281.33,282.33,0,0,229
1119516,20,13,2577,280.36,279.36,0,0,527
1205950,35,13,2577,281.33,282.33,0,0,284
1195629,42,13,2577,280.33,280.33,0,0,135
1372951,51,13,2577,282.33,280.33,0,0,189
1073881,68,13,2577,290.03,290.03,0,0,432
1474523,69,13,2577,290.03,292.03,0,0,447
1079039,70,13,2577,288.09,289.09,0,0,350
1210408,80,13,2577,292.03,292.03,0,0,324
1025046,87,13,2577,194.03,291.03,1,0,715
1235664,103,13,2577,292.03,292.03,0,0,392
1175296,110,13,2577,211.46,292.03,0,0,298
1420196,120,13,2577,290.03,291.03,0,0,270
1240795,121,13,2577,291.03,291.03,0,0,242
1186262,122,13,2577,290.03,290.03,0,0,217
1486862,126,13,2577,290.03,292.03,0,1,324
1247408,130,13,2577,292.03,292.03,0,0,323
1362491,139,13,2577,319.13,320.13,0,0,285
1439094,142,13,2577,320.13,320.13,0,0,270
1434865,18,13,2640,282.33,281.33,0,0,474
1156032,20,13,2640,281.36,279.36,0,0,580
1248397,35,13,2640,279.36,281.36,0,0,420
1364498,42,13,2640,281.33,281.33,0,0,256
1127684,51,13,2640,280.33,281.33,0,0,432
1368147,68,13,2640,291.03,290.03,0,0,472
1384297,70,13,2640,290.09,288.09,0,0,460
1498659,80,13,2640,292.03,292.03,0,0,257
1031207,87,13,2640,195.97,292.03,1,1,717
1036927,103,13,2640,291.03,292.03,0,0,404
1113026,110,13,2640,212.46,292.03,0,0,447
1450386,120,13,2640,292.03,290.03,0,0,513
1395011,121,13,2640,292.03,290.03,0,0,447
1254613,122,13,2640,291.06,291.06,0,0,499
1260507,126,13,2640,291.03,292.03,0,0,717
1450149,130,13,2640,291.03,292.03,0,0,647
1235047,139,13,2640,320.13,319.13,0,0,474
1311951,142,13,2640,319.13,320.13,0,0,526
1130833,143,13,2640,320.13,321.13,0,0,473
1042625,18,13,1878,281.33,281.33,0,0,190
1334141,20,13,1878,281.36,280.36,0,0,337
1383062,35,13,1878,278.39,280.39,0,0,230
1303382,38,13,1878,282.33,280.33,0,0,231
1013313,42,13,1878,282.33,282.33,0,0,149
1326101,51,13,1878,282.33,281.33,0,0,296
1418523,68,13,1878,291.03,290.03,0,0,297
1072187,70,13,1878,290.03,292.03,0,0,257
1041848,80,13,1878,290.03,290.03,0,0,310
1417767,87,13,1878,194.03,290.03,1,0,541
1149333,103,13,1878,290.03,292.03,0,0,311
1365697,110,13,1878,212.46,291.03,0,0,269
1347805,120,13,1878,290.03,292.03,0,0,176
1001107,121,13,1878,291.03,290.03,0,0,189
1281458,122,13,1878,289.06,291.06,0,0,324
1419008,126,13,1878,292.03,290.03,0,0,203
1171700,130,13,1878,291.03,292.03,0,0,271
1255677,139,13,1878,321.13,320.13,0,0,161
1481999,142,13,1878,320.13,321.13,0,0,69
1405572,143,13,1878,321.13,319.13,0,0,136
1025732,18,13,2126,485.03,532.53,0,1,149
1330846,20,13,2126,484.03,534.53,0,1,177
1425200,35,13,2126,434.59,534.53,0,0,323
1335833,38,13,2126,534.53,532.53,0,0,162
1030746,42,13,2126,484.03,484.03,0,0,229
1471899,70,13,2126,486.03,533.53,1,1,149
1214740,74,13,2126,519.95,520.95,0,0,150
1096155,80,13,2126,533.53,532.53,0,0,215
1274567,87,13,2126,532.53,533.53,0,0,148
1270552,110,13,2126,532.53,532.53,0,0,177
1175169,120,13,2126,533.53,534.53,0,0,82
1099946,121,13,2126,428.8,532.53,0,1,216
1046168,122,13,2126,426.8,534.53,0,0,135
1102533,126,13,2126,428.8,532.53,0,0,216
1462618,130,13,2126,426.8,533.53,0,1,53
1086368,139,13,2126,377.36,509.31,0,0,296
1023688,142,13,2126,507.31,509.31,0,0,13
1408382,143,13,2126,507.31,509.31,0,0,15
1392911,20,13,2539,144.56,145.56,0,0,1068
1447539,29,13,2539,121.25,163.96,0,0,717
1442063,35,13,2539,145.53,146.53,0,0,662
1466349,42,13,2539,146.53,144.53,0,0,728
1352919,51,13,2539,121.28,146.53,0,0,1079
1453785,68,13,2539,144.59,144.59,0,0,959
1302504,69,13,2539,143.56,143.59,0,1,1243
1158248,70,13,2539,140.68,139.68,0,0,1081
1457783,80,13,2539,144.56,146.53,0,1,1135
1117375,85,13,2539,140.68,140.68,0,0,1121
1457593,87,13,2539,143.56,146.53,0,1,838
1259299,103,13,2539,149.38,149.38,0,0,891
1390377,110,13,2539,147.47,144.59,0,1,986
1287927,117,13,2539,151.38,151.38,0,0,567
1200926,120,13,2539,152.35,151.35,0,0,690
1212102,121,13,2539,151.38,151.38,0,0,717
1155794,130,13,2539,151.38,149.38,0,0,717
1371415,139,13,2539,151.38,155.26,0,1,838
1194616,142,13,2539,151.38,150.38,0,0,594
1025257,20,13,2139,435.53,435.53,0,0,15
1418519,29,13,2139,292,293,0,0,67
1471985,35,13,2139,293.94,294.94,0,0,95
1206232,42,13,2139,296.82,296.82,0,0,55
1207079,51,13,2139,283.27,282.27,0,0,28
1061726,68,13,2139,290.03,292.03,0,0,96
1183389,69,13,2139,281.33,280.33,0,0,42
1111548,70,13,2139,291.03,291.03,0,0,122
1264635,80,13,2139,308.49,308.49,0,0,53
1092824,85,13,2139,309.49,308.49,0,0,107
1334719,87,13,2139,307.49,307.49,0,0,177
1400396,110,13,2139,307.49,309.49,0,0,107
1084279,117,13,2139,309.49,307.49,0,0,107
1150680,120,13,2139,309.49,308.49,0,0,122
1494069,121,13,2139,291.03,291.03,0,0,161
1478960,130,13,2139,321.13,319.13,0,0,163
1226718,139,13,2139,290.03,291.03,0,0,27
1492035,142,13,2139,288.09,289.09,0,0,190
1459771,20,13,2631,248.35,248.35,0,0,82
1002665,29,13,2631,153.32,247.35,0,1,204
1321483,35,13,2631,151.32,152.32,0,0,258
1375365,42,13,2631,155.26,155.26,0,0,215
1280986,51,13,2631,155.26,154.26,0,0,188
1065707,68,13,2631,98,151.32,1,1,649
1384610,69,13,2631,97.03,152.32,0,1,514
1256629,70,13,2631,96.03,152.32,0,1,215
1152570,80,13,2631,98.03,152.35,0,0,312
1215369,85,13,2631,98.03,149.38,1,1,634
1255674,87,13,2631,96.03,151.38,0,1,244
1428284,103,13,2631,99,152.35,0,0,107
1422948,110,13,2631,153.32,153.32,0,0,122
1236904,117,13,2631,152.29,154.29,0,0,312
1338442,120,13,2631,153.32,152.32,0,0,215
1318394,121,13,2631,96.03,152.32,1,0,487
1258848,126,13,2631,160.05,161.05,0,0,243
1201899,130,13,2631,165.93,164.93,0,0,82
1168995,139,13,2631,97,163.99,0,1,447
1016005,142,13,2631,138.74,162.05,0,0,230
