train.csv
id,week,center_id,meal_id,checkout_price,base_price,emailer_for_promotion,homepage_featured,num_orders
1254332,20,13,1248,253.23,251.23,0,0,82
1205693,29,13,1248,154.26,253.23,0,0,188
1083174,35,13,1248,154.26,155.26,0,0,203
1131756,42,13,1248,154.26,155.26,0,0,244
1199268,51,13,1248,154.29,154.29,0,0,176
1499282,68,13,1248,99,153.26,1,1,743
1215892,69,13,1248,98.03,155.26,0,0,244
1303518,70,13,1248,97.03,155.26,0,1,431
1080129,80,13,1248,97.03,152.29,0,0,391
1364482,85,13,1248,97.97,153.32,1,1,593
1073614,87,13,1248,97.03,152.32,0,1,188
1468671,110,13,1248,151.35,152.35,0,0,80
1070604,117,13,1248,155.26,155.26,0,0,96
1403999,120,13,1248,149.41,149.41,0,0,94
1018407,121,13,1248,95.06,149.41,1,0,486
1115862,126,13,1248,163.93,165.93,0,0,108
1316796,130,13,1248,164.93,163.93,0,0,107
1463490,139,13,1248,96.09,163.99,0,1,95
1032066,142,13,1248,164.93,163.93,0,0,27
1050251,20,13,1778,161.05,185.33,0,0,878
1121840,29,13,1778,181.39,182.39,0,0,595
1033387,35,13,1778,160.08,183.39,0,0,595
1100259,42,13,1778,182.36,183.36,0,0,771
1067903,51,13,1778,174.63,174.63,0,0,431
1324980,68,13,1778,162.05,179.48,0,0,919
1169325,69,13,1778,180.42,180.42,0,0,852
1217822,70,13,1778,181.39,182.39,0,0,189
1241568,80,13,1778,169.75,169.75,0,0,715
1193382,85,13,1778,184.36,182.36,0,0,379
1086037,87,13,1778,180.42,182.42,0,0,566
1281288,103,13,1778,160.08,161.08,0,0,405
1462697,110,13,1778,181.45,181.45,0,0,944
1447156,117,13,1778,181.39,181.45,0,1,999
1362086,120,13,1778,193.06,193.06,0,0,690
1357212,121,13,1778,193.06,194.06,0,0,905
1255832,126,13,1778,192.06,192.06,0,0,566
1214033,130,13,1778,193.06,193.06,0,0,931
1061908,139,13,1778,184.33,185.33,0,0,1149
1217075,142,13,1778,190.15,190.15,0,0,959
1182278,20,13,1062,160.05,183.36,0,0,1607
1346498,35,13,1062,161.05,182.36,0,0,918
1052935,42,13,1062,183.36,183.36,0,0,1243
1344389,51,13,1062,183.39,183.39,0,0,204
1226236,68,13,1062,162.02,183.39,0,0,960
1400088,69,13,1062,182.39,182.39,0,0,917
1133588,70,13,1062,182.39,183.39,0,0,783
1437989,80,13,1062,183.33,183.33,0,0,932
1060852,85,13,1062,184.36,182.36,0,0,1216
1346230,87,13,1062,184.36,184.36,0,0,1040
1219331,103,13,1062,163.99,162.99,0,0,783
1416420,110,13,1062,181.42,182.42,0,0,944
1414942,117,13,1062,181.42,181.39,0,1,1122
1405361,120,13,1062,191.09,191.09,0,0,728
1157262,121,13,1062,192.09,192.09,0,0,755
1111785,126,13,1062,190.12,190.12,0,0,1241
1225705,130,13,1062,191.15,191.15,0,0,892
1382582,139,13,1062,189.18,188.18,0,0,1067
1372699,142,13,1062,192.06,193.06,0,0,986
1221795,20,13,2707,228.01,226.01,0,0,1687
1308222,35,13,2707,228.01,227.01,0,0,1770
1097330,42,13,2707,229.89,231.89,0,0,1080
1308906,51,13,2707,193.06,224.1,0,0,580
1175145,68,13,2707,194.06,193.06,0,0,2740
1037059,69,13,2707,193.09,191.09,0,0,2619
1263809,70,13,2707,187.21,191.09,0,1,931
1189222,80,13,2707,223.1,225.1,0,0,1390
1414730,85,13,2707,228.98,228.98,0,0,1769
1287642,87,13,2707,191.12,226.98,0,0,2402
1129960,103,13,2707,189.18,188.18,0,0,1662
1264016,110,13,2707,232.8,232.8,0,0,1728
1176431,117,13,2707,190.15,231.86,0,1,2969
1444346,120,13,2707,193.09,230.86,0,0,2931
1331998,121,13,2707,234.8,232.8,0,0,2403
1151947,126,13,2707,191.09,236.74,1,0,3105
1208227,130,13,2707,238.65,238.65,0,0,1916
1479932,139,13,2707,230.86,231.86,0,0,1782
1331377,142,13,2707,233.83,233.83,0,0,1743
1433547,20,13,1207,386.12,384.12,0,0,136
1457261,35,13,1207,475.33,475.33,0,0,81
1304651,42,13,1207,464.69,464.69,0,0,109
1087854,51,13,1207,272.63,457.87,1,0,296
1434794,68,13,1207,440.38,440.38,0,0,54
1360253,69,13,1207,407.46,407.46,0,0,108
1069387,70,13,1207,447.23,446.23,0,0,68
1021633,80,13,1207,377.33,454.99,0,0,148
1100824,85,13,1207,331.8,452.99,0,0,14
1159553,87,13,1207,368.6,370.6,0,0,150
1150852,103,13,1207,324.98,325.98,0,0,150
1493617,110,13,1207,316.28,508.34,0,0,296
1382845,117,13,1207,384.15,384.15,0,0,109
1357532,120,13,1207,382.24,380.24,0,0,134
1113864,121,13,1207,321.1,382.24,1,0,229
1472251,126,13,1207,389,515.13,0,0,123
1137385,130,13,1207,335.62,515.13,0,0,149
1189949,139,13,1207,386.12,384.12,0,0,28
1236277,142,13,1207,384.15,385.15,0,0,108
1110621,20,13,1230,366.72,366.72,0,0,242
1260377,35,13,1230,474.33,474.33,0,0,80
1059105,42,13,1230,362.81,452.08,0,0,40
1409668,51,13,1230,271.6,456.9,1,0,323
1325716,68,13,1230,458.87,458.87,0,0,162
1059007,69,13,1230,455.96,454.96,0,0,123
1490060,70,13,1230,424.92,424.92,0,0,96
1297264,80,13,1230,377.39,457.84,0,0,80
1078763,87,13,1230,379.3,380.3,0,0,80
1103864,103,13,1230,339.5,340.5,0,0,163
1382664,110,13,1230,317.25,515.13,0,0,284
1067501,117,13,1230,377.33,379.33,0,0,96
1108550,120,13,1230,388,389,0,0,94
1179293,121,13,1230,324.98,389,1,0,189
1335084,126,13,1230,389,495.67,0,0,148
1317769,130,13,1230,340.53,497.67,0,0,177
1324720,139,13,1230,384.15,383.15,0,0,55
1260956,142,13,1230,382.21,382.21,0,0,215
1281591,20,13,2322,377.36,377.36,0,0,217
1140139,35,13,2322,475.33,475.33,0,0,216
1256057,42,13,2322,449.17,447.17,0,0,217
1392684,51,13,2322,279.42,430.74,1,0,688
1046529,68,13,2322,460.75,460.75,0,0,175
1090923,69,13,2322,444.29,444.29,0,0,270
1257430,70,13,2322,450.08,450.08,0,0,216
1074925,80,13,2322,380.3,446.23,0,0,285
1153166,87,13,2322,374.45,374.45,0,0,230
1420071,103,13,2322,327.92,326.92,0,0,338
1491626,110,13,2322,315.31,504.46,0,0,446
1302457,117,13,2322,386.09,387.09,0,0,258
1120173,120,13,2322,388.06,387.06,0,0,350
1166768,121,13,2322,319.13,387.06,1,0,285
1027450,126,13,2322,386.09,509.28,0,0,350
1139731,130,13,2322,335.68,510.28,0,0,364
1172470,139,13,2322,385.15,384.15,0,0,150
1092296,142,13,2322,388,390,0,0,189
1497252,20,13,2290,269.72,309.46,0,0,1594
1097948,35,13,2290,288.09,290.09,0,0,1646
1212149,42,13,2290,286.15,286.15,0,0,1554
1266007,51,13,2290,277.45,278.45,0,0,1256
1289324,68,13,2290,282.33,280.33,0,0,2012
1347303,69,13,2290,280.39,278.39,0,0,2067
1079217,70,13,2290,262.87,262.87,0,0,2418
1421084,80,13,2290,309.49,307.49,0,0,1822
1013990,87,13,2290,283.24,284.24,0,0,1269
1497942,103,13,2290,181.39,293.94,1,0,4321
1439688,110,13,2290,276.48,276.48,0,0,2229
1042805,117,13,2290,313.34,314.34,0,0,1931
1498716,120,13,2290,271.63,308.52,1,0,3605
1367834,121,13,2290,312.34,313.34,0,0,1945
1337136,126,13,2290,288.09,290.09,0,0,2484
1142076,130,13,2290,291.03,290.03,0,0,2443
1243075,139,13,2290,271.6,272.6,0,0,1755
1174153,142,13,2290,294.91,294.91,0,0,2213
1009120,20,13,1727,430.71,430.71,0,0,784
1455093,35,13,1727,447.23,446.23,0,0,177
1474813,42,13,1727,446.23,446.23,0,0,944
1320124,51,13,1727,445.23,445.23,0,0,716
1328649,68,13,1727,446.23,446.23,0,0,1094
1126207,69,13,1727,446.23,446.23,0,0,783
1068697,70,13,1727,445.23,446.23,0,0,892
1449541,80,13,1727,447.23,446.23,0,0,865
1428800,87,13,1727,445.26,444.26,0,0,755
1181371,103,13,1727,445.23,446.23,0,0,528
1405118,110,13,1727,446.23,445.23,0,0,959
1047501,120,13,1727,466.63,464.63,0,0,621
1020299,121,13,1727,465.63,466.63,0,0,649
1476399,126,13,1727,461.75,460.75,0,0,809
1453020,130,13,1727,465.63,465.63,0,0,971
1498920,139,13,1727,465.63,466.63,0,0,771
1237742,142,13,1727,465.63,466.63,0,0,649
1351511,20,13,1109,206.67,287.18,0,0,2078
1061203,35,13,1109,267.78,267.78,0,0,528
1110923,42,13,1109,310.43,311.43,0,0,851
1205328,51,13,1109,303.61,304.61,0,0,1214
1096973,68,13,1109,316.22,318.22,0,0,1592
1350389,69,13,1109,291.03,291.03,0,0,1797
1336336,70,13,1109,267.75,267.75,0,0,1957
1027762,80,13,1109,298.82,297.82,0,0,1931
1097927,87,13,1109,266.81,311.43,0,0,1620
1484320,103,13,1109,267.72,267.72,0,0,1052
1419326,110,13,1109,245.47,309.46,0,0,1525
1221864,120,13,1109,267.72,309.49,1,1,3335
1429897,121,13,1109,319.13,319.13,0,0,1513
1089606,122,13,1109,249.29,321.13,0,0,1403
1009557,126,13,1109,260.93,321.13,0,0,1553
1122644,130,13,1109,225.07,289.09,1,1,5373
1382799,139,13,1109,284.21,285.21,0,0,1782
1293587,142,13,1109,292.94,294.94,0,0,1552
1066240,24,83,2664,326.89,328.89,0,0,472
1312468,28,83,2664,324.04,322.04,0,0,500
1358366,37,83,2664,246.38,326.89,1,0,851
1222262,49,83,2664,326.89,328.89,0,0,512
1278562,58,83,2664,326.89,328.89,0,0,663
1049343,59,83,2664,327.89,327.89,0,0,526
1165640,60,83,2664,326.89,327.89,0,0,527
1217789,64,83,2664,327.89,326.89,0,0,486
1362114,65,83,2664,316.22,317.22,0,0,472
1444942,67,83,2664,326.89,327.89,0,0,716
1414907,73,83,2664,328.89,328.89,0,0,715
1108745,78,83,2664,312.37,311.37,0,0,365
1475941,85,83,2664,311.43,311.43,0,0,594
1164770,108,83,2664,310.43,309.43,0,0,553
1301477,124,83,2664,311.43,311.43,0,0,311
1084432,133,83,2664,338.53,339.53,0,0,244
1497804,136,83,2664,339.53,339.53,0,0,352
1178665,138,83,2664,314.34,312.34,0,0,351
1390666,141,83,2664,323.07,323.07,0,0,203
1457350,24,83,2569,328.89,327.89,0,0,352
1126779,28,83,2569,324.98,325.98,0,0,418
1176872,37,83,2569,242.5,327.89,1,0,769
1078712,49,83,2569,326.89,328.89,0,0,405
1233153,58,83,2569,326.89,326.89,0,0,447
1238804,59,83,2569,328.89,328.89,0,0,622
1277724,60,83,2569,326.89,326.89,0,0,432
1353776,64,83,2569,326.89,328.89,0,0,418
1448799,65,83,2569,326.89,327.89,0,0,419
1392641,67,83,2569,327.89,327.89,0,0,460
1012632,73,83,2569,327.89,328.89,0,0,620
1322836,78,83,2569,312.34,313.34,0,0,229
1155172,85,83,2569,310.43,310.43,0,0,526
1249623,108,83,2569,309.43,311.43,0,0,391
1436802,123,83,2569,309.43,311.43,0,0,256
1397882,124,83,2569,297.82,297.82,0,0,325
1031427,133,83,2569,338.53,338.53,0,0,445
1054956,136,83,2569,340.53,338.53,0,0,364
1078319,138,83,2569,340.53,338.53,0,0,283
1493107,141,83,2569,322.07,321.07,0,0,337
1208999,25,13,2490,254.2,253.2,0,0,350
1452831,33,13,2490,249.32,248.32,0,0,782
1287839,38,13,2490,254.2,254.2,0,0,431
1095223,50,13,2490,249.35,249.35,0,0,701
1323670,62,13,2490,254.2,254.2,0,0,555
1419355,71,13,2490,240.56,241.56,0,0,432
1409380,74,13,2490,253.2,253.2,0,0,122
1087137,88,13,2490,194.06,330.83,0,0,1039
1460490,103,13,2490,281.36,281.36,0,0,474
1439693,110,13,2490,258.02,258.02,0,0,675
1296091,118,13,2490,181.39,281.33,1,0,1716
1068726,120,13,2490,290.03,290.03,0,0,364
1433283,122,13,2490,291.03,292.03,0,0,258
1191206,130,13,2490,291.03,291.03,0,0,540
1171258,134,13,2490,288.15,286.15,0,0,499
1112133,139,13,2490,282.3,282.3,0,0,446
1444866,142,13,2490,284.21,285.21,0,0,445
1143136,143,13,2490,285.21,286.21,0,0,351
1349716,25,109,2139,297.82,298.82,0,0,14
1242224,50,109,2139,296.82,298.82,0,0,28
1467203,74,109,2139,291.03,292.03,0,0,15
1156500,88,109,2139,309.49,308.49,0,0,27
1417627,103,109,2139,307.49,308.49,0,0,13
1297393,110,109,2139,293.97,293.97,0,0,28
1152582,118,109,2139,308.49,308.49,0,0,15
1067436,120,109,2139,308.49,309.49,0,0,41
1426955,122,109,2139,291.03,292.03,0,0,13
1463105,130,109,2139,321.13,320.13,0,0,13
1156644,134,109,2139,320.13,321.13,0,0,28
1456423,139,109,2139,283.27,282.27,0,0,28
1029636,142,109,2139,290.03,291.03,0,0,80
1334160,143,109,2139,290.03,290.03,0,0,54
1258856,25,109,2306,244.5,338.53,1,1,81
1312146,33,109,2306,244.5,338.53,0,1,82
1166805,40,109,2306,244.5,340.53,0,0,69
1230011,50,109,2306,340.53,339.53,0,0,41
1494303,62,109,2306,339.53,340.53,0,0,15
1140337,88,109,2306,257.05,348.26,0,1,96
1317846,90,109,2306,347.26,349.26,0,1,15
1290146,118,109,2306,336.62,337.62,0,0,28
1298557,127,109,2306,312.34,312.34,0,0,14
1370365,25,109,2126,485.03,534.53,0,1,13
1059642,33,109,2126,434.59,532.53,0,1,40
1227868,40,109,2126,485.03,484.03,0,0,55
1494880,41,109,2126,486.03,484.03,0,0,54
1455964,50,109,2126,533.53,534.53,0,1,40
1346395,62,109,2126,436.53,534.53,1,1,41
1425373,88,109,2126,435.53,532.53,1,1,95
1452458,90,109,2126,450.11,534.53,0,0,96
1216063,109,109,2126,532.53,534.53,0,0,40
1260750,118,109,2126,532.53,534.53,0,0,41
1389179,127,109,2126,426.8,428.8,0,0,81
1125412,134,109,2126,426.8,428.8,0,0,13
1073681,143,109,2126,509.31,508.31,0,0,55
1122053,26,11,2490,252.2,254.2,0,0,528
1428440,36,11,2490,252.2,252.2,0,0,661
1208678,45,11,2490,254.2,252.2,0,0,661
1223020,48,11,2490,194.03,252.2,1,1,1512
1002809,49,11,2490,193.03,252.2,0,0,1621
1192464,54,11,2490,227.95,229.95,0,0,487
1364519,55,11,2490,252.2,254.2,0,0,350
1084612,56,11,2490,252.2,254.2,0,0,593
1151261,57,11,2490,252.2,254.2,0,0,231
1037083,58,11,2490,252.2,252.2,0,0,553
1409964,63,11,2490,252.2,252.2,0,0,285
1001419,72,11,2490,254.2,253.2,0,0,635
1282348,77,11,2490,148.47,254.2,0,1,3714
1019569,81,11,2490,214.4,253.2,0,0,798
1387396,83,11,2490,329.83,328.83,0,0,271
1481840,131,11,2490,292.03,292.03,0,0,432
1203561,133,11,2490,292.03,290.03,0,0,297
1274749,136,11,2490,283.24,283.24,0,0,553
1233133,137,11,2490,291.03,290.03,0,0,352
1372180,141,11,2490,286.15,287.15,0,0,379
1467222,144,11,2490,290.03,291.03,0,0,366
1019037,27,11,1885,121.25,122.25,0,0,809
1153284,30,11,1885,122.28,121.28,0,0,1000
1219675,34,11,1885,122.25,123.25,0,0,906
1371898,43,11,1885,141.62,141.62,0,0,1026
1399187,44,11,1885,140.65,141.65,0,0,1052
1279697,46,11,1885,146.53,146.53,0,0,1607
1468159,48,11,1885,120.28,142.59,0,1,1485
1439172,49,11,1885,122.25,143.59,0,0,1486
1493833,56,11,1885,122.28,143.59,0,1,1552
1113256,82,11,1885,144.53,145.53,0,0,2012
1487154,84,11,1885,144.56,144.56,0,0,1567
1023792,106,11,1885,147.44,148.44,0,0,1660
1295632,112,11,1885,148.41,148.41,0,0,620
1001880,27,11,1993,122.28,122.28,0,0,823
1250172,30,11,1993,120.28,122.28,0,0,593
1334135,34,11,1993,121.28,120.28,0,0,770
1388528,43,11,1993,145.53,145.53,0,0,728
1445174,44,11,1993,143.62,142.62,0,0,688
1336848,46,11,1993,146.53,146.53,0,0,811
1074528,48,11,1993,120.28,146.53,0,0,919
1371745,49,11,1993,119.31,145.53,0,0,838
1079993,56,11,1993,122.28,146.53,0,0,863
1051630,82,11,1993,145.53,146.53,0,0,690
1359638,84,11,1993,146.53,145.53,0,0,836
1040315,106,11,1993,143.59,143.59,0,0,663
1020692,112,11,1993,148.44,149.44,0,0,298
1372453,128,11,1993,149.41,149.41,0,0,1054
1468379,144,11,1993,151.38,150.38,0,0,971
1304129,27,11,2539,120.28,120.28,0,0,325
1279350,30,11,2539,122.25,123.25,0,0,190
1014815,34,11,2539,121.28,122.28,0,0,391
1358544,43,11,2539,143.62,143.62,0,0,743
1319014,44,11,2539,142.62,141.62,0,0,648
1120062,46,11,2539,142.59,142.59,0,0,648
1355745,48,11,2539,123.25,142.65,0,1,865
1444314,49,11,2539,122.25,142.65,0,0,676
1079024,53,11,2539,120.28,140.65,1,1,1417
1421942,56,11,2539,122.28,141.65,0,1,1133
1441025,82,11,2539,144.53,145.53,0,0,796
1229434,84,11,2539,146.53,145.53,0,0,675
1037686,106,11,2539,148.44,149.44,0,0,580
1113747,112,11,2539,149.38,150.38,0,0,161
1132043,128,11,2539,149.41,148.41,0,0,379
1416764,144,11,2539,151.38,150.38,0,0,352
1155169,27,11,2139,296.82,435.53,0,1,55
1186976,30,11,2139,293,436.53,0,0,28
1198655,34,11,2139,298.82,298.82,0,0,42
1409747,43,11,2139,297.82,297.82,0,0,40
1351432,46,11,2139,298.82,296.82,0,0,14
1174531,49,11,2139,298.82,298.82,0,0,28
1189189,53,11,2139,297.82,296.82,0,0,42
1391745,56,11,2139,296.82,296.82,0,0,41
1479314,82,11,2139,309.49,308.49,0,0,69
1119366,84,11,2139,303.64,302.64,0,0,94
1441721,106,11,2139,290.03,292.03,0,0,54
1063970,112,11,2139,307.49,309.49,0,0,15
1421604,128,11,2139,291.03,290.03,0,0,54
1494916,144,11,2139,283.3,283.3,0,0,94
1130415,27,11,2631,155.26,251.23,0,0,67
1320747,30,11,2631,153.26,154.26,0,0,55
1036628,34,11,2631,150.41,148.41,0,0,80
1085700,43,11,2631,150.38,150.38,0,0,121
1104229,46,11,2631,153.26,153.26,0,0,26
1420285,48,11,2631,155.26,153.26,0,0,161
1020407,49,11,2631,153.32,152.32,0,0,123
1152008,53,11,2631,153.26,154.26,0,0,122
1389292,56,11,2631,154.26,155.26,0,0,121
1216049,82,11,2631,153.32,151.32,0,0,134
1187871,84,11,2631,148.44,147.44,0,0,67
1304984,106,11,2631,143.56,143.56,0,0,81
1425247,112,11,2631,153.26,153.26,0,0,123
1466062,128,11,2631,164.93,164.93,0,0,53
1366904,144,11,2631,165.93,163.93,0,0,53
1352355,27,11,1248,153.26,253.23,0,0,80
1457610,30,11,1248,151.35,150.35,0,0,134
1193759,34,11,1248,154.26,154.26,0,0,123
1124783,43,11,1248,155.26,154.26,0,0,109
1341672,46,11,1248,153.26,153.26,0,0,109
1397797,48,11,1248,154.26,155.26,0,0,108
1491092,49,11,1248,153.26,154.26,0,0,121
1269203,53,11,1248,152.32,153.32,0,0,190
1280548,56,11,1248,153.26,155.26,0,0,80
1390847,82,11,1248,151.35,152.35,0,0,163
1364722,84,11,1248,152.32,152.32,0,0,121
1193803,106,11,1248,142.59,143.59,0,0,96
1220042,112,11,1248,155.26,153.26,0,0,68
1474189,128,11,1248,163.93,164.93,0,0,69
1303106,141,11,1248,163.93,164.93,0,0,82
1094250,144,11,1248,164.93,165.93,0,0,54
1428002,28,83,2490,243.5,244.5,0,0,244
1243133,37,83,2490,243.5,242.5,0,0,256
1294458,49,83,2490,197.94,244.5,1,0,311
1189733,58,83,2490,243.5,244.5,0,0,419
1381512,59,83,2490,243.5,243.5,0,0,270
1383972,60,83,2490,244.5,244.5,0,0,405
1472865,64,83,2490,242.5,244.5,0,0,323
1323922,65,83,2490,171.72,243.5,1,0,1688
1276556,67,83,2490,242.5,242.5,0,0,378
1161471,73,83,2490,242.5,243.5,0,0,284
1166751,78,83,2490,147.44,243.5,0,1,1229
1467818,85,83,2490,242.5,244.5,0,0,377
1286198,108,83,2490,237.65,237.65,0,0,324
1229295,123,83,2490,292.03,292.03,0,0,136
1248116,124,83,2490,277.48,277.48,0,0,269
1400645,133,83,2490,291.03,292.03,0,0,270
1294783,136,83,2490,290.03,292.03,0,0,215
1360405,138,83,2490,292.03,290.03,0,0,202
1438028,141,83,2490,282.27,290.03,0,1,324
1452913,29,32,2704,243.53,292.03,1,0,149
1471151,51,32,2704,291.03,292.03,0,0,190
1022922,64,32,2704,243.53,290.03,1,0,202
1226736,69,32,2704,290.03,291.03,0,0,177
1304212,70,32,2704,290.03,292.03,0,0,81
1277583,85,32,2704,243.5,290.03,0,0,161
1496870,87,32,2704,243.5,290.03,1,0,161
1350873,103,32,2704,282.27,284.27,0,0,150
1494404,110,32,2704,249.29,250.29,0,0,177
1466804,117,32,2704,292.03,292.03,0,0,81
1107193,120,32,2704,290.03,292.03,0,0,80
1490701,121,32,2704,241.53,290.03,0,0,94
1068551,123,32,2704,231.83,290.03,0,1,269
1049454,130,32,2704,321.13,320.13,0,0,41
1183558,139,32,2704,266.78,319.13,0,1,162
