train.csv
id,week,center_id,meal_id,checkout_price,base_price,emailer_for_promotion,homepage_featured,num_orders
1060188,29,32,2492,291.03,445.23,0,0,163
1251317,51,32,2492,445.23,445.23,0,0,26
1297607,64,32,2492,292.03,446.23,1,0,175
1105762,69,32,2492,446.23,447.23,0,0,80
1461260,70,32,2492,447.23,445.23,0,0,80
1209875,85,32,2492,446.23,447.23,0,0,53
1245191,87,32,2492,446.23,446.23,0,0,40
1027442,103,32,2492,445.23,446.23,0,0,28
1467876,110,32,2492,447.23,447.23,0,0,55
1382146,117,32,2492,447.23,447.23,0,0,13
1413735,120,32,2492,357.96,446.23,1,1,80
1182988,121,32,2492,339.5,447.23,0,1,109
1492746,123,32,2492,340.5,447.23,0,0,53
1125453,139,32,2492,446.23,445.23,0,0,42
1334051,29,32,1543,505.43,503.43,0,0,54
1473885,42,32,1543,422.01,420.01,0,0,96
1135673,51,32,1543,465.63,466.63,0,1,40
1474938,64,32,1543,563.63,561.63,0,0,27
1407846,69,32,1543,563.63,561.63,0,0,41
1081860,70,32,1543,562.63,563.63,0,0,40
1251938,85,32,1543,388.03,562.63,0,0,122
1028649,87,32,1543,561.63,563.63,0,0,26
1037878,103,32,1543,474.39,474.39,0,0,13
1460366,110,32,1543,473.39,474.39,0,0,108
1359184,117,32,1543,388.03,472.39,0,0,162
1274264,120,32,1543,387.03,474.39,0,1,134
1265652,121,32,1543,470.51,472.39,0,1,54
1037307,123,32,1543,468.51,474.39,0,1,121
1491725,130,32,1543,468.51,468.51,0,0,162
1117639,139,32,1543,396.79,482.09,0,1,163
1381353,29,32,2304,504.43,504.43,0,0,109
1315003,42,32,2304,446.23,447.23,0,0,53
1473867,51,32,2304,464.63,465.63,0,0,42
1353901,69,32,2304,561.63,563.63,0,0,27
1324404,70,32,2304,562.63,563.63,0,0,26
1411757,85,32,2304,387.03,563.63,0,0,28
1077739,87,32,2304,561.63,563.63,0,0,26
1271558,103,32,2304,472.39,474.39,0,0,40
1423794,110,32,2304,473.39,473.39,0,0,53
1444695,117,32,2304,387.03,472.39,0,0,54
1384540,120,32,2304,389.03,473.39,0,0,80
1347330,121,32,2304,470.51,469.51,0,0,54
1376760,123,32,2304,468.51,470.51,0,0,40
1110515,130,32,2304,469.51,468.51,0,0,41
1067156,139,32,2304,388.03,483.09,0,1,67
1230228,29,32,2664,327.89,327.89,0,0,323
1432559,42,32,2664,328.89,326.89,0,0,284
1338867,51,32,2664,327.89,328.89,0,0,229
1380634,68,32,2664,327.89,327.89,0,0,324
1437061,69,32,2664,327.89,327.89,0,0,473
1364268,70,32,2664,310.46,308.46,0,0,162
1325092,80,32,2664,310.43,311.43,0,0,134
1236807,85,32,2664,311.43,311.43,0,0,310
1292045,87,32,2664,303.67,301.67,0,0,526
1095909,103,32,2664,282.3,282.3,0,0,405
1417887,110,32,2664,283.3,283.3,0,0,540
1246136,117,32,2664,216.34,282.3,0,1,865
1184446,120,32,2664,283.3,282.3,0,0,512
1078081,121,32,2664,282.3,282.3,0,0,541
1451486,130,32,2664,340.53,339.53,0,0,312
1371591,139,32,2664,338.53,338.53,0,0,406
1255389,29,32,2569,328.89,328.89,0,0,323
1113728,35,32,2569,327.89,327.89,0,0,284
1357560,42,32,2569,328.89,328.89,0,0,447
1417675,51,32,2569,326.89,326.89,0,0,163
1109980,68,32,2569,328.89,326.89,0,0,364
1098874,69,32,2569,326.89,326.89,0,0,607
1342839,70,32,2569,315.25,316.25,0,0,296
1018283,80,32,2569,299.76,300.76,0,0,188
1357562,85,32,2569,309.43,309.43,0,0,418
1111527,87,32,2569,311.43,311.43,0,0,406
1287299,103,32,2569,281.3,282.3,0,0,324
1118781,110,32,2569,283.3,282.3,0,0,392
1353540,117,32,2569,281.3,282.3,0,1,635
1349651,120,32,2569,282.3,283.3,0,0,582
1141110,121,32,2569,279.36,281.36,0,0,595
1015163,130,32,2569,338.53,339.53,0,0,405
1045350,139,32,2569,339.53,339.53,0,0,377
1412556,29,32,2490,242.5,244.5,0,0,215
1371695,35,32,2490,242.5,244.5,0,0,283
1035154,42,32,2490,244.5,243.5,1,1,755
1470319,51,32,2490,244.5,243.5,0,0,161
1095167,68,32,2490,243.5,244.5,0,0,202
1436398,69,32,2490,243.5,242.5,0,0,136
1331568,70,32,2490,243.5,242.5,0,0,230
1317682,80,32,2490,227.04,225.04,0,0,284
1365178,85,32,2490,244.5,242.5,0,0,134
1011201,87,32,2490,243.5,244.5,0,0,204
1120505,103,32,2490,243.5,244.5,0,0,107
1463083,110,32,2490,242.5,243.5,0,0,148
1131578,117,32,2490,191.09,255.14,1,0,324
1017138,120,32,2490,256.14,254.14,0,0,175
1120162,121,32,2490,255.14,254.14,0,0,123
1041933,130,32,2490,239.59,239.59,0,0,229
1262262,139,32,2490,279.36,281.36,0,0,204
1010617,29,13,1885,120.34,163.96,0,0,1512
1022427,35,13,1885,144.53,162.96,0,1,2349
1168011,42,13,1885,145.56,162.96,0,1,2364
1476792,51,13,1885,122.28,141.65,0,1,2808
1236692,68,13,1885,144.56,141.62,0,1,2067
1069987,69,13,1885,144.59,142.62,0,1,3012
1393261,70,13,1885,142.62,141.62,0,1,3266
1223566,80,13,1885,145.56,146.53,0,1,2011
1225212,85,13,1885,143.59,144.53,0,1,3267
1297363,87,13,1885,142.59,142.59,0,0,2335
1076337,103,13,1885,150.41,148.41,0,0,2512
1427379,110,13,1885,145.5,148.47,0,1,2983
1190290,117,13,1885,149.41,148.41,0,0,2294
1457156,120,13,1885,151.38,150.38,0,0,2321
1249658,121,13,1885,150.38,150.38,0,0,2335
1330269,130,13,1885,150.38,150.38,0,1,2835
1453676,139,13,1885,151.38,149.38,0,1,2321
1449621,29,13,1993,122.28,162.96,0,0,1620
1306686,35,13,1993,145.53,162.96,0,1,2605
1418748,42,13,1993,144.59,164.96,0,1,2240
1098220,51,13,1993,120.28,143.56,0,1,2456
1106574,68,13,1993,145.56,141.62,0,1,1620
1086523,69,13,1993,145.56,141.62,0,1,2348
1205513,70,13,1993,144.56,143.62,0,1,2511
1366124,80,13,1993,147.5,146.53,0,1,1701
1262555,85,13,1993,144.59,144.53,0,1,1716
1388099,87,13,1993,144.56,145.53,0,1,2133
1286659,103,13,1993,149.41,149.41,0,0,1999
1146900,110,13,1993,149.44,147.47,0,1,2512
1084888,117,13,1993,149.38,149.38,0,0,1430
1140476,120,13,1993,151.38,150.38,0,0,1458
1321240,121,13,1993,149.38,149.38,0,0,1540
1291921,130,13,1993,150.41,150.38,0,1,1675
1354373,139,13,1993,150.38,150.38,0,1,1972
1088276,30,24,2664,334.71,333.71,0,0,257
1196832,34,24,2664,332.71,334.71,0,0,459
1378335,43,24,2664,328.83,330.83,0,0,568
1250580,44,24,2664,332.71,332.71,0,0,540
1102126,46,24,2664,323.98,324.98,0,0,148
1293960,48,24,2664,334.71,333.71,0,0,730
1207144,49,24,2664,332.71,334.71,0,0,352
1251070,56,24,2664,262.9,332.71,1,0,1579
1478757,82,24,2664,217.31,326.95,1,0,1162
1379909,84,24,2664,311.43,309.43,0,0,798
1440180,106,24,2664,302.64,302.64,0,0,702
1491154,112,24,2664,303.64,302.64,0,0,634
1236631,30,24,2569,332.71,334.71,0,0,271
1205001,34,24,2569,334.71,334.71,0,0,783
1356651,43,24,2569,325.01,324.01,0,0,539
1025749,44,24,2569,333.71,334.71,0,0,539
1365937,46,24,2569,329.86,329.86,0,0,135
1055346,48,24,2569,334.71,334.71,0,0,663
1011815,49,24,2569,334.71,332.71,0,0,350
1268537,56,24,2569,261.9,332.71,1,1,1391
1226277,82,24,2569,243.47,333.71,1,0,1431
1133442,84,24,2569,314.28,316.28,0,0,755
1270312,106,24,2569,303.64,302.64,0,0,568
1072365,112,24,2569,294.91,294.91,0,0,487
1300538,30,24,2490,254.2,254.2,0,0,432
1293876,34,24,2490,252.2,252.2,0,0,215
1447096,43,24,2490,235.74,234.74,0,0,310
1360559,44,24,2490,254.2,254.2,0,0,595
1023224,46,24,2490,254.2,253.2,0,0,283
1322627,48,24,2490,192.09,254.2,1,1,782
1241121,49,24,2490,196.94,254.2,0,0,717
1221426,56,24,2490,254.2,253.2,0,0,121
1055105,82,24,2490,215.4,254.2,0,0,324
1124311,84,24,2490,330.83,330.83,0,0,148
1243763,106,24,2490,281.36,281.36,0,0,242
1321702,112,24,2490,252.2,290.03,0,0,258
1477522,33,13,2569,361.81,362.81,0,0,378
1330742,38,13,2569,361.81,363.81,0,0,134
1408018,50,13,2569,363.81,362.81,0,0,474
1113665,62,13,2569,318.19,362.81,0,0,297
1189416,71,13,2569,349.26,347.26,0,0,337
1168281,74,13,2569,362.81,363.81,0,0,458
1120703,88,13,2569,315.28,352.17,0,0,188
1275230,103,13,2569,303.64,302.64,0,0,555
1051211,110,13,2569,298.79,299.79,0,0,851
1182926,118,13,2569,304.64,304.64,0,0,459
1375583,120,13,2569,304.64,302.64,0,0,593
1246516,122,13,2569,302.64,302.64,0,0,744
1159886,130,13,2569,302.64,303.64,0,0,418
1407966,134,13,2569,303.64,303.64,0,0,540
1361317,139,13,2569,321.1,320.1,0,0,446
1043144,142,13,2569,324.04,322.04,0,0,447
1490488,143,13,2569,339.56,337.56,0,0,473
1478785,34,24,1438,257.08,256.08,0,0,215
1077999,44,24,1438,218.28,218.28,0,0,202
1282960,49,24,1438,240.56,242.56,0,0,162
1053223,76,24,1438,231.83,232.83,0,0,108
1078702,79,24,1438,233.83,233.83,0,0,108
1254207,84,24,1438,213.43,214.43,0,0,163
1142603,106,24,1438,242.5,244.5,0,0,161
1236202,112,24,1438,244.5,244.5,0,0,28
1370994,125,24,1438,194,195,0,0,175
1241411,34,24,2494,257.08,257.08,0,0,95
1319540,44,24,2494,219.28,219.28,0,0,108
1310230,49,24,2494,240.56,242.56,0,0,96
1303213,76,24,2494,231.83,233.83,0,0,107
1477086,79,24,2494,232.83,231.83,0,0,148
1416167,84,24,2494,212.43,212.43,0,0,80
1350015,106,24,2494,244.44,246.44,0,0,161
1136266,112,24,2494,244.5,242.5,0,0,53
1049095,125,24,2494,194,195,0,0,161
1303427,34,24,1847,258.08,258.08,0,0,40
1195940,44,24,1847,217.28,217.28,0,0,28
1440010,49,24,1847,240.56,241.56,0,0,107
1315599,56,24,1847,241.56,242.56,0,0,54
1369973,76,24,1847,233.83,233.83,0,0,69
1322239,79,24,1847,231.83,233.83,0,0,80
1281192,84,24,1847,212.43,212.43,0,0,67
1146571,106,24,1847,243.5,243.5,0,0,81
1330442,112,24,1847,242.5,242.5,0,0,13
1163274,125,24,1847,196,194,0,0,136
1377686,34,24,1558,726.53,726.53,0,0,55
1045673,44,24,1558,680.03,678.03,0,0,69
1172460,49,24,1558,679.03,678.03,0,0,81
1164807,56,24,1558,679.03,680.03,0,0,68
1275417,76,24,1558,484.03,678.03,1,1,242
1171767,79,24,1558,462.69,680.03,1,0,135
1229740,84,24,1558,490.85,679.03,1,1,433
1295572,106,24,1558,678.03,679.03,0,0,123
1168856,112,24,1558,699.43,698.43,0,0,55
1232918,125,24,1558,640.23,641.23,0,0,40
1266700,34,24,2581,726.53,726.53,0,0,27
1405862,44,24,2581,678.03,678.03,0,0,216
1086101,49,24,2581,678.03,679.03,0,0,190
1361566,56,24,2581,678.03,678.03,0,0,189
1221094,76,24,2581,485.03,679.03,1,1,526
1191691,79,24,2581,475.36,680.03,1,1,553
1239577,84,24,2581,485.03,678.03,1,0,541
1247180,106,24,2581,680.03,679.03,0,0,122
1028791,112,24,2581,698.43,699.43,0,0,96
1392110,125,24,2581,641.23,640.23,0,0,121
1332389,34,24,1962,726.53,728.53,0,0,82
1060706,44,24,1962,678.03,680.03,0,0,175
1470939,49,24,1962,679.03,680.03,0,0,162
1259925,56,24,1962,678.03,679.03,0,0,188
1043006,84,24,1962,485.03,678.03,1,0,810
1101623,106,24,1962,678.03,680.03,0,0,190
1459280,112,24,1962,698.43,698.43,0,0,284
1135394,125,24,1962,639.23,641.23,0,0,311
1173908,34,24,1445,485.03,619.86,0,1,339
1364297,44,24,1445,620.86,620.86,0,0,109
1338575,49,24,1445,618.86,619.86,0,0,109
1344387,56,24,1445,620.86,619.86,0,0,96
1314428,84,24,1445,669.33,669.33,0,0,14
1473339,106,24,1445,454.93,668.33,0,1,391
1376784,112,24,1445,669.33,670.33,0,0,55
1132836,125,24,1445,687.73,688.73,0,0,40
1279980,34,24,2760,242.53,242.53,0,0,215
1332637,44,24,2760,241.53,243.53,0,0,121
1440678,46,24,2760,193.03,241.53,0,0,297
1096535,48,24,2760,195.97,242.53,0,0,298
1185313,49,24,2760,243.53,241.53,0,0,310
1305239,56,24,2760,218.25,220.25,0,0,257
1169599,82,24,2760,243.53,243.53,0,0,176
1219392,84,24,2760,214.43,243.53,0,1,526
1423218,106,24,2760,243.53,241.53,0,0,149
1385695,112,24,2760,242.53,242.53,0,0,177
1333498,125,24,2760,242.53,242.53,0,0,175
1499348,34,24,1543,389.03,484.03,0,0,202
1321716,43,24,1543,388,484.03,1,0,310
1373400,44,24,1543,389,484.03,1,0,311
1301268,46,24,1543,390,486.03,0,0,107
1477101,48,24,1543,484.03,485.03,0,0,150
1100046,49,24,1543,486.03,485.03,0,0,188
1474935,56,24,1543,389.03,486.03,0,0,216
1203659,82,24,1543,484.03,486.03,0,0,204
1375271,84,24,1543,388.03,484.03,0,0,243
1319317,106,24,1543,486.03,486.03,0,0,204
1435796,112,24,1543,474.39,473.39,0,0,242
1407794,34,24,2304,388.03,486.03,0,0,107
1473105,43,24,2304,388,486.03,1,0,177
1161510,44,24,2304,390,484.03,1,0,204
1313788,46,24,2304,400.67,485.03,0,0,121
1489813,48,24,2304,486.03,486.03,0,0,163
1139649,49,24,2304,486.03,484.03,0,0,122
1091691,56,24,2304,389.03,484.03,0,0,136
1380092,82,24,2304,486.03,485.03,0,0,148
1382741,84,24,2304,388.03,485.03,0,0,26
1106410,106,24,2304,486.03,485.03,0,0,177
1237704,112,24,2304,473.39,472.39,0,0,162
1100060,36,11,2664,321.13,321.13,0,0,689
1355812,45,11,2664,321.13,321.13,0,0,379
1170993,48,11,2664,319.13,320.13,0,0,621
1127698,49,11,2664,320.13,320.13,0,0,662
1488897,54,11,2664,319.13,319.13,0,0,405
1264270,55,11,2664,320.13,321.13,0,0,419
1195697,56,11,2664,263.84,320.13,1,0,959
1431969,57,11,2664,268.75,320.13,1,0,1095
1003792,58,11,2664,319.13,319.13,0,0,514
1092963,63,11,2664,283.3,320.13,0,0,431
1163215,72,11,2664,314.34,312.34,0,0,755
1221874,77,11,2664,319.13,320.13,0,0,432
1409953,81,11,2664,321.13,319.13,0,0,717
1455390,83,11,2664,305.58,304.58,0,0,879
1040119,131,11,2664,304.64,304.64,0,0,217
1047360,133,11,2664,302.64,303.64,0,0,377
1445118,136,11,2664,294.94,292.94,0,0,459
1284809,137,11,2664,303.64,304.64,0,0,512
1253880,141,11,2664,319.19,317.19,0,0,283
1087655,144,11,2664,236.74,306.52,1,1,933
1081054,36,11,2569,334.71,333.71,0,0,256
1004466,45,11,2569,333.71,334.71,0,0,242
1062262,48,11,2569,332.71,334.71,0,0,177
1094266,49,11,2569,334.71,334.71,0,0,217
1016099,54,11,2569,333.71,333.71,0,0,188
1124528,55,11,2569,332.71,333.71,0,0,256
1138280,56,11,2569,263.9,334.71,1,0,917
1340781,57,11,2569,261.93,333.71,1,0,1026
1446433,58,11,2569,332.71,333.71,0,0,256
1488020,63,11,2569,284.21,334.71,0,0,594
1237922,72,11,2569,324.04,324.04,0,0,405
1203047,77,11,2569,333.71,332.71,0,0,190
1101364,81,11,2569,332.71,332.71,0,0,339
1004604,83,11,2569,291.06,334.71,0,0,337
1071084,131,11,2569,302.64,304.64,0,0,298
1408138,133,11,2569,302.64,304.64,0,0,231
1305190,136,11,2569,227.01,274.54,0,0,231
1049000,137,11,2569,304.64,302.64,0,0,190
1162243,141,11,2569,322.04,322.04,0,0,149
1495879,144,11,2569,231.89,307.52,1,1,944
1227143,40,109,1558,434.59,679.03,0,1,366
1284176,41,109,1558,680.03,678.03,0,0,41
1137013,62,109,1558,443.35,678.03,1,0,204
1058415,88,109,1558,484.03,680.03,0,0,135
1272370,90,109,1558,484.03,679.03,0,0,123
1088245,109,109,1558,488.88,679.03,1,1,514
1075461,118,109,1558,698.43,698.43,0,0,54
1252086,127,109,1558,565.57,641.23,1,1,271
1068698,143,109,1558,548.08,547.08,0,0,95
1134175,40,109,2581,435.59,678.03,0,1,635
1043077,41,109,2581,657.66,658.66,0,0,163
1385536,62,109,2581,433.59,680.03,1,0,149
1165526,90,109,2581,486.03,680.03,0,0,188
1223980,109,109,2581,486.94,679.03,1,1,1041
1146129,118,109,2581,698.43,698.43,0,0,107
1467427,127,109,2581,559.69,641.23,1,1,297
1401717,143,109,2581,549.08,547.08,0,0,163
1310485,40,109,1962,440.44,678.03,0,1,674
1130140,41,109,1962,680.03,678.03,0,0,82
1173811,62,109,1962,434.59,680.03,1,1,67
1464353,90,109,1962,493.76,678.03,0,0,258
1063181,109,109,1962,490.82,679.03,1,1,1120
1489007,118,109,1962,697.43,697.43,0,0,123
1360653,127,109,1962,564.6,640.23,1,1,392
1285197,143,109,1962,547.08,547.08,0,0,188
1195631,40,52,2139,296.82,297.82,0,0,68
1240108,41,52,2139,298.82,298.82,0,0,13
1449004,62,52,2139,292.03,290.03,0,0,41
1081675,90,52,2139,303.64,304.64,0,0,162
1223701,99,52,2139,303.64,302.64,0,0,94
1476066,109,52,2139,305.58,305.58,0,0,135
1286745,127,52,2139,309.43,309.43,0,0,175
1068039,135,52,2139,308.46,308.46,0,0,40
1020746,40,52,2631,153.29,152.29,0,0,230
1415813,41,52,2631,153.26,155.26,0,0,150
1163247,62,52,2631,151.32,153.32,0,0,42
1371390,90,52,2631,150.35,151.35,0,0,229
1479015,99,52,2631,153.32,152.32,0,0,271
1288287,109,52,2631,153.29,154.29,0,0,244
1088867,127,52,2631,161.02,285.21,0,0,161
1442636,135,52,2631,98.03,159.08,0,0,366
1051140,40,52,1248,154.26,153.26,0,0,163
1223349,41,52,1248,155.26,153.26,0,0,188
1089704,62,52,1248,152.32,152.32,0,0,189
1358541,90,52,1248,153.26,155.26,0,0,55
1250959,99,52,1248,155.26,153.26,0,0,94
1454647,109,52,1248,152.32,152.32,0,0,202
1203703,127,52,1248,161.99,291.06,0,0,109
1185398,135,52,1248,98,163.99,0,0,230
1317431,43,24,1525,262.87,291.03,0,1,404
1211985,44,24,1525,263.87,291.03,0,1,406
1494533,46,24,1525,290.06,289.06,0,0,377
1074919,48,24,1525,291.03,290.03,0,0,229
1413331,49,24,1525,292.03,292.03,0,0,351
1221172,56,24,1525,243.53,291.03,0,1,783
1085049,82,24,1525,242.53,291.03,0,1,393
1152351,84,24,1525,292.03,290.03,0,0,419
1028297,106,24,1525,243.5,290.03,0,1,676
1078771,112,24,1525,242.5,290.03,0,0,608
1025797,43,24,2704,263.84,292.03,0,1,526
1185096,44,24,2704,264.87,292.03,0,1,594
1318174,46,24,2704,290.03,291.03,0,0,298
1040852,48,24,2704,292.03,290.03,0,0,351
1019860,49,24,2704,291.03,291.03,0,0,298
1350193,56,24,2704,243.47,291.03,0,1,419
1279965,82,24,2704,245.44,291.03,0,1,406
1207742,84,24,2704,292.03,292.03,0,0,242
1225514,106,24,2704,242.5,290.03,0,1,433
1048694,112,24,2704,243.53,290.03,0,0,474
1217576,44,24,2444,620.86,619.86,0,0,108
1388290,49,24,2444,619.86,618.86,0,0,95
1045998,56,24,2444,631.53,629.53,0,0,123
1268740,82,24,2444,670.33,668.33,0,0,67
1233175,84,24,2444,668.33,670.33,0,0,55
1113199,106,24,2444,455.93,670.33,0,1,609
1460165,112,24,2444,669.33,670.33,0,0,107
1147057,125,24,2444,689.73,688.73,0,0,41
1314652,44,24,2867,619.86,619.86,0,0,14
1033076,46,24,2867,619.86,620.86,0,0,42
1477375,48,24,2867,626.68,626.68,0,0,123
1311615,49,24,2867,619.86,619.86,0,0,41
1238997,56,24,2867,620.86,620.86,0,0,68
1200848,82,24,2867,669.33,669.33,0,0,42
1317591,84,24,2867,670.33,668.33,0,0,121
1288326,106,24,2867,455.93,669.33,0,1,431
1028203,112,24,2867,670.33,670.33,0,0,107
1131270,125,24,2867,688.73,689.73,0,0,82
1249608,62,52,1198,141.68,217.31,0,0,432
1490336,75,52,1198,148.44,175.63,0,0,703
1415001,89,52,1198,166.84,167.84,0,0,310
1015537,99,52,1198,182.42,180.42,0,0,405
1140579,102,52,1198,195.03,195.03,0,0,582
1458027,109,52,1198,192.09,193.09,0,0,404
1324249,132,52,1198,203.76,202.76,0,0,501
1121535,135,52,1198,169.75,217.34,0,0,513
1191002,62,52,1311,176.57,176.57,0,0,663
1191507,75,52,1311,181.45,179.45,0,0,648
1064153,89,52,1311,180.48,180.48,0,0,676
1055565,99,52,1311,168.81,167.81,0,0,742
1281336,102,52,1311,157.2,156.2,0,0,1108
1082378,109,52,1311,150.41,167.87,0,0,783
1486349,129,52,1311,155.2,184.36,0,0,648
1101788,132,52,1311,171.75,193.09,0,0,730
1075861,135,52,1311,162.96,188.24,0,0,702
1169905,62,52,1803,176.6,174.6,0,0,568
1475845,75,52,1803,156.17,190.18,0,0,690
1271006,89,52,1803,164.96,191.12,0,0,634
1105882,99,52,1803,160.05,162.05,0,0,823
1181232,102,52,1803,184.3,185.3,0,0,1054
1180833,109,52,1803,178.48,180.48,0,0,890
1313464,129,52,1803,170.75,221.22,0,0,485
1388965,132,52,1803,182.39,182.39,0,0,378
1365630,135,52,1803,199.88,198.88,0,0,487
