train.csv
id,week,center_id,meal_id,checkout_price,base_price,emailer_for_promotion,homepage_featured,num_orders
1018812,62,52,1438,243.53,242.53,0,0,67
1030492,75,52,1438,231.83,232.83,0,0,53
1490773,89,52,1438,213.43,213.43,0,0,68
1266278,99,52,1438,194,195,0,0,121
1424934,102,52,1438,194,195,0,0,216
1384405,109,52,1438,243.5,244.5,0,0,123
1344328,129,52,1438,195,195,0,0,136
1348964,132,52,1438,194,194,0,0,202
1165543,135,52,1438,194,196,0,0,163
1038801,62,52,2494,243.53,241.53,0,0,80
1252287,75,52,2494,233.83,231.83,0,0,95
1179210,89,52,2494,213.43,213.43,0,0,68
1062872,99,52,2494,196,195,0,0,188
1373210,102,52,2494,196,196,0,0,123
1269753,109,52,2494,244.5,243.5,0,0,148
1377579,129,52,2494,196,194,0,0,123
1392406,132,52,2494,196,196,0,0,204
1371366,135,52,2494,196,196,0,0,215
1074795,62,52,1847,241.53,243.53,0,0,15
1255280,75,52,1847,233.83,232.83,0,0,81
1130518,89,52,1847,213.43,213.43,0,0,26
1215269,99,52,1847,196,194,0,0,69
1440364,102,52,1847,196,195,0,0,96
1449775,109,52,1847,244.5,242.5,0,0,82
1176575,129,52,1847,194,194,0,0,68
1270930,132,52,1847,196,196,0,0,108
1029829,135,52,1847,196,195,0,0,82
1036087,62,52,1558,435.59,680.03,1,1,229
1245937,75,52,1558,484.03,678.03,1,1,595
1149692,89,52,1558,464.69,680.03,1,1,581
1047580,99,52,1558,533.5,679.03,1,0,257
1179646,102,52,1558,679.03,680.03,0,0,108
1264041,109,52,1558,486.03,680.03,1,1,959
1461346,129,52,1558,639.23,641.23,0,0,136
1385167,132,52,1558,639.23,639.23,0,0,136
1107354,135,52,1558,549.08,640.23,1,1,351
1491602,62,52,2581,433.59,680.03,1,1,284
1367870,75,52,2581,486.03,679.03,1,1,958
1081189,89,52,2581,465.6,680.03,1,1,987
1017833,99,52,2581,534.5,678.03,1,0,366
1355803,102,52,2581,679.03,678.03,0,0,177
1471697,109,52,2581,484.03,678.03,1,1,1242
1100855,129,52,2581,640.23,639.23,0,0,121
1454599,132,52,2581,639.23,639.23,0,0,188
1449466,135,52,2581,549.08,639.23,1,1,473
1182522,62,52,1962,434.59,678.03,1,1,365
1291735,75,52,1962,488.94,678.03,1,1,1027
1331862,89,52,1962,464.63,679.03,1,1,1242
1286043,102,52,1962,680.03,680.03,0,0,418
1128608,109,52,1962,485.03,679.03,1,1,1444
1295410,129,52,1962,640.23,639.23,0,0,296
1075318,132,52,1962,639.23,639.23,0,0,122
1378110,135,52,1962,548.08,639.23,1,1,944
1000296,62,52,1445,608.19,608.19,0,0,68
1319297,75,52,1445,611.13,611.13,0,0,53
1392812,89,52,1445,669.33,668.33,0,0,41
1285760,102,52,1445,670.33,669.33,0,0,96
1411941,109,52,1445,668.33,668.33,0,0,67
1382422,129,52,1445,688.73,687.73,0,0,108
1455256,132,52,1445,727.53,728.53,0,0,41
1485289,135,52,1445,486.03,728.53,0,0,14
1326172,62,52,2444,610.19,608.19,0,0,15
1043049,75,52,2444,610.13,611.13,0,0,81
1022108,89,52,2444,668.33,670.33,0,0,55
1433974,102,52,2444,669.33,669.33,0,0,96
1350412,109,52,2444,670.33,669.33,0,0,41
1118560,129,52,2444,660.63,658.63,0,0,55
1201758,132,52,2444,726.53,727.53,0,0,69
1195379,135,52,2444,648.02,727.53,0,0,42
1470981,62,52,2867,610.19,609.19,0,0,27
1165781,75,52,2867,612.13,611.13,0,0,80
1130636,89,52,2867,669.33,668.33,0,0,69
1025637,102,52,2867,669.33,669.33,0,0,67
1108824,109,52,2867,670.33,670.33,0,0,123
1153024,129,52,2867,717.83,716.83,0,0,40
1244708,132,52,2867,726.53,727.53,0,0,68
1427471,135,52,2867,699.37,699.37,0,0,123
1149090,62,52,2760,212.43,241.53,0,1,122
1097739,75,52,2760,242.53,243.53,0,0,215
1087530,89,52,2760,243.53,243.53,0,0,203
1134838,102,52,2760,222.13,224.13,0,0,393
1305546,109,52,2760,243.53,241.53,0,0,364
1481548,129,52,2760,195,241.53,0,1,728
1153252,132,52,2760,242.53,243.53,0,0,352
1175651,135,52,2760,241.53,243.53,0,0,284
1408315,62,52,1525,291.03,292.03,0,0,188
1054560,75,52,1525,244.47,290.03,0,0,554
1048078,89,52,1525,286.21,286.21,0,0,352
1376492,102,52,1525,292.03,290.03,0,0,311
1113923,109,52,1525,262.93,292.03,0,0,566
1477875,129,52,1525,319.13,320.13,0,0,474
1325973,132,52,1525,266.81,319.13,0,1,944
1077575,135,52,1525,320.13,321.13,0,0,420
1119510,62,52,2704,292.03,292.03,0,0,95
1229795,75,52,2704,244.5,291.03,0,0,351
1225883,89,52,2704,291.03,290.03,0,0,310
1054120,102,52,2704,290.03,291.03,0,0,459
1221068,109,52,2704,261.93,290.03,0,0,568
1050123,129,52,2704,319.13,319.13,0,0,242
1195847,132,52,2704,262.93,321.13,0,1,892
1078413,135,52,2704,321.13,320.13,0,0,242
1038987,62,52,1543,484.03,484.03,0,0,95
1127186,75,52,1543,387.03,484.03,0,0,190
1320152,89,52,1543,484.03,486.03,0,1,284
1289414,102,52,1543,485.03,486.03,0,0,82
1354709,109,52,1543,485.03,485.03,0,0,175
1001533,129,52,1543,469.51,469.51,0,0,203
1077267,132,52,1543,468.51,468.51,0,0,135
1060245,135,52,1543,484.03,485.03,0,0,161
1426266,62,52,2304,485.03,486.03,0,0,68
1491301,75,52,2304,389.03,485.03,0,0,216
1402325,89,52,2304,484.03,485.03,0,1,150
1042259,102,52,2304,485.03,486.03,0,0,40
1370499,109,52,2304,485.03,486.03,0,0,136
1400603,129,52,2304,469.51,468.51,0,0,123
1382273,132,52,2304,468.51,469.51,0,0,135
1495292,135,52,2304,486.03,485.03,0,0,176
1041820,62,52,2569,289.12,335.65,0,0,229
1295982,75,52,2569,335.65,335.65,0,0,458
1398671,89,52,2569,314.28,314.28,0,0,190
1452854,102,52,2569,309.46,308.46,0,0,744
1175820,109,52,2569,302.67,301.67,0,0,824
1121064,129,52,2569,304.64,304.64,0,0,433
1075003,132,52,2569,303.64,302.64,0,0,513
1106365,135,52,2569,294.94,294.94,0,0,447
1488385,62,52,2490,254.2,254.2,0,0,325
1080359,75,52,2490,252.2,253.2,0,0,555
1063081,89,52,2490,267.78,328.83,0,0,567
1489543,102,52,2490,281.36,280.36,0,0,472
1131699,109,52,2490,280.36,280.36,0,0,513
1293003,129,52,2490,281.33,282.33,0,0,393
1349659,132,52,2490,279.36,280.36,0,0,351
1049136,135,52,2490,291.03,291.03,0,0,391
1186085,62,93,1885,95.12,113.52,0,0,216
1163691,75,93,1885,122.28,122.28,0,0,352
1087791,89,93,1885,120.28,122.28,0,0,405
1065061,102,93,1885,119.37,119.37,0,0,987
1226357,109,93,1885,98.03,117.37,0,0,351
1096260,129,93,1885,119.37,119.37,0,0,418
1207967,132,93,1885,112.52,112.52,0,0,595
1157227,135,93,1885,105.76,104.76,0,0,431
1425798,62,93,1993,97.97,114.49,0,0,190
1476909,75,93,1993,121.31,121.31,0,0,231
1018420,89,93,1993,119.37,117.37,0,0,297
1393184,102,93,1993,116.46,114.46,0,0,365
1458260,109,93,1993,97.06,117.4,0,0,162
1070932,129,93,1993,121.28,122.28,0,0,258
1079239,132,93,1993,109.67,109.67,0,0,230
1067206,135,93,1993,102.82,108.67,0,1,80
1048450,62,93,2631,155.26,154.26,0,0,54
1096912,75,93,2631,148.47,148.47,0,0,121
1030177,89,93,2631,97.06,153.26,0,1,122
1495142,102,93,2631,92.21,149.41,0,0,95
1156186,109,93,2631,152.35,150.35,0,0,81
1186001,129,93,2631,149.38,149.38,0,0,55
1289592,132,93,2631,153.26,155.26,0,0,40
1478178,135,93,2631,99.94,153.26,0,0,136
1205838,62,93,1778,175.57,176.57,0,0,41
1490089,75,93,1778,181.42,182.42,0,0,177
1423851,89,93,1778,152.29,182.39,0,0,122
1494541,102,93,1778,154.29,164.9,1,0,163
1231016,109,93,1778,170.72,170.72,0,0,68
1087588,129,93,1778,180.48,179.48,0,0,94
1471805,132,93,1778,154.29,178.48,1,0,243
1065480,135,93,1778,159.08,180.48,0,0,150
1498038,62,93,1062,171.69,172.69,0,0,270
1177732,75,93,1062,179.45,181.45,0,0,256
1137793,89,93,1062,157.14,178.51,0,0,230
1259319,102,93,1062,156.2,158.11,1,0,258
1323733,109,93,1062,164.9,165.9,0,0,161
1142616,129,93,1062,175.57,175.57,0,0,216
1305999,132,93,1062,158.14,174.63,1,0,379
1399012,135,93,1062,159.14,157.14,0,0,257
1113517,62,93,2707,216.31,216.31,0,0,80
1462315,75,93,2707,189.18,220.19,0,0,136
1226094,89,93,2707,185.27,214.37,0,0,298
1067500,102,93,2707,184.36,168.84,1,0,338
1149631,109,93,2707,180.45,179.45,0,0,296
1188867,129,93,2707,185.3,186.3,0,0,258
1256804,132,93,2707,183.33,184.33,0,0,351
1498638,135,93,2707,189.18,189.18,0,0,203
1249296,64,83,1571,631.53,630.53,0,0,15
1469343,65,83,1571,631.53,629.53,0,0,15
1338468,81,83,1571,582.03,583.03,0,0,14
1486101,97,83,1571,581.03,581.03,0,0,81
1250058,124,83,1571,583.03,583.03,0,0,13
1023886,133,83,1571,436.53,629.53,0,0,13
1334477,136,83,1571,600.43,601.43,0,0,41
1085714,137,83,1571,629.53,629.53,0,0,54
1328480,141,83,1571,582.03,582.03,0,0,26
1185988,144,83,1571,582.03,581.03,0,0,94
1437534,64,83,2956,631.53,629.53,0,0,15
1180206,65,83,2956,631.53,629.53,0,0,13
1060889,81,83,2956,581.03,582.03,0,0,81
1461462,97,83,2956,582.03,582.03,0,0,135
1170982,124,83,2956,582.03,583.03,0,0,54
1346921,133,83,2956,547.14,631.53,0,0,40
1104322,136,83,2956,600.43,602.43,0,0,82
1317497,137,83,2956,616.98,614.98,0,0,28
1381922,138,83,2956,631.53,629.53,0,0,82
1451668,141,83,2956,583.03,583.03,0,0,67
1243707,144,83,2956,582.03,583.03,0,0,67
1061434,64,83,2104,630.53,629.53,0,0,27
1424929,65,83,2104,629.53,630.53,0,0,15
1083227,81,83,2104,583.03,582.03,0,0,42
1077675,97,83,2104,583.03,583.03,0,0,26
1326456,133,83,2104,561.69,631.53,0,0,55
1156147,136,83,2104,600.43,600.43,0,0,81
1227207,137,83,2104,631.53,631.53,0,0,28
1284686,138,83,2104,630.53,631.53,0,0,55
1075094,141,83,2104,582.03,581.03,0,0,15
1183721,144,83,2104,581.03,582.03,0,0,42
1368399,68,13,1571,629.53,629.53,0,0,80
1427989,69,13,1571,629.53,629.53,0,0,122
1372434,70,13,1571,631.53,629.53,0,0,123
1039114,80,13,1571,583.94,584.94,0,0,242
1049516,87,13,1571,582.03,583.03,0,0,202
1471034,103,13,1571,581.03,583.03,0,0,203
1202215,110,13,1571,583.03,581.03,0,0,243
1158728,120,13,1571,583.03,583.03,0,0,323
1182395,121,13,1571,582.03,581.03,0,0,323
1476329,122,13,1571,581.03,582.03,0,0,271
1027040,126,13,1571,626.68,626.68,0,0,135
1139271,130,13,1571,437.53,631.53,1,1,567
1373348,139,13,1571,485.03,630.53,0,0,487
1233750,142,13,1571,592.73,590.73,0,0,203
1211056,68,13,2956,630.53,629.53,0,0,149
1311722,69,13,2956,629.53,631.53,0,0,188
1159384,70,13,2956,630.53,631.53,0,0,162
1423176,80,13,2956,583.03,583.03,0,0,323
1301884,87,13,2956,583.03,581.03,0,0,203
1398708,103,13,2956,570.36,570.36,0,0,122
1262241,110,13,2956,583.03,582.03,0,0,339
1294947,120,13,2956,581.03,581.03,0,0,432
1300141,121,13,2956,582.03,581.03,0,0,311
1007415,122,13,2956,581.03,581.03,0,0,351
1266116,126,13,2956,626.68,624.68,0,0,270
1084064,130,13,2956,435.53,629.53,1,1,459
1098799,139,13,2956,486.03,629.53,0,0,879
1150415,142,13,2956,591.73,591.73,0,0,323
1290098,77,11,1571,581.03,583.03,0,0,150
1071214,82,11,1571,583.03,581.03,0,0,123
1176678,83,11,1571,582.03,582.03,0,0,162
1328284,84,11,1571,583.03,582.03,0,0,95
1219574,106,11,1571,581.03,581.03,0,0,108
1107507,112,11,1571,583.03,582.03,0,0,123
1093549,128,11,1571,631.53,631.53,0,0,82
1054408,131,11,1571,436.53,631.53,1,1,190
1480321,141,11,1571,569.39,570.39,0,0,68
1093343,144,11,1571,590.73,591.73,0,0,42
1080650,77,11,2956,583.03,583.03,0,0,204
1075667,82,11,2956,583.03,581.03,0,0,134
1208544,83,11,2956,583.03,582.03,0,0,162
1421549,84,11,2956,581.03,581.03,0,0,82
1478519,106,11,2956,582.03,581.03,0,0,67
1436996,112,11,2956,581.03,582.03,0,0,204
1160759,128,11,2956,631.53,631.53,0,0,27
1016794,131,11,2956,436.53,630.53,1,0,135
1445040,141,11,2956,590.73,591.73,0,0,40
1355711,144,11,2956,591.73,590.73,0,0,67
